
===========================================================================
report_checks -unconstrained
===========================================================================
======================= nom_tt_025C_1v80 Corner ===================================

Startpoint: rst_n (input port clocked by clk_10mhz)
Endpoint: _1590_ (recovery check against rising-edge clock clk_10mhz)
Path Group: asynchronous
Path Type: max

Fanout         Cap        Slew       Delay        Time   Description
---------------------------------------------------------------------------------------------
                                  0.000000    0.000000   clock clk_10mhz (rise edge)
                                  0.000000    0.000000   clock network delay (propagated)
                                 20.000000   20.000000 ^ input external delay
   105    0.433261    1.928687    1.332872   21.332872 ^ rst_n (in)
                                                         rst_n (net)
                      1.928784    0.000000   21.332872 ^ _0807_/A (sky130_fd_sc_hd__and2_2)
    54    0.237339    1.173139    1.191463   22.524336 ^ _0807_/X (sky130_fd_sc_hd__and2_2)
                                                         u_max30102_ctrl.rst_n (net)
                      1.173145    0.002332   22.526667 ^ _1590_/RESET_B (sky130_fd_sc_hd__dfrtp_2)
                                             22.526667   data arrival time

                                100.000000  100.000000   clock clk_10mhz (rise edge)
                                  0.000000  100.000000   clock source latency
   282    0.731448    3.250198    2.247539  102.247536 ^ clk_10mhz (in)
                                                         clk_10mhz (net)
                      3.250417    0.000000  102.247536 ^ _1590_/CLK (sky130_fd_sc_hd__dfrtp_2)
                                 -0.250000  101.997536   clock uncertainty
                                  0.000000  101.997536   clock reconvergence pessimism
                                  0.439765  102.437302   library recovery time
                                            102.437302   data required time
---------------------------------------------------------------------------------------------
                                            102.437302   data required time
                                            -22.526667   data arrival time
---------------------------------------------------------------------------------------------
                                             79.910637   slack (MET)


Startpoint: _1712_ (rising edge-triggered flip-flop clocked by clk_10mhz)
Endpoint: led_status[1] (output port clocked by clk_10mhz)
Path Group: clk_10mhz
Path Type: max

Fanout         Cap        Slew       Delay        Time   Description
---------------------------------------------------------------------------------------------
                                  0.000000    0.000000   clock clk_10mhz (rise edge)
                                  0.000000    0.000000   clock source latency
   282    0.731448    3.250198    2.246904    2.246904 ^ clk_10mhz (in)
                                                         clk_10mhz (net)
                      3.250405    0.000000    2.246904 ^ _1712_/CLK (sky130_fd_sc_hd__dfrtp_2)
    14    0.046349    0.132492    0.893753    3.140657 v _1712_/Q (sky130_fd_sc_hd__dfrtp_2)
                                                         u_fifo.wr_ptr[0] (net)
                      0.132492    0.000254    3.140911 v _0771_/A (sky130_fd_sc_hd__xor2_2)
     1    0.002049    0.056451    0.191513    3.332424 v _0771_/X (sky130_fd_sc_hd__xor2_2)
                                                         _0488_ (net)
                      0.056451    0.000005    3.332429 v _0774_/B (sky130_fd_sc_hd__or4_2)
     3    0.009373    0.124679    0.683941    4.016370 v _0774_/X (sky130_fd_sc_hd__or4_2)
                                                         _0491_ (net)
                      0.124679    0.000050    4.016421 v _0776_/A_N (sky130_fd_sc_hd__nand2b_2)
     4    0.044524    0.187769    0.332003    4.348423 v _0776_/Y (sky130_fd_sc_hd__nand2b_2)
                                                         led_status[1] (net)
                      0.187780    0.001193    4.349617 v led_status[1] (out)
                                              4.349617   data arrival time

                                100.000000  100.000000   clock clk_10mhz (rise edge)
                                  0.000000  100.000000   clock network delay (propagated)
                                 -0.250000   99.750000   clock uncertainty
                                  0.000000   99.750000   clock reconvergence pessimism
                                -20.000000   79.750000   output external delay
                                             79.750000   data required time
---------------------------------------------------------------------------------------------
                                             79.750000   data required time
                                             -4.349617   data arrival time
---------------------------------------------------------------------------------------------
                                             75.400383   slack (MET)




===========================================================================
report_checks --slack_max -0.01
============================================================================
======================= nom_tt_025C_1v80 Corner ===================================

No paths found.


===========================================================================
 report_check_types -max_slew -max_cap -max_fanout -violators
============================================================================
======================= nom_tt_025C_1v80 Corner ===================================

max slew

Pin                                        Limit        Slew       Slack
------------------------------------------------------------------------
_1545_/CLK                              0.750000    3.250485   -2.500485 (VIOLATED)
_1548_/CLK                              0.750000    3.250483   -2.500483 (VIOLATED)
_1549_/CLK                              0.750000    3.250484   -2.500484 (VIOLATED)
_1550_/CLK                              0.750000    3.250484   -2.500484 (VIOLATED)
_1551_/CLK                              0.750000    3.250483   -2.500484 (VIOLATED)
_1552_/CLK                              0.750000    3.250482   -2.500482 (VIOLATED)
_1553_/CLK                              0.750000    3.250482   -2.500483 (VIOLATED)
_1529_/CLK                              0.750000    3.250478   -2.500478 (VIOLATED)
_1554_/CLK                              0.750000    3.250480   -2.500480 (VIOLATED)
_1555_/CLK                              0.750000    3.250480   -2.500480 (VIOLATED)
_1535_/CLK                              0.750000    3.250477   -2.500477 (VIOLATED)
_1536_/CLK                              0.750000    3.250479   -2.500479 (VIOLATED)
_1546_/CLK                              0.750000    3.250476   -2.500476 (VIOLATED)
_1547_/CLK                              0.750000    3.250476   -2.500476 (VIOLATED)
_1581_/CLK                              0.750000    3.250476   -2.500475 (VIOLATED)
_1537_/CLK                              0.750000    3.250473   -2.500473 (VIOLATED)
_1538_/CLK                              0.750000    3.250471   -2.500471 (VIOLATED)
_1539_/CLK                              0.750000    3.250471   -2.500471 (VIOLATED)
_1540_/CLK                              0.750000    3.250471   -2.500471 (VIOLATED)
_1556_/CLK                              0.750000    3.250473   -2.500473 (VIOLATED)
_1557_/CLK                              0.750000    3.250472   -2.500472 (VIOLATED)
_1558_/CLK                              0.750000    3.250473   -2.500473 (VIOLATED)
_1559_/CLK                              0.750000    3.250474   -2.500474 (VIOLATED)
_1560_/CLK                              0.750000    3.250475   -2.500475 (VIOLATED)
_1541_/CLK                              0.750000    3.250469   -2.500469 (VIOLATED)
_1542_/CLK                              0.750000    3.250468   -2.500468 (VIOLATED)
_1543_/CLK                              0.750000    3.250470   -2.500470 (VIOLATED)
_1629_/CLK                              0.750000    3.250470   -2.500470 (VIOLATED)
_1685_/CLK                              0.750000    3.250469   -2.500469 (VIOLATED)
_1588_/CLK                              0.750000    3.250465   -2.500465 (VIOLATED)
_1634_/CLK                              0.750000    3.250466   -2.500467 (VIOLATED)
_1631_/CLK                              0.750000    3.250464   -2.500464 (VIOLATED)
_1647_/CLK                              0.750000    3.250465   -2.500465 (VIOLATED)
_1650_/CLK                              0.750000    3.250468   -2.500468 (VIOLATED)
_1683_/CLK                              0.750000    3.250461   -2.500461 (VIOLATED)
_1586_/CLK                              0.750000    3.250456   -2.500455 (VIOLATED)
_1524_/CLK                              0.750000    3.250453   -2.500453 (VIOLATED)
_1525_/CLK                              0.750000    3.250454   -2.500454 (VIOLATED)
_1526_/CLK                              0.750000    3.250453   -2.500453 (VIOLATED)
_1527_/CLK                              0.750000    3.250454   -2.500454 (VIOLATED)
_1528_/CLK                              0.750000    3.250454   -2.500454 (VIOLATED)
_1533_/CLK                              0.750000    3.250456   -2.500456 (VIOLATED)
_1534_/CLK                              0.750000    3.250456   -2.500456 (VIOLATED)
_1495_/CLK                              0.750000    3.250450   -2.500450 (VIOLATED)
_1517_/CLK                              0.750000    3.250450   -2.500450 (VIOLATED)
_1530_/CLK                              0.750000    3.250452   -2.500452 (VIOLATED)
_1531_/CLK                              0.750000    3.250452   -2.500452 (VIOLATED)
_1643_/CLK                              0.750000    3.250453   -2.500453 (VIOLATED)
_1520_/CLK                              0.750000    3.250448   -2.500448 (VIOLATED)
_1521_/CLK                              0.750000    3.250449   -2.500449 (VIOLATED)
_1522_/CLK                              0.750000    3.250450   -2.500450 (VIOLATED)
_1523_/CLK                              0.750000    3.250450   -2.500450 (VIOLATED)
_1532_/CLK                              0.750000    3.250450   -2.500450 (VIOLATED)
_1584_/CLK                              0.750000    3.250448   -2.500448 (VIOLATED)
_1593_/CLK                              0.750000    3.250448   -2.500448 (VIOLATED)
_1627_/CLK                              0.750000    3.250447   -2.500447 (VIOLATED)
_1737_/CLK                              0.750000    3.250448   -2.500448 (VIOLATED)
_1738_/CLK                              0.750000    3.250449   -2.500449 (VIOLATED)
_1592_/CLK                              0.750000    3.250445   -2.500445 (VIOLATED)
_1589_/CLK                              0.750000    3.250441   -2.500441 (VIOLATED)
_1594_/CLK                              0.750000    3.250443   -2.500443 (VIOLATED)
_1735_/CLK                              0.750000    3.250443   -2.500443 (VIOLATED)
_1587_/CLK                              0.750000    3.250435   -2.500436 (VIOLATED)
_1734_/CLK                              0.750000    3.250438   -2.500438 (VIOLATED)
_1591_/CLK                              0.750000    3.250434   -2.500434 (VIOLATED)
_1582_/CLK                              0.750000    3.250428   -2.500428 (VIOLATED)
_1583_/CLK                              0.750000    3.250427   -2.500427 (VIOLATED)
_1585_/CLK                              0.750000    3.250421   -2.500421 (VIOLATED)
_1590_/CLK                              0.750000    3.250417   -2.500418 (VIOLATED)
_1599_/CLK                              0.750000    3.250418   -2.500418 (VIOLATED)
_1601_/CLK                              0.750000    3.250420   -2.500420 (VIOLATED)
_1630_/CLK                              0.750000    3.250421   -2.500421 (VIOLATED)
_1633_/CLK                              0.750000    3.250419   -2.500420 (VIOLATED)
_1645_/CLK                              0.750000    3.250422   -2.500422 (VIOLATED)
_1646_/CLK                              0.750000    3.250421   -2.500421 (VIOLATED)
_1686_/CLK                              0.750000    3.250421   -2.500421 (VIOLATED)
_1632_/CLK                              0.750000    3.250414   -2.500414 (VIOLATED)
_1664_/CLK                              0.750000    3.250414   -2.500414 (VIOLATED)
_1688_/CLK                              0.750000    3.250416   -2.500416 (VIOLATED)
_1695_/CLK                              0.750000    3.250418   -2.500418 (VIOLATED)
_1600_/CLK                              0.750000    3.250414   -2.500415 (VIOLATED)
_1696_/CLK                              0.750000    3.250417   -2.500417 (VIOLATED)
_1595_/CLK                              0.750000    3.250411   -2.500411 (VIOLATED)
_1691_/CLK                              0.750000    3.250412   -2.500412 (VIOLATED)
_1713_/CLK                              0.750000    3.250408   -2.500408 (VIOLATED)
_1712_/CLK                              0.750000    3.250405   -2.500405 (VIOLATED)
_1714_/CLK                              0.750000    3.250388   -2.500387 (VIOLATED)
_1715_/CLK                              0.750000    3.250372   -2.500372 (VIOLATED)
_1496_/CLK                              0.750000    3.250363   -2.500363 (VIOLATED)
_1497_/CLK                              0.750000    3.250363   -2.500363 (VIOLATED)
_1501_/CLK                              0.750000    3.250362   -2.500362 (VIOLATED)
_1716_/CLK                              0.750000    3.250351   -2.500351 (VIOLATED)
_1711_/CLK                              0.750000    3.250336   -2.500335 (VIOLATED)
_1502_/CLK                              0.750000    3.250326   -2.500326 (VIOLATED)
_1503_/CLK                              0.750000    3.250319   -2.500319 (VIOLATED)
_1505_/CLK                              0.750000    3.250306   -2.500306 (VIOLATED)
_1504_/CLK                              0.750000    3.250288   -2.500288 (VIOLATED)
_1563_/CLK                              0.750000    3.250290   -2.500290 (VIOLATED)
_1597_/CLK                              0.750000    3.250290   -2.500290 (VIOLATED)
_1628_/CLK                              0.750000    3.250291   -2.500291 (VIOLATED)
_1644_/CLK                              0.750000    3.250291   -2.500291 (VIOLATED)
_1684_/CLK                              0.750000    3.250291   -2.500291 (VIOLATED)
_1612_/CLK                              0.750000    3.250288   -2.500288 (VIOLATED)
_1613_/CLK                              0.750000    3.250289   -2.500289 (VIOLATED)
_1652_/CLK                              0.750000    3.250290   -2.500290 (VIOLATED)
_1620_/CLK                              0.750000    3.250288   -2.500288 (VIOLATED)
_1621_/CLK                              0.750000    3.250289   -2.500289 (VIOLATED)
_1660_/CLK                              0.750000    3.250288   -2.500288 (VIOLATED)
_1661_/CLK                              0.750000    3.250290   -2.500290 (VIOLATED)
_1665_/CLK                              0.750000    3.250289   -2.500289 (VIOLATED)
_1668_/CLK                              0.750000    3.250290   -2.500290 (VIOLATED)
_1669_/CLK                              0.750000    3.250291   -2.500291 (VIOLATED)
_1692_/CLK                              0.750000    3.250290   -2.500290 (VIOLATED)
_1693_/CLK                              0.750000    3.250290   -2.500290 (VIOLATED)
_1506_/CLK                              0.750000    3.250285   -2.500285 (VIOLATED)
_1562_/CLK                              0.750000    3.250286   -2.500286 (VIOLATED)
_1602_/CLK                              0.750000    3.250285   -2.500285 (VIOLATED)
_1636_/CLK                              0.750000    3.250287   -2.500287 (VIOLATED)
_1637_/CLK                              0.750000    3.250287   -2.500287 (VIOLATED)
_1642_/CLK                              0.750000    3.250288   -2.500288 (VIOLATED)
_1654_/CLK                              0.750000    3.250288   -2.500288 (VIOLATED)
_1689_/CLK                              0.750000    3.250286   -2.500286 (VIOLATED)
_1690_/CLK                              0.750000    3.250287   -2.500287 (VIOLATED)
_1694_/CLK                              0.750000    3.250288   -2.500288 (VIOLATED)
_1698_/CLK                              0.750000    3.250288   -2.500288 (VIOLATED)
_1564_/CLK                              0.750000    3.250284   -2.500284 (VIOLATED)
_1641_/CLK                              0.750000    3.250282   -2.500282 (VIOLATED)
_1657_/CLK                              0.750000    3.250284   -2.500284 (VIOLATED)
_1681_/CLK                              0.750000    3.250283   -2.500283 (VIOLATED)
_1697_/CLK                              0.750000    3.250284   -2.500284 (VIOLATED)
_1728_/CLK                              0.750000    3.250284   -2.500284 (VIOLATED)
_1567_/CLK                              0.750000    3.250280   -2.500280 (VIOLATED)
_1731_/CLK                              0.750000    3.250282   -2.500282 (VIOLATED)
_1617_/CLK                              0.750000    3.250278   -2.500278 (VIOLATED)
_1606_/CLK                              0.750000    3.250274   -2.500274 (VIOLATED)
_1607_/CLK                              0.750000    3.250274   -2.500274 (VIOLATED)
_1615_/CLK                              0.750000    3.250274   -2.500274 (VIOLATED)
_1639_/CLK                              0.750000    3.250274   -2.500274 (VIOLATED)
_1678_/CLK                              0.750000    3.250272   -2.500272 (VIOLATED)
_1749_/CLK                              0.750000    3.250273   -2.500273 (VIOLATED)
_1561_/CLK                              0.750000    3.250264   -2.500264 (VIOLATED)
_1596_/CLK                              0.750000    3.250266   -2.500266 (VIOLATED)
_1747_/CLK                              0.750000    3.250269   -2.500268 (VIOLATED)
_1604_/CLK                              0.750000    3.250265   -2.500265 (VIOLATED)
_1614_/CLK                              0.750000    3.250264   -2.500264 (VIOLATED)
_1618_/CLK                              0.750000    3.250264   -2.500264 (VIOLATED)
_1622_/CLK                              0.750000    3.250264   -2.500264 (VIOLATED)
_1662_/CLK                              0.750000    3.250264   -2.500264 (VIOLATED)
_1666_/CLK                              0.750000    3.250264   -2.500264 (VIOLATED)
_1676_/CLK                              0.750000    3.250266   -2.500266 (VIOLATED)
_1700_/CLK                              0.750000    3.250266   -2.500266 (VIOLATED)
_1702_/CLK                              0.750000    3.250266   -2.500266 (VIOLATED)
_1708_/CLK                              0.750000    3.250266   -2.500266 (VIOLATED)
_1709_/CLK                              0.750000    3.250266   -2.500266 (VIOLATED)
_1710_/CLK                              0.750000    3.250266   -2.500266 (VIOLATED)
_1565_/CLK                              0.750000    3.250262   -2.500262 (VIOLATED)
_1568_/CLK                              0.750000    3.250263   -2.500264 (VIOLATED)
_1569_/CLK                              0.750000    3.250263   -2.500263 (VIOLATED)
_1717_/CLK                              0.750000    3.250264   -2.500264 (VIOLATED)
_1720_/CLK                              0.750000    3.250265   -2.500265 (VIOLATED)
_1726_/CLK                              0.750000    3.250265   -2.500265 (VIOLATED)
_1566_/CLK                              0.750000    3.250260   -2.500260 (VIOLATED)
_1570_/CLK                              0.750000    3.250262   -2.500262 (VIOLATED)
_1572_/CLK                              0.750000    3.250261   -2.500261 (VIOLATED)
_1575_/CLK                              0.750000    3.250262   -2.500261 (VIOLATED)
_1608_/CLK                              0.750000    3.250260   -2.500261 (VIOLATED)
_1609_/CLK                              0.750000    3.250261   -2.500261 (VIOLATED)
_1610_/CLK                              0.750000    3.250261   -2.500261 (VIOLATED)
_1635_/CLK                              0.750000    3.250262   -2.500263 (VIOLATED)
_1638_/CLK                              0.750000    3.250263   -2.500263 (VIOLATED)
_1616_/CLK                              0.750000    3.250260   -2.500260 (VIOLATED)
_1625_/CLK                              0.750000    3.250261   -2.500261 (VIOLATED)
_1671_/CLK                              0.750000    3.250262   -2.500261 (VIOLATED)
_1718_/CLK                              0.750000    3.250262   -2.500262 (VIOLATED)
_1723_/CLK                              0.750000    3.250262   -2.500262 (VIOLATED)
_1763_/CLK                              0.750000    3.250262   -2.500261 (VIOLATED)
_1764_/CLK                              0.750000    3.250262   -2.500262 (VIOLATED)
_1765_/CLK                              0.750000    3.250262   -2.500262 (VIOLATED)
_1766_/CLK                              0.750000    3.250262   -2.500263 (VIOLATED)
_1767_/CLK                              0.750000    3.250262   -2.500261 (VIOLATED)
_1768_/CLK                              0.750000    3.250262   -2.500262 (VIOLATED)
_1769_/CLK                              0.750000    3.250263   -2.500263 (VIOLATED)
_1770_/CLK                              0.750000    3.250263   -2.500263 (VIOLATED)
_1771_/CLK                              0.750000    3.250262   -2.500262 (VIOLATED)
_1623_/CLK                              0.750000    3.250258   -2.500258 (VIOLATED)
_1672_/CLK                              0.750000    3.250260   -2.500261 (VIOLATED)
_1673_/CLK                              0.750000    3.250261   -2.500261 (VIOLATED)
_1675_/CLK                              0.750000    3.250260   -2.500261 (VIOLATED)
_1624_/CLK                              0.750000    3.250258   -2.500258 (VIOLATED)
_1640_/CLK                              0.750000    3.250259   -2.500260 (VIOLATED)
_1648_/CLK                              0.750000    3.250260   -2.500260 (VIOLATED)
_1649_/CLK                              0.750000    3.250261   -2.500261 (VIOLATED)
_1679_/CLK                              0.750000    3.250260   -2.500260 (VIOLATED)
_1687_/CLK                              0.750000    3.250260   -2.500261 (VIOLATED)
_1707_/CLK                              0.750000    3.250262   -2.500262 (VIOLATED)
_1703_/CLK                              0.750000    3.250260   -2.500260 (VIOLATED)
_1775_/CLK                              0.750000    3.250259   -2.500260 (VIOLATED)
_1663_/CLK                              0.750000    3.250257   -2.500257 (VIOLATED)
_1706_/CLK                              0.750000    3.250259   -2.500259 (VIOLATED)
_1611_/CLK                              0.750000    3.250252   -2.500252 (VIOLATED)
_1670_/CLK                              0.750000    3.250253   -2.500253 (VIOLATED)
_1677_/CLK                              0.750000    3.250253   -2.500253 (VIOLATED)
_1705_/CLK                              0.750000    3.250256   -2.500256 (VIOLATED)
_1748_/CLK                              0.750000    3.250254   -2.500254 (VIOLATED)
_1755_/CLK                              0.750000    3.250256   -2.500256 (VIOLATED)
_1756_/CLK                              0.750000    3.250256   -2.500256 (VIOLATED)
_1757_/CLK                              0.750000    3.250258   -2.500258 (VIOLATED)
_1758_/CLK                              0.750000    3.250261   -2.500261 (VIOLATED)
_1759_/CLK                              0.750000    3.250259   -2.500260 (VIOLATED)
_1516_/CLK                              0.750000    3.250252   -2.500252 (VIOLATED)
_1518_/CLK                              0.750000    3.250252   -2.500252 (VIOLATED)
_1519_/CLK                              0.750000    3.250254   -2.500254 (VIOLATED)
_1544_/CLK                              0.750000    3.250252   -2.500252 (VIOLATED)
_1598_/CLK                              0.750000    3.250255   -2.500255 (VIOLATED)
_1760_/CLK                              0.750000    3.250257   -2.500257 (VIOLATED)
_1761_/CLK                              0.750000    3.250256   -2.500256 (VIOLATED)
_1498_/CLK                              0.750000    3.250247   -2.500248 (VIOLATED)
_1499_/CLK                              0.750000    3.250247   -2.500248 (VIOLATED)
_1500_/CLK                              0.750000    3.250245   -2.500245 (VIOLATED)
_1513_/CLK                              0.750000    3.250247   -2.500247 (VIOLATED)
_1514_/CLK                              0.750000    3.250249   -2.500249 (VIOLATED)
_1515_/CLK                              0.750000    3.250251   -2.500251 (VIOLATED)
_1603_/CLK                              0.750000    3.250248   -2.500248 (VIOLATED)
_1605_/CLK                              0.750000    3.250250   -2.500250 (VIOLATED)
_1659_/CLK                              0.750000    3.250250   -2.500250 (VIOLATED)
_1577_/CLK                              0.750000    3.250247   -2.500247 (VIOLATED)
_1578_/CLK                              0.750000    3.250247   -2.500247 (VIOLATED)
_1579_/CLK                              0.750000    3.250246   -2.500246 (VIOLATED)
_1580_/CLK                              0.750000    3.250248   -2.500248 (VIOLATED)
_1667_/CLK                              0.750000    3.250249   -2.500249 (VIOLATED)
_1699_/CLK                              0.750000    3.250247   -2.500247 (VIOLATED)
_1701_/CLK                              0.750000    3.250246   -2.500246 (VIOLATED)
_1733_/CLK                              0.750000    3.250248   -2.500248 (VIOLATED)
_1736_/CLK                              0.750000    3.250248   -2.500248 (VIOLATED)
_1762_/CLK                              0.750000    3.250248   -2.500248 (VIOLATED)
_1510_/CLK                              0.750000    3.250243   -2.500243 (VIOLATED)
_1511_/CLK                              0.750000    3.250244   -2.500245 (VIOLATED)
_1512_/CLK                              0.750000    3.250243   -2.500244 (VIOLATED)
_1719_/CLK                              0.750000    3.250244   -2.500245 (VIOLATED)
_1507_/CLK                              0.750000    3.250239   -2.500239 (VIOLATED)
_1508_/CLK                              0.750000    3.250241   -2.500241 (VIOLATED)
_1509_/CLK                              0.750000    3.250240   -2.500241 (VIOLATED)
_1773_/CLK                              0.750000    3.250241   -2.500242 (VIOLATED)
_1776_/CLK                              0.750000    3.250241   -2.500242 (VIOLATED)
_1571_/CLK                              0.750000    3.250238   -2.500238 (VIOLATED)
_1724_/CLK                              0.750000    3.250239   -2.500239 (VIOLATED)
_1746_/CLK                              0.750000    3.250238   -2.500238 (VIOLATED)
_1750_/CLK                              0.750000    3.250237   -2.500237 (VIOLATED)
_1753_/CLK                              0.750000    3.250238   -2.500238 (VIOLATED)
_1576_/CLK                              0.750000    3.250235   -2.500235 (VIOLATED)
_1619_/CLK                              0.750000    3.250234   -2.500234 (VIOLATED)
_1626_/CLK                              0.750000    3.250234   -2.500234 (VIOLATED)
_1651_/CLK                              0.750000    3.250233   -2.500233 (VIOLATED)
_1655_/CLK                              0.750000    3.250233   -2.500233 (VIOLATED)
_1658_/CLK                              0.750000    3.250234   -2.500234 (VIOLATED)
_1674_/CLK                              0.750000    3.250234   -2.500234 (VIOLATED)
_1725_/CLK                              0.750000    3.250234   -2.500234 (VIOLATED)
_1729_/CLK                              0.750000    3.250233   -2.500233 (VIOLATED)
_1732_/CLK                              0.750000    3.250232   -2.500232 (VIOLATED)
_1751_/CLK                              0.750000    3.250234   -2.500234 (VIOLATED)
_1752_/CLK                              0.750000    3.250232   -2.500232 (VIOLATED)
_1653_/CLK                              0.750000    3.250229   -2.500229 (VIOLATED)
_1656_/CLK                              0.750000    3.250230   -2.500230 (VIOLATED)
_1680_/CLK                              0.750000    3.250231   -2.500231 (VIOLATED)
_1682_/CLK                              0.750000    3.250232   -2.500232 (VIOLATED)
_1704_/CLK                              0.750000    3.250232   -2.500232 (VIOLATED)
_1721_/CLK                              0.750000    3.250228   -2.500228 (VIOLATED)
_1722_/CLK                              0.750000    3.250227   -2.500228 (VIOLATED)
_1727_/CLK                              0.750000    3.250229   -2.500229 (VIOLATED)
_1730_/CLK                              0.750000    3.250231   -2.500231 (VIOLATED)
_1573_/CLK                              0.750000    3.250225   -2.500225 (VIOLATED)
_1574_/CLK                              0.750000    3.250227   -2.500227 (VIOLATED)
_1745_/CLK                              0.750000    3.250227   -2.500227 (VIOLATED)
_1754_/CLK                              0.750000    3.250226   -2.500226 (VIOLATED)
_1774_/CLK                              0.750000    3.250229   -2.500229 (VIOLATED)
_1772_/CLK                              0.750000    3.250221   -2.500221 (VIOLATED)
_1739_/CLK                              0.750000    3.250218   -2.500218 (VIOLATED)
_1740_/CLK                              0.750000    3.250214   -2.500214 (VIOLATED)
_1744_/CLK                              0.750000    3.250215   -2.500215 (VIOLATED)
_1741_/CLK                              0.750000    3.250212   -2.500212 (VIOLATED)
_1742_/CLK                              0.750000    3.250207   -2.500208 (VIOLATED)
_1743_/CLK                              0.750000    3.250207   -2.500207 (VIOLATED)
clk_10mhz                               0.750000    3.250198   -2.500198 (VIOLATED)
_1769_/RESET_B                          0.750000    1.928798   -1.178798 (VIOLATED)
_1765_/RESET_B                          0.750000    1.928796   -1.178796 (VIOLATED)
_1766_/RESET_B                          0.750000    1.928797   -1.178797 (VIOLATED)
_1770_/RESET_B                          0.750000    1.928797   -1.178797 (VIOLATED)
_1763_/RESET_B                          0.750000    1.928794   -1.178794 (VIOLATED)
_1764_/RESET_B                          0.750000    1.928795   -1.178795 (VIOLATED)
_1767_/RESET_B                          0.750000    1.928794   -1.178794 (VIOLATED)
_1768_/RESET_B                          0.750000    1.928794   -1.178794 (VIOLATED)
_1758_/RESET_B                          0.750000    1.928791   -1.178791 (VIOLATED)
_1759_/RESET_B                          0.750000    1.928788   -1.178788 (VIOLATED)
_0807_/A                                0.750000    1.928784   -1.178784 (VIOLATED)
_1495_/RESET_B                          0.750000    1.928784   -1.178784 (VIOLATED)
_1517_/RESET_B                          0.750000    1.928783   -1.178783 (VIOLATED)
_1757_/RESET_B                          0.750000    1.928784   -1.178784 (VIOLATED)
_1737_/RESET_B                          0.750000    1.928781   -1.178781 (VIOLATED)
_1738_/RESET_B                          0.750000    1.928782   -1.178783 (VIOLATED)
_1760_/RESET_B                          0.750000    1.928781   -1.178781 (VIOLATED)
_1735_/RESET_B                          0.750000    1.928780   -1.178780 (VIOLATED)
_1734_/RESET_B                          0.750000    1.928778   -1.178778 (VIOLATED)
_1755_/RESET_B                          0.750000    1.928778   -1.178778 (VIOLATED)
_1756_/RESET_B                          0.750000    1.928779   -1.178779 (VIOLATED)
_1761_/RESET_B                          0.750000    1.928779   -1.178779 (VIOLATED)
_1519_/RESET_B                          0.750000    1.928774   -1.178774 (VIOLATED)
_1733_/RESET_B                          0.750000    1.928774   -1.178775 (VIOLATED)
_1736_/RESET_B                          0.750000    1.928773   -1.178773 (VIOLATED)
_1580_/RESET_B                          0.750000    1.928771   -1.178771 (VIOLATED)
_1762_/RESET_B                          0.750000    1.928770   -1.178770 (VIOLATED)
_1516_/RESET_B                          0.750000    1.928769   -1.178769 (VIOLATED)
_1518_/RESET_B                          0.750000    1.928769   -1.178769 (VIOLATED)
_1544_/RESET_B                          0.750000    1.928769   -1.178769 (VIOLATED)
_1577_/SET_B                            0.750000    1.928768   -1.178768 (VIOLATED)
_1578_/RESET_B                          0.750000    1.928767   -1.178767 (VIOLATED)
_1515_/RESET_B                          0.750000    1.928764   -1.178764 (VIOLATED)
_1579_/RESET_B                          0.750000    1.928763   -1.178763 (VIOLATED)
_1217_/C                                0.750000    1.928760   -1.178760 (VIOLATED)
_1226_/B                                0.750000    1.928760   -1.178760 (VIOLATED)
_1063_/C                                0.750000    1.928759   -1.178759 (VIOLATED)
_1113_/C                                0.750000    1.928759   -1.178759 (VIOLATED)
_1162_/C                                0.750000    1.928760   -1.178760 (VIOLATED)
_1171_/C                                0.750000    1.928760   -1.178760 (VIOLATED)
_1180_/B                                0.750000    1.928759   -1.178759 (VIOLATED)
_1189_/A                                0.750000    1.928760   -1.178760 (VIOLATED)
_1199_/C                                0.750000    1.928760   -1.178760 (VIOLATED)
_1235_/A                                0.750000    1.928760   -1.178760 (VIOLATED)
_1514_/RESET_B                          0.750000    1.928759   -1.178759 (VIOLATED)
_1712_/RESET_B                          0.750000    1.928759   -1.178759 (VIOLATED)
_1713_/RESET_B                          0.750000    1.928759   -1.178759 (VIOLATED)
_1714_/RESET_B                          0.750000    1.928759   -1.178759 (VIOLATED)
_1500_/RESET_B                          0.750000    1.928757   -1.178757 (VIOLATED)
_1715_/RESET_B                          0.750000    1.928757   -1.178757 (VIOLATED)
_1513_/RESET_B                          0.750000    1.928754   -1.178754 (VIOLATED)
_1716_/RESET_B                          0.750000    1.928755   -1.178755 (VIOLATED)
_1512_/RESET_B                          0.750000    1.928751   -1.178751 (VIOLATED)
_1711_/RESET_B                          0.750000    1.928752   -1.178752 (VIOLATED)
_1496_/RESET_B                          0.750000    1.928749   -1.178749 (VIOLATED)
_1497_/RESET_B                          0.750000    1.928750   -1.178750 (VIOLATED)
_1498_/RESET_B                          0.750000    1.928750   -1.178750 (VIOLATED)
_1499_/RESET_B                          0.750000    1.928750   -1.178750 (VIOLATED)
_1501_/RESET_B                          0.750000    1.928748   -1.178748 (VIOLATED)
_1511_/RESET_B                          0.750000    1.928748   -1.178748 (VIOLATED)
_1707_/RESET_B                          0.750000    1.928749   -1.178749 (VIOLATED)
_1708_/RESET_B                          0.750000    1.928749   -1.178749 (VIOLATED)
_1709_/RESET_B                          0.750000    1.928749   -1.178749 (VIOLATED)
_1710_/RESET_B                          0.750000    1.928749   -1.178749 (VIOLATED)
_1502_/RESET_B                          0.750000    1.928746   -1.178746 (VIOLATED)
_1771_/RESET_B                          0.750000    1.928746   -1.178746 (VIOLATED)
_1503_/RESET_B                          0.750000    1.928744   -1.178744 (VIOLATED)
_1504_/RESET_B                          0.750000    1.928743   -1.178743 (VIOLATED)
_1505_/RESET_B                          0.750000    1.928743   -1.178743 (VIOLATED)
_1510_/RESET_B                          0.750000    1.928744   -1.178744 (VIOLATED)
_1508_/RESET_B                          0.750000    1.928742   -1.178742 (VIOLATED)
_1506_/RESET_B                          0.750000    1.928739   -1.178739 (VIOLATED)
_1509_/RESET_B                          0.750000    1.928738   -1.178738 (VIOLATED)
_1507_/RESET_B                          0.750000    1.928737   -1.178737 (VIOLATED)
_1749_/RESET_B                          0.750000    1.928734   -1.178734 (VIOLATED)
_1753_/RESET_B                          0.750000    1.928733   -1.178733 (VIOLATED)
_1747_/RESET_B                          0.750000    1.928732   -1.178732 (VIOLATED)
_1750_/RESET_B                          0.750000    1.928731   -1.178731 (VIOLATED)
_1264_/A                                0.750000    1.928730   -1.178730 (VIOLATED)
_1324_/C1                               0.750000    1.928730   -1.178730 (VIOLATED)
_1569_/RESET_B                          0.750000    1.928729   -1.178729 (VIOLATED)
_1570_/RESET_B                          0.750000    1.928729   -1.178729 (VIOLATED)
_1572_/RESET_B                          0.750000    1.928729   -1.178729 (VIOLATED)
_1575_/RESET_B                          0.750000    1.928729   -1.178729 (VIOLATED)
_1775_/RESET_B                          0.750000    1.928728   -1.178728 (VIOLATED)
_1748_/RESET_B                          0.750000    1.928725   -1.178725 (VIOLATED)
_1751_/RESET_B                          0.750000    1.928722   -1.178722 (VIOLATED)
_1752_/RESET_B                          0.750000    1.928719   -1.178719 (VIOLATED)
_1773_/RESET_B                          0.750000    1.928718   -1.178718 (VIOLATED)
_1776_/RESET_B                          0.750000    1.928718   -1.178718 (VIOLATED)
_1746_/RESET_B                          0.750000    1.928716   -1.178716 (VIOLATED)
_1745_/RESET_B                          0.750000    1.928710   -1.178710 (VIOLATED)
_1744_/RESET_B                          0.750000    1.928698   -1.178698 (VIOLATED)
_1571_/RESET_B                          0.750000    1.928691   -1.178691 (VIOLATED)
_1573_/RESET_B                          0.750000    1.928691   -1.178691 (VIOLATED)
_1574_/RESET_B                          0.750000    1.928691   -1.178691 (VIOLATED)
_1576_/RESET_B                          0.750000    1.928691   -1.178691 (VIOLATED)
_1739_/RESET_B                          0.750000    1.928690   -1.178690 (VIOLATED)
_1740_/RESET_B                          0.750000    1.928690   -1.178690 (VIOLATED)
_1741_/RESET_B                          0.750000    1.928690   -1.178690 (VIOLATED)
_1743_/RESET_B                          0.750000    1.928691   -1.178691 (VIOLATED)
_1754_/SET_B                            0.750000    1.928691   -1.178691 (VIOLATED)
_1772_/RESET_B                          0.750000    1.928690   -1.178690 (VIOLATED)
_1774_/RESET_B                          0.750000    1.928691   -1.178691 (VIOLATED)
rst_n                                   0.750000    1.928687   -1.178687 (VIOLATED)
_1742_/RESET_B                          0.750000    1.928687   -1.178687 (VIOLATED)
_1541_/RESET_B                          0.750000    1.173159   -0.423159 (VIOLATED)
_1542_/RESET_B                          0.750000    1.173159   -0.423159 (VIOLATED)
_1543_/RESET_B                          0.750000    1.173159   -0.423159 (VIOLATED)
_1588_/RESET_B                          0.750000    1.173159   -0.423159 (VIOLATED)
_1559_/RESET_B                          0.750000    1.173158   -0.423158 (VIOLATED)
_1537_/RESET_B                          0.750000    1.173157   -0.423157 (VIOLATED)
_1538_/RESET_B                          0.750000    1.173158   -0.423158 (VIOLATED)
_1539_/RESET_B                          0.750000    1.173158   -0.423158 (VIOLATED)
_1540_/RESET_B                          0.750000    1.173158   -0.423158 (VIOLATED)
_1560_/RESET_B                          0.750000    1.173158   -0.423158 (VIOLATED)
_1546_/RESET_B                          0.750000    1.173157   -0.423157 (VIOLATED)
_1547_/RESET_B                          0.750000    1.173157   -0.423157 (VIOLATED)
_1555_/RESET_B                          0.750000    1.173157   -0.423157 (VIOLATED)
_1557_/RESET_B                          0.750000    1.173158   -0.423158 (VIOLATED)
_1558_/RESET_B                          0.750000    1.173158   -0.423158 (VIOLATED)
_1581_/SET_B                            0.750000    1.173157   -0.423158 (VIOLATED)
_1548_/RESET_B                          0.750000    1.173157   -0.423157 (VIOLATED)
_1554_/RESET_B                          0.750000    1.173157   -0.423157 (VIOLATED)
_1556_/RESET_B                          0.750000    1.173157   -0.423157 (VIOLATED)
_1536_/RESET_B                          0.750000    1.173156   -0.423156 (VIOLATED)
_1535_/RESET_B                          0.750000    1.173156   -0.423156 (VIOLATED)
_1553_/RESET_B                          0.750000    1.173156   -0.423156 (VIOLATED)
_1552_/RESET_B                          0.750000    1.173155   -0.423155 (VIOLATED)
_1529_/RESET_B                          0.750000    1.173154   -0.423154 (VIOLATED)
_1530_/RESET_B                          0.750000    1.173151   -0.423152 (VIOLATED)
_1531_/RESET_B                          0.750000    1.173147   -0.423147 (VIOLATED)
_1545_/RESET_B                          0.750000    1.173147   -0.423147 (VIOLATED)
_1549_/RESET_B                          0.750000    1.173147   -0.423147 (VIOLATED)
_1550_/RESET_B                          0.750000    1.173147   -0.423147 (VIOLATED)
_1528_/RESET_B                          0.750000    1.173146   -0.423146 (VIOLATED)
_1551_/RESET_B                          0.750000    1.173147   -0.423147 (VIOLATED)
_1525_/RESET_B                          0.750000    1.173146   -0.423146 (VIOLATED)
_1527_/RESET_B                          0.750000    1.173146   -0.423146 (VIOLATED)
_1526_/RESET_B                          0.750000    1.173145   -0.423145 (VIOLATED)
_1583_/RESET_B                          0.750000    1.173145   -0.423145 (VIOLATED)
_1585_/RESET_B                          0.750000    1.173145   -0.423145 (VIOLATED)
_1587_/RESET_B                          0.750000    1.173145   -0.423145 (VIOLATED)
_1589_/RESET_B                          0.750000    1.173145   -0.423145 (VIOLATED)
_1590_/RESET_B                          0.750000    1.173145   -0.423145 (VIOLATED)
_1582_/RESET_B                          0.750000    1.173145   -0.423145 (VIOLATED)
_1584_/RESET_B                          0.750000    1.173145   -0.423145 (VIOLATED)
_1594_/RESET_B                          0.750000    1.173144   -0.423145 (VIOLATED)
_1591_/RESET_B                          0.750000    1.173144   -0.423144 (VIOLATED)
_1524_/RESET_B                          0.750000    1.173143   -0.423143 (VIOLATED)
_1533_/RESET_B                          0.750000    1.173142   -0.423142 (VIOLATED)
_1532_/RESET_B                          0.750000    1.173142   -0.423142 (VIOLATED)
_1534_/RESET_B                          0.750000    1.173142   -0.423142 (VIOLATED)
_1586_/RESET_B                          0.750000    1.173142   -0.423142 (VIOLATED)
_1592_/RESET_B                          0.750000    1.173142   -0.423142 (VIOLATED)
_1593_/RESET_B                          0.750000    1.173142   -0.423142 (VIOLATED)
_1520_/RESET_B                          0.750000    1.173141   -0.423141 (VIOLATED)
_1521_/RESET_B                          0.750000    1.173141   -0.423141 (VIOLATED)
_0807_/X                                0.750000    1.173139   -0.423139 (VIOLATED)
_1522_/RESET_B                          0.750000    1.173139   -0.423139 (VIOLATED)
_1523_/RESET_B                          0.750000    1.173139   -0.423139 (VIOLATED)
_1000_/Y                                0.750000    0.966706   -0.216706 (VIOLATED)
_1001_/A0                               0.750000    0.966706   -0.216706 (VIOLATED)
_1004_/A1                               0.750000    0.966706   -0.216706 (VIOLATED)
_1007_/A1                               0.750000    0.966706   -0.216706 (VIOLATED)
_1011_/A1                               0.750000    0.966706   -0.216706 (VIOLATED)
_1014_/A1                               0.750000    0.966706   -0.216706 (VIOLATED)
_1016_/B1                               0.750000    0.966706   -0.216706 (VIOLATED)
_1020_/A1                               0.750000    0.966706   -0.216706 (VIOLATED)
_1023_/A1                               0.750000    0.966706   -0.216706 (VIOLATED)
_1027_/A1                               0.750000    0.966706   -0.216706 (VIOLATED)
_1029_/B1                               0.750000    0.966706   -0.216706 (VIOLATED)
_1033_/A1                               0.750000    0.966706   -0.216706 (VIOLATED)
_1037_/A1                               0.750000    0.966706   -0.216706 (VIOLATED)
_1041_/A1                               0.750000    0.966706   -0.216706 (VIOLATED)
_1044_/A1                               0.750000    0.966706   -0.216706 (VIOLATED)
_1046_/B                                0.750000    0.966706   -0.216706 (VIOLATED)
_1050_/A2                               0.750000    0.966706   -0.216706 (VIOLATED)
_1051_/A                                0.750000    0.966706   -0.216706 (VIOLATED)
_1106_/B1                               0.750000    0.966706   -0.216706 (VIOLATED)

max fanout

Pin                                   Limit Fanout  Slack
---------------------------------------------------------
clk_10mhz                                10    282   -272 (VIOLATED)
rst_n                                    10    105    -95 (VIOLATED)
_0807_/X                                 10     54    -44 (VIOLATED)
_0993_/X                                 10     24    -14 (VIOLATED)
_1000_/Y                                 10     18     -8 (VIOLATED)
_1582_/Q                                 10     17     -7 (VIOLATED)
_1583_/Q                                 10     17     -7 (VIOLATED)
_1584_/Q                                 10     17     -7 (VIOLATED)
_1585_/Q                                 10     17     -7 (VIOLATED)
_1586_/Q                                 10     17     -7 (VIOLATED)
_1587_/Q                                 10     17     -7 (VIOLATED)
_1588_/Q                                 10     17     -7 (VIOLATED)
_1589_/Q                                 10     17     -7 (VIOLATED)
_0872_/Y                                 10     16     -6 (VIOLATED)
_1707_/Q                                 10     16     -6 (VIOLATED)
_1709_/Q                                 10     16     -6 (VIOLATED)
_0755_/Y                                 10     14     -4 (VIOLATED)
_0859_/X                                 10     14     -4 (VIOLATED)
_1712_/Q                                 10     14     -4 (VIOLATED)
_1708_/Q                                 10     13     -3 (VIOLATED)
_1713_/Q                                 10     13     -3 (VIOLATED)
_0779_/X                                 10     11        (VIOLATED)
_1432_/Y                                 10     11        (VIOLATED)
_1758_/Q                                 10     11        (VIOLATED)
_1762_/Q                                 10     11        (VIOLATED)

max capacitance

Pin                                        Limit         Cap       Slack
------------------------------------------------------------------------
clk_10mhz                               0.200000    0.731448   -0.531448 (VIOLATED)
rst_n                                   0.200000    0.433261   -0.233261 (VIOLATED)
_0807_/X                                0.200000    0.237339   -0.037339 (VIOLATED)



===========================================================================
report_parasitic_annotation -report_unannotated
============================================================================
Found 3 unannotated drivers.
 _1777_/LO
 _1778_/HI
 _1779_/HI
Found 2 partially unannotated drivers.
 i2c_scl
 i2c_sda

===========================================================================
max slew violation count 463
Writing metric design__max_slew_violation__count__corner:nom_tt_025C_1v80: 463
max fanout violation count 25
Writing metric design__max_fanout_violation__count__corner:nom_tt_025C_1v80: 25
max cap violation count 3
Writing metric design__max_cap_violation__count__corner:nom_tt_025C_1v80: 3
============================================================================

===========================================================================
check_setup -verbose -unconstrained_endpoints -multiple_clock -no_clock -no_input_delay -loops -generated_clocks
===========================================================================
Warning: There is 1 unconstrained endpoint.
  i2c_sda
