Clock: clk_10mhz
Sources: clk_10mhz 
Generated: no
Virtual: yes
Propagated: no
Period: 100.000000

===========================================================================
report_clock_properties
============================================================================
Clock                   Period          Waveform
----------------------------------------------------
clk_10mhz           100.000000    0.000000 50.000000

===========================================================================
report_clock_latency
============================================================================
Clock clk_10mhz
rise -> rise
    min     max
0.000000 0.000000 source latency
2.229673         network latency _1743_/CLK
        2.250691 network latency _1545_/CLK
---------------
2.229673 2.250691 latency
        0.021017 skew

fall -> fall
    min     max
0.000000 0.000000 source latency
1.103171         network latency _1743_/CLK
        1.122899 network latency _1545_/CLK
---------------
1.103171 1.122899 latency
        0.019728 skew



===========================================================================
report_clock_min_period
============================================================================
clk_10mhz period_min = 3.41 fmax = 292.84
