
===========================================================================
 report_power
============================================================================
======================= nom_tt_025C_1v80 Corner ===================================

Group                    Internal    Switching      Leakage        Total
                            Power        Power        Power        Power (Watts)
------------------------------------------------------------------------
Sequential           1.194316e-04 1.780691e-08 2.932807e-09 1.194523e-04 100.0%
Combinational        9.447877e-09 6.026651e-15 3.435686e-09 1.288357e-08   0.0%
Clock                0.000000e+00 0.000000e+00 4.147252e-10 4.147252e-10   0.0%
Macro                0.000000e+00 0.000000e+00 0.000000e+00 0.000000e+00   0.0%
Pad                  0.000000e+00 0.000000e+00 0.000000e+00 0.000000e+00   0.0%
------------------------------------------------------------------------
Total                1.194410e-04 1.780692e-08 6.783229e-09 1.194656e-04 100.0%
                           100.0%         0.0%         0.0%
Writing metric power__internal__total: 0.00011944099969696254
Writing metric power__switching__total: 1.780691682995439e-8
Writing metric power__leakage__total: 6.7832286454461155e-9
Writing metric power__total: 0.00011946558515774086

