
===========================================================================
report_checks -unconstrained
===========================================================================
======================= nom_ff_n40C_1v95 Corner ===================================

Startpoint: rst_n (input port clocked by clk_10mhz)
Endpoint: _1581_ (recovery check against rising-edge clock clk_10mhz)
Path Group: asynchronous
Path Type: max

Fanout         Cap        Slew       Delay        Time   Description
---------------------------------------------------------------------------------------------
                                  0.000000    0.000000   clock clk_10mhz (rise edge)
                                  0.000000    0.000000   clock network delay (propagated)
                                 20.000000   20.000000 ^ input external delay
     1    0.002868    0.014157    0.007418   20.007418 ^ rst_n (in)
                                                         rst_n (net)
                      0.014157    0.000000   20.007418 ^ input1/A (sky130_fd_sc_hd__clkbuf_1)
     1    0.002455    0.029304    0.045729   20.053146 ^ input1/X (sky130_fd_sc_hd__clkbuf_1)
                                                         net1 (net)
                      0.029304    0.000068   20.053215 ^ fanout65/A (sky130_fd_sc_hd__buf_2)
     6    0.035250    0.131417    0.138431   20.191647 ^ fanout65/X (sky130_fd_sc_hd__buf_2)
                                                         net65 (net)
                      0.131476    0.002300   20.193947 ^ fanout53/A (sky130_fd_sc_hd__clkbuf_4)
     9    0.047516    0.112714    0.172181   20.366127 ^ fanout53/X (sky130_fd_sc_hd__clkbuf_4)
                                                         net53 (net)
                      0.112883    0.003556   20.369684 ^ _0807_/A (sky130_fd_sc_hd__and2_1)
     3    0.022219    0.166775    0.180963   20.550646 ^ _0807_/X (sky130_fd_sc_hd__and2_1)
                                                         u_max30102_ctrl.rst_n (net)
                      0.166792    0.001402   20.552048 ^ fanout25/A (sky130_fd_sc_hd__clkbuf_4)
    10    0.052416    0.123497    0.185995   20.738043 ^ fanout25/X (sky130_fd_sc_hd__clkbuf_4)
                                                         net25 (net)
                      0.123557    0.000965   20.739008 ^ fanout24/A (sky130_fd_sc_hd__clkbuf_4)
     9    0.043775    0.104619    0.165530   20.904537 ^ fanout24/X (sky130_fd_sc_hd__clkbuf_4)
                                                         net24 (net)
                      0.104739    0.002318   20.906855 ^ _1581_/SET_B (sky130_fd_sc_hd__dfstp_1)
                                             20.906855   data arrival time

                                100.000000  100.000000   clock clk_10mhz (rise edge)
                                  0.000000  100.000000   clock source latency
     1    0.029039    0.101395    0.070827  100.070824 ^ clk_10mhz (in)
                                                         clk_10mhz (net)
                      0.101481    0.000000  100.070824 ^ clkbuf_0_clk_10mhz/A (sky130_fd_sc_hd__clkbuf_16)
     4    0.055267    0.056438    0.124246  100.195068 ^ clkbuf_0_clk_10mhz/X (sky130_fd_sc_hd__clkbuf_16)
                                                         clknet_0_clk_10mhz (net)
                      0.056493    0.001549  100.196617 ^ clkbuf_2_2__f_clk_10mhz/A (sky130_fd_sc_hd__clkbuf_16)
     8    0.065602    0.063662    0.117566  100.314186 ^ clkbuf_2_2__f_clk_10mhz/X (sky130_fd_sc_hd__clkbuf_16)
                                                         clknet_2_2__leaf_clk_10mhz (net)
                      0.063904    0.003084  100.317268 ^ clkbuf_leaf_20_clk_10mhz/A (sky130_fd_sc_hd__clkbuf_8)
     8    0.031391    0.050950    0.108002  100.425270 ^ clkbuf_leaf_20_clk_10mhz/X (sky130_fd_sc_hd__clkbuf_8)
                                                         clknet_leaf_20_clk_10mhz (net)
                      0.050952    0.000426  100.425697 ^ _1581_/CLK (sky130_fd_sc_hd__dfstp_1)
                                 -0.250000  100.175697   clock uncertainty
                                  0.000000  100.175697   clock reconvergence pessimism
                                  0.089418  100.265114   library recovery time
                                            100.265114   data required time
---------------------------------------------------------------------------------------------
                                            100.265114   data required time
                                            -20.906855   data arrival time
---------------------------------------------------------------------------------------------
                                             79.358261   slack (MET)


Startpoint: _1712_ (rising edge-triggered flip-flop clocked by clk_10mhz)
Endpoint: led_status[1] (output port clocked by clk_10mhz)
Path Group: clk_10mhz
Path Type: max

Fanout         Cap        Slew       Delay        Time   Description
---------------------------------------------------------------------------------------------
                                  0.000000    0.000000   clock clk_10mhz (rise edge)
                                  0.000000    0.000000   clock source latency
     1    0.029039    0.101395    0.070827    0.070827 ^ clk_10mhz (in)
                                                         clk_10mhz (net)
                      0.101481    0.000000    0.070827 ^ clkbuf_0_clk_10mhz/A (sky130_fd_sc_hd__clkbuf_16)
     4    0.055267    0.056438    0.124243    0.195070 ^ clkbuf_0_clk_10mhz/X (sky130_fd_sc_hd__clkbuf_16)
                                                         clknet_0_clk_10mhz (net)
                      0.056481    0.001389    0.196459 ^ clkbuf_2_0__f_clk_10mhz/A (sky130_fd_sc_hd__clkbuf_16)
     8    0.064020    0.062469    0.116915    0.313373 ^ clkbuf_2_0__f_clk_10mhz/X (sky130_fd_sc_hd__clkbuf_16)
                                                         clknet_2_0__leaf_clk_10mhz (net)
                      0.062552    0.001325    0.314699 ^ clkbuf_leaf_2_clk_10mhz/A (sky130_fd_sc_hd__clkbuf_8)
    16    0.048258    0.071351    0.122500    0.437199 ^ clkbuf_leaf_2_clk_10mhz/X (sky130_fd_sc_hd__clkbuf_8)
                                                         clknet_leaf_2_clk_10mhz (net)
                      0.071361    0.000883    0.438082 ^ _1712_/CLK (sky130_fd_sc_hd__dfrtp_1)
     5    0.013880    0.061389    0.270222    0.708305 v _1712_/Q (sky130_fd_sc_hd__dfrtp_1)
                                                         u_fifo.wr_ptr[0] (net)
                      0.061390    0.000388    0.708692 v fanout30/A (sky130_fd_sc_hd__buf_2)
    10    0.036952    0.066800    0.133232    0.841924 v fanout30/X (sky130_fd_sc_hd__buf_2)
                                                         net30 (net)
                      0.066811    0.000813    0.842737 v _0771_/A (sky130_fd_sc_hd__xor2_1)
     1    0.003091    0.045203    0.111019    0.953757 v _0771_/X (sky130_fd_sc_hd__xor2_1)
                                                         _0488_ (net)
                      0.045203    0.000094    0.953851 v _0774_/B (sky130_fd_sc_hd__or4_1)
     3    0.008936    0.080414    0.319132    1.272983 v _0774_/X (sky130_fd_sc_hd__or4_1)
                                                         _0491_ (net)
                      0.080414    0.000186    1.273169 v _0776_/A_N (sky130_fd_sc_hd__nand2b_1)
     4    0.017843    0.099723    0.155203    1.428372 v _0776_/Y (sky130_fd_sc_hd__nand2b_1)
                                                         net4 (net)
                      0.099739    0.001049    1.429421 v output4/A (sky130_fd_sc_hd__buf_2)
     1    0.034163    0.062776    0.145246    1.574667 v output4/X (sky130_fd_sc_hd__buf_2)
                                                         led_status[1] (net)
                      0.062784    0.000705    1.575373 v led_status[1] (out)
                                              1.575373   data arrival time

                                100.000000  100.000000   clock clk_10mhz (rise edge)
                                  0.000000  100.000000   clock network delay (propagated)
                                 -0.250000   99.750000   clock uncertainty
                                  0.000000   99.750000   clock reconvergence pessimism
                                -20.000000   79.750000   output external delay
                                             79.750000   data required time
---------------------------------------------------------------------------------------------
                                             79.750000   data required time
                                             -1.575373   data arrival time
---------------------------------------------------------------------------------------------
                                             78.174622   slack (MET)




===========================================================================
report_checks --slack_max -0.01
============================================================================
======================= nom_ff_n40C_1v95 Corner ===================================

No paths found.


===========================================================================
 report_check_types -max_slew -max_cap -max_fanout -violators
============================================================================
======================= nom_ff_n40C_1v95 Corner ===================================

max fanout

Pin                                   Limit Fanout  Slack
---------------------------------------------------------
clkbuf_leaf_2_clk_10mhz/X                10     16     -6 (VIOLATED)
clkbuf_leaf_8_clk_10mhz/X                10     16     -6 (VIOLATED)
clkbuf_leaf_14_clk_10mhz/X               10     15     -5 (VIOLATED)
clkbuf_leaf_13_clk_10mhz/X               10     14     -4 (VIOLATED)
clkbuf_leaf_26_clk_10mhz/X               10     14     -4 (VIOLATED)
clkbuf_leaf_17_clk_10mhz/X               10     13     -3 (VIOLATED)
clkbuf_leaf_18_clk_10mhz/X               10     13     -3 (VIOLATED)
clkbuf_leaf_5_clk_10mhz/X                10     13     -3 (VIOLATED)
clkbuf_leaf_7_clk_10mhz/X                10     13     -3 (VIOLATED)
clkbuf_leaf_10_clk_10mhz/X               10     12     -2 (VIOLATED)
clkbuf_leaf_11_clk_10mhz/X               10     12     -2 (VIOLATED)
clkbuf_leaf_12_clk_10mhz/X               10     11        (VIOLATED)
clkbuf_leaf_15_clk_10mhz/X               10     11        (VIOLATED)



===========================================================================
report_parasitic_annotation -report_unannotated
============================================================================
Found 31 unannotated drivers.
 _1782__66/HI
 _1782__68/LO
 _1783__67/HI
 clkload0/X
 clkload1/X
 clkload10/Y
 clkload11/Y
 clkload12/Y
 clkload13/Y
 clkload14/Y
 clkload15/X
 clkload16/Y
 clkload17/Y
 clkload18/Y
 clkload19/Y
 clkload2/X
 clkload20/Y
 clkload21/Y
 clkload22/Y
 clkload23/Y
 clkload24/Y
 clkload25/X
 clkload26/Y
 clkload27/Y
 clkload3/Y
 clkload4/Y
 clkload5/Y
 clkload6/Y
 clkload7/Y
 clkload8/Y
 clkload9/Y
Found 0 partially unannotated drivers.

===========================================================================
max slew violation count 0
max fanout violation count 13
max cap violation count 0
============================================================================

===========================================================================
check_setup -verbose -unconstrained_endpoints -multiple_clock -no_clock -no_input_delay -loops -generated_clocks
===========================================================================
Warning: There is 1 unconstrained endpoint.
  i2c_sda
