Clock: clk_10mhz
Sources: clk_10mhz 
Generated: no
Virtual: yes
Propagated: no
Period: 100.000000

===========================================================================
report_clock_properties
============================================================================
Clock                   Period          Waveform
----------------------------------------------------
clk_10mhz           100.000000    0.000000 50.000000

===========================================================================
report_clock_latency
============================================================================
Clock clk_10mhz
rise -> rise
    min     max
0.000000 0.000000 source latency
0.423485         network latency _1646_/CLK
        0.440002 network latency _1611_/CLK
---------------
0.423485 0.440002 latency
        0.016517 skew

fall -> fall
    min     max
0.000000 0.000000 source latency
0.382155         network latency _1646_/CLK
        0.393172 network latency _1611_/CLK
---------------
0.382155 0.393172 latency
        0.011017 skew



===========================================================================
report_clock_min_period
============================================================================
clk_10mhz period_min = 2.09 fmax = 478.38
