[WARNING ORD-0039] .openroad ignored with -python
Unannotated report:
['report_parasitic_annotation -report_unannotated\n',
 '============================================================================\n',
 'Found 31 unannotated drivers.\n',
 ' _1782__66/HI\n',
 ' _1782__68/LO\n',
 ' _1783__67/HI\n',
 ' clkload0/X\n',
 ' clkload1/X\n',
 ' clkload10/Y\n',
 ' clkload11/Y\n',
 ' clkload12/Y\n',
 ' clkload13/Y\n',
 ' clkload14/Y\n',
 ' clkload15/X\n',
 ' clkload16/Y\n',
 ' clkload17/Y\n',
 ' clkload18/Y\n',
 ' clkload19/Y\n',
 ' clkload2/X\n',
 ' clkload20/Y\n',
 ' clkload21/Y\n',
 ' clkload22/Y\n',
 ' clkload23/Y\n',
 ' clkload24/Y\n',
 ' clkload25/X\n',
 ' clkload26/Y\n',
 ' clkload27/Y\n',
 ' clkload3/Y\n',
 ' clkload4/Y\n',
 ' clkload5/Y\n',
 ' clkload6/Y\n',
 ' clkload7/Y\n',
 ' clkload8/Y\n',
 ' clkload9/Y\n',
 'Found 0 partially unannotated drivers.\n',
 '\n']
Reported nets:
['_1782__66/HI',
 '_1782__68/LO',
 '_1783__67/HI',
 'clkload0/X',
 'clkload1/X',
 'clkload10/Y',
 'clkload11/Y',
 'clkload12/Y',
 'clkload13/Y',
 'clkload14/Y',
 'clkload15/X',
 'clkload16/Y',
 'clkload17/Y',
 'clkload18/Y',
 'clkload19/Y',
 'clkload2/X',
 'clkload20/Y',
 'clkload21/Y',
 'clkload22/Y',
 'clkload23/Y',
 'clkload24/Y',
 'clkload25/X',
 'clkload26/Y',
 'clkload27/Y',
 'clkload3/Y',
 'clkload4/Y',
 'clkload5/Y',
 'clkload6/Y',
 'clkload7/Y',
 'clkload8/Y',
 'clkload9/Y']
Filtered nets:
[]
done
