Reading OpenROAD database at '/home/duncan/sem3project_add/runs/RUN_2026-08-27_07-32-05/23-openroad-globalplacementskipio/dual_sensor_top.odb'…
Reading library file at '/home/duncan/.volare/volare/sky130/versions/0fe599b2afb6708d281543108caf8310912f54af/sky130A/libs.ref/sky130_fd_sc_hd/lib/sky130_fd_sc_hd__tt_025C_1v80.lib'…
Reading design constraints file at '/nix/store/ss2cw3sxbrwwx9jl0rrppbw4kgcmgi2n-python3-3.11.9-env/lib/python3.11/site-packages/openlane/scripts/base.sdc'…
[INFO] Using clock clk_10mhz…
[INFO] Setting output delay to: 20.0
[INFO] Setting input delay to: 20.0
[INFO] Setting load to: 0.033442
[INFO] Setting clock uncertainty to: 0.25
[INFO] Setting clock transition to: 0.1499999999999999944488848768742172978818416595458984375
[INFO] Setting timing derate to: 5%
[INFO] place_pins args: -min_distance 3
Found 0 macro blocks.
[INFO PPL-0010] Tentative 0 to set up sections.
[INFO PPL-0001] Number of slots           232
[INFO PPL-0002] Number of I/O             11
[INFO PPL-0003] Number of I/O w/sink      11
[INFO PPL-0004] Number of I/O w/o sink    0
[INFO PPL-0005] Slots per section         200
[INFO PPL-0006] Slots increase factor     0.01
[INFO PPL-0008] Successfully assigned pins to sections.
[INFO PPL-0012] I/O nets HPWL: 909.54 um.
Setting global connections for newly added cells…
[INFO] Setting global connections...
Updating metrics…
Cell type report:                       Count       Area
  Fill cell                               128     480.46
  Tap cell                                429     536.76
  Buffer                                    3      13.76
  Inverter                                 33     123.87
  Sequential cell                         282    6728.95
  Multi-Input combinational cell          718    6939.16
  Total                                  1593   14822.97
Writing OpenROAD database to '/home/duncan/sem3project_add/runs/RUN_2026-08-27_07-32-05/24-openroad-ioplacement/dual_sensor_top.odb'…
Writing netlist to '/home/duncan/sem3project_add/runs/RUN_2026-08-27_07-32-05/24-openroad-ioplacement/dual_sensor_top.nl.v'…
Writing powered netlist to '/home/duncan/sem3project_add/runs/RUN_2026-08-27_07-32-05/24-openroad-ioplacement/dual_sensor_top.pnl.v'…
Writing layout to '/home/duncan/sem3project_add/runs/RUN_2026-08-27_07-32-05/24-openroad-ioplacement/dual_sensor_top.def'…
Writing timing constraints to '/home/duncan/sem3project_add/runs/RUN_2026-08-27_07-32-05/24-openroad-ioplacement/dual_sensor_top.sdc'…
