
===========================================================================
report_checks -unconstrained
===========================================================================
======================= nom_ff_n40C_1v95 Corner ===================================

Startpoint: rst_n (input port clocked by clk_10mhz)
Endpoint: _1520_ (recovery check against rising-edge clock clk_10mhz)
Path Group: asynchronous
Path Type: max

Fanout         Cap        Slew       Delay        Time   Description
---------------------------------------------------------------------------------------------
                      0.150000    0.000000    0.000000   clock clk_10mhz (rise edge)
                                  0.000000    0.000000   clock network delay (ideal)
                                 20.000000   20.000000 ^ input external delay
   105    0.357764    1.202034    0.836000   20.836000 ^ rst_n (in)
                                                         rst_n (net)
                      1.202034    0.000000   20.836000 ^ _0807_/A (sky130_fd_sc_hd__and2_2)
    54    0.195263    0.734432    0.615648   21.451649 ^ _0807_/X (sky130_fd_sc_hd__and2_2)
                                                         u_max30102_ctrl.rst_n (net)
                      0.734432    0.000000   21.451649 ^ _1520_/RESET_B (sky130_fd_sc_hd__dfrtp_2)
                                             21.451649   data arrival time

                      0.150000  100.000000  100.000000   clock clk_10mhz (rise edge)
                                  0.000000  100.000000   clock network delay (ideal)
                                 -0.250000   99.750000   clock uncertainty
                                  0.000000   99.750000   clock reconvergence pessimism
                                             99.750000 ^ _1520_/CLK (sky130_fd_sc_hd__dfrtp_2)
                                 -0.032787   99.717216   library recovery time
                                             99.717216   data required time
---------------------------------------------------------------------------------------------
                                             99.717216   data required time
                                            -21.451649   data arrival time
---------------------------------------------------------------------------------------------
                                             78.265564   slack (MET)


Startpoint: rst_n (input port clocked by clk_10mhz)
Endpoint: _1603_ (rising edge-triggered flip-flop clocked by clk_10mhz)
Path Group: clk_10mhz
Path Type: max

Fanout         Cap        Slew       Delay        Time   Description
---------------------------------------------------------------------------------------------
                      0.150000    0.000000    0.000000   clock clk_10mhz (rise edge)
                                  0.000000    0.000000   clock network delay (ideal)
                                 20.000000   20.000000 ^ input external delay
   105    0.357764    1.202034    0.836000   20.836000 ^ rst_n (in)
                                                         rst_n (net)
                      1.202034    0.000000   20.836000 ^ _1113_/C (sky130_fd_sc_hd__and3b_2)
     4    0.012533    0.080394    0.155726   20.991726 ^ _1113_/X (sky130_fd_sc_hd__and3b_2)
                                                         _0732_ (net)
                      0.080394    0.000000   20.991726 ^ _1123_/D (sky130_fd_sc_hd__and4b_2)
     8    0.029488    0.129213    0.210948   21.202675 ^ _1123_/X (sky130_fd_sc_hd__and4b_2)
                                                         _0734_ (net)
                      0.129213    0.000000   21.202675 ^ _1124_/S (sky130_fd_sc_hd__mux2_1)
     1    0.001783    0.034780    0.185146   21.387819 v _1124_/X (sky130_fd_sc_hd__mux2_1)
                                                         _0106_ (net)
                      0.034780    0.000000   21.387819 v _1603_/D (sky130_fd_sc_hd__dfxtp_2)
                                             21.387819   data arrival time

                      0.150000  100.000000  100.000000   clock clk_10mhz (rise edge)
                                  0.000000  100.000000   clock network delay (ideal)
                                 -0.250000   99.750000   clock uncertainty
                                  0.000000   99.750000   clock reconvergence pessimism
                                             99.750000 ^ _1603_/CLK (sky130_fd_sc_hd__dfxtp_2)
                                 -0.060857   99.689140   library setup time
                                             99.689140   data required time
---------------------------------------------------------------------------------------------
                                             99.689140   data required time
                                            -21.387819   data arrival time
---------------------------------------------------------------------------------------------
                                             78.301323   slack (MET)




===========================================================================
report_checks --slack_max -0.01
============================================================================
======================= nom_ff_n40C_1v95 Corner ===================================

No paths found.


===========================================================================
 report_check_types -max_slew -max_cap -max_fanout -violators
============================================================================
======================= nom_ff_n40C_1v95 Corner ===================================

max slew

Pin                                        Limit        Slew       Slack
------------------------------------------------------------------------
rst_n                                   0.750000    1.202034   -0.452034 (VIOLATED)
_0807_/A                                0.750000    1.202034   -0.452034 (VIOLATED)
_1063_/C                                0.750000    1.202034   -0.452034 (VIOLATED)
_1113_/C                                0.750000    1.202034   -0.452034 (VIOLATED)
_1162_/C                                0.750000    1.202034   -0.452034 (VIOLATED)
_1171_/C                                0.750000    1.202034   -0.452034 (VIOLATED)
_1180_/B                                0.750000    1.202034   -0.452034 (VIOLATED)
_1189_/A                                0.750000    1.202034   -0.452034 (VIOLATED)
_1199_/C                                0.750000    1.202034   -0.452034 (VIOLATED)
_1217_/C                                0.750000    1.202034   -0.452034 (VIOLATED)
_1226_/B                                0.750000    1.202034   -0.452034 (VIOLATED)
_1235_/A                                0.750000    1.202034   -0.452034 (VIOLATED)
_1264_/A                                0.750000    1.202034   -0.452034 (VIOLATED)
_1324_/C1                               0.750000    1.202034   -0.452034 (VIOLATED)
_1495_/RESET_B                          0.750000    1.202034   -0.452034 (VIOLATED)
_1496_/RESET_B                          0.750000    1.202034   -0.452034 (VIOLATED)
_1497_/RESET_B                          0.750000    1.202034   -0.452034 (VIOLATED)
_1498_/RESET_B                          0.750000    1.202034   -0.452034 (VIOLATED)
_1499_/RESET_B                          0.750000    1.202034   -0.452034 (VIOLATED)
_1500_/RESET_B                          0.750000    1.202034   -0.452034 (VIOLATED)
_1501_/RESET_B                          0.750000    1.202034   -0.452034 (VIOLATED)
_1502_/RESET_B                          0.750000    1.202034   -0.452034 (VIOLATED)
_1503_/RESET_B                          0.750000    1.202034   -0.452034 (VIOLATED)
_1504_/RESET_B                          0.750000    1.202034   -0.452034 (VIOLATED)
_1505_/RESET_B                          0.750000    1.202034   -0.452034 (VIOLATED)
_1506_/RESET_B                          0.750000    1.202034   -0.452034 (VIOLATED)
_1507_/RESET_B                          0.750000    1.202034   -0.452034 (VIOLATED)
_1508_/RESET_B                          0.750000    1.202034   -0.452034 (VIOLATED)
_1509_/RESET_B                          0.750000    1.202034   -0.452034 (VIOLATED)
_1510_/RESET_B                          0.750000    1.202034   -0.452034 (VIOLATED)
_1511_/RESET_B                          0.750000    1.202034   -0.452034 (VIOLATED)
_1512_/RESET_B                          0.750000    1.202034   -0.452034 (VIOLATED)
_1513_/RESET_B                          0.750000    1.202034   -0.452034 (VIOLATED)
_1514_/RESET_B                          0.750000    1.202034   -0.452034 (VIOLATED)
_1515_/RESET_B                          0.750000    1.202034   -0.452034 (VIOLATED)
_1516_/RESET_B                          0.750000    1.202034   -0.452034 (VIOLATED)
_1517_/RESET_B                          0.750000    1.202034   -0.452034 (VIOLATED)
_1518_/RESET_B                          0.750000    1.202034   -0.452034 (VIOLATED)
_1519_/RESET_B                          0.750000    1.202034   -0.452034 (VIOLATED)
_1544_/RESET_B                          0.750000    1.202034   -0.452034 (VIOLATED)
_1569_/RESET_B                          0.750000    1.202034   -0.452034 (VIOLATED)
_1570_/RESET_B                          0.750000    1.202034   -0.452034 (VIOLATED)
_1571_/RESET_B                          0.750000    1.202034   -0.452034 (VIOLATED)
_1572_/RESET_B                          0.750000    1.202034   -0.452034 (VIOLATED)
_1573_/RESET_B                          0.750000    1.202034   -0.452034 (VIOLATED)
_1574_/RESET_B                          0.750000    1.202034   -0.452034 (VIOLATED)
_1575_/RESET_B                          0.750000    1.202034   -0.452034 (VIOLATED)
_1576_/RESET_B                          0.750000    1.202034   -0.452034 (VIOLATED)
_1577_/SET_B                            0.750000    1.202034   -0.452034 (VIOLATED)
_1578_/RESET_B                          0.750000    1.202034   -0.452034 (VIOLATED)
_1579_/RESET_B                          0.750000    1.202034   -0.452034 (VIOLATED)
_1580_/RESET_B                          0.750000    1.202034   -0.452034 (VIOLATED)
_1707_/RESET_B                          0.750000    1.202034   -0.452034 (VIOLATED)
_1708_/RESET_B                          0.750000    1.202034   -0.452034 (VIOLATED)
_1709_/RESET_B                          0.750000    1.202034   -0.452034 (VIOLATED)
_1710_/RESET_B                          0.750000    1.202034   -0.452034 (VIOLATED)
_1711_/RESET_B                          0.750000    1.202034   -0.452034 (VIOLATED)
_1712_/RESET_B                          0.750000    1.202034   -0.452034 (VIOLATED)
_1713_/RESET_B                          0.750000    1.202034   -0.452034 (VIOLATED)
_1714_/RESET_B                          0.750000    1.202034   -0.452034 (VIOLATED)
_1715_/RESET_B                          0.750000    1.202034   -0.452034 (VIOLATED)
_1716_/RESET_B                          0.750000    1.202034   -0.452034 (VIOLATED)
_1733_/RESET_B                          0.750000    1.202034   -0.452034 (VIOLATED)
_1734_/RESET_B                          0.750000    1.202034   -0.452034 (VIOLATED)
_1735_/RESET_B                          0.750000    1.202034   -0.452034 (VIOLATED)
_1736_/RESET_B                          0.750000    1.202034   -0.452034 (VIOLATED)
_1737_/RESET_B                          0.750000    1.202034   -0.452034 (VIOLATED)
_1738_/RESET_B                          0.750000    1.202034   -0.452034 (VIOLATED)
_1739_/RESET_B                          0.750000    1.202034   -0.452034 (VIOLATED)
_1740_/RESET_B                          0.750000    1.202034   -0.452034 (VIOLATED)
_1741_/RESET_B                          0.750000    1.202034   -0.452034 (VIOLATED)
_1742_/RESET_B                          0.750000    1.202034   -0.452034 (VIOLATED)
_1743_/RESET_B                          0.750000    1.202034   -0.452034 (VIOLATED)
_1744_/RESET_B                          0.750000    1.202034   -0.452034 (VIOLATED)
_1745_/RESET_B                          0.750000    1.202034   -0.452034 (VIOLATED)
_1746_/RESET_B                          0.750000    1.202034   -0.452034 (VIOLATED)
_1747_/RESET_B                          0.750000    1.202034   -0.452034 (VIOLATED)
_1748_/RESET_B                          0.750000    1.202034   -0.452034 (VIOLATED)
_1749_/RESET_B                          0.750000    1.202034   -0.452034 (VIOLATED)
_1750_/RESET_B                          0.750000    1.202034   -0.452034 (VIOLATED)
_1751_/RESET_B                          0.750000    1.202034   -0.452034 (VIOLATED)
_1752_/RESET_B                          0.750000    1.202034   -0.452034 (VIOLATED)
_1753_/RESET_B                          0.750000    1.202034   -0.452034 (VIOLATED)
_1754_/SET_B                            0.750000    1.202034   -0.452034 (VIOLATED)
_1755_/RESET_B                          0.750000    1.202034   -0.452034 (VIOLATED)
_1756_/RESET_B                          0.750000    1.202034   -0.452034 (VIOLATED)
_1757_/RESET_B                          0.750000    1.202034   -0.452034 (VIOLATED)
_1758_/RESET_B                          0.750000    1.202034   -0.452034 (VIOLATED)
_1759_/RESET_B                          0.750000    1.202034   -0.452034 (VIOLATED)
_1760_/RESET_B                          0.750000    1.202034   -0.452034 (VIOLATED)
_1761_/RESET_B                          0.750000    1.202034   -0.452034 (VIOLATED)
_1762_/RESET_B                          0.750000    1.202034   -0.452034 (VIOLATED)
_1763_/RESET_B                          0.750000    1.202034   -0.452034 (VIOLATED)
_1764_/RESET_B                          0.750000    1.202034   -0.452034 (VIOLATED)
_1765_/RESET_B                          0.750000    1.202034   -0.452034 (VIOLATED)
_1766_/RESET_B                          0.750000    1.202034   -0.452034 (VIOLATED)
_1767_/RESET_B                          0.750000    1.202034   -0.452034 (VIOLATED)
_1768_/RESET_B                          0.750000    1.202034   -0.452034 (VIOLATED)
_1769_/RESET_B                          0.750000    1.202034   -0.452034 (VIOLATED)
_1770_/RESET_B                          0.750000    1.202034   -0.452034 (VIOLATED)
_1771_/RESET_B                          0.750000    1.202034   -0.452034 (VIOLATED)
_1772_/RESET_B                          0.750000    1.202034   -0.452034 (VIOLATED)
_1773_/RESET_B                          0.750000    1.202034   -0.452034 (VIOLATED)
_1774_/RESET_B                          0.750000    1.202034   -0.452034 (VIOLATED)
_1775_/RESET_B                          0.750000    1.202034   -0.452034 (VIOLATED)
_1776_/RESET_B                          0.750000    1.202034   -0.452034 (VIOLATED)

max fanout

Pin                                   Limit Fanout  Slack
---------------------------------------------------------
rst_n                                    10    105    -95 (VIOLATED)
_0807_/X                                 10     54    -44 (VIOLATED)
_0993_/X                                 10     24    -14 (VIOLATED)
_1000_/Y                                 10     18     -8 (VIOLATED)
_1582_/Q                                 10     17     -7 (VIOLATED)
_1583_/Q                                 10     17     -7 (VIOLATED)
_1584_/Q                                 10     17     -7 (VIOLATED)
_1585_/Q                                 10     17     -7 (VIOLATED)
_1586_/Q                                 10     17     -7 (VIOLATED)
_1587_/Q                                 10     17     -7 (VIOLATED)
_1588_/Q                                 10     17     -7 (VIOLATED)
_1589_/Q                                 10     17     -7 (VIOLATED)
_0872_/Y                                 10     16     -6 (VIOLATED)
_1707_/Q                                 10     16     -6 (VIOLATED)
_1709_/Q                                 10     16     -6 (VIOLATED)
_0755_/Y                                 10     14     -4 (VIOLATED)
_0859_/X                                 10     14     -4 (VIOLATED)
_1712_/Q                                 10     14     -4 (VIOLATED)
_1708_/Q                                 10     13     -3 (VIOLATED)
_1713_/Q                                 10     13     -3 (VIOLATED)
_0779_/X                                 10     11        (VIOLATED)
_1432_/Y                                 10     11        (VIOLATED)
_1758_/Q                                 10     11        (VIOLATED)
_1762_/Q                                 10     11        (VIOLATED)

max capacitance

Pin                                        Limit         Cap       Slack
------------------------------------------------------------------------
rst_n                                   0.200000    0.357764   -0.157764 (VIOLATED)



===========================================================================
report_parasitic_annotation -report_unannotated
============================================================================
Found 1044 unannotated drivers.
 clk_10mhz
 i2c_scl
 i2c_sda
 rst_n
 srf_echo
 _0748_/Y
 _0749_/Y
 _0750_/Y
 _0751_/Y
 _0752_/Y
 _0753_/Y
 _0754_/Y
 _0755_/Y
 _0756_/Y
 _0757_/Y
 _0758_/Y
 _0759_/Y
 _0760_/Y
 _0761_/Y
 _0762_/X
 _0763_/X
 _0764_/X
 _0765_/X
 _0766_/X
 _0767_/Y
 _0768_/Y
 _0769_/Y
 _0770_/X
 _0771_/X
 _0772_/X
 _0773_/X
 _0774_/X
 _0775_/Y
 _0776_/Y
 _0777_/Y
 _0778_/X
 _0779_/X
 _0780_/X
 _0781_/X
 _0782_/X
 _0783_/X
 _0784_/X
 _0785_/X
 _0786_/X
 _0787_/X
 _0788_/X
 _0789_/X
 _0790_/X
 _0791_/X
 _0792_/X
 _0793_/X
 _0794_/Y
 _0795_/X
 _0796_/X
 _0797_/X
 _0798_/X
 _0799_/Y
 _0800_/X
 _0801_/Y
 _0802_/X
 _0803_/Y
 _0804_/X
 _0805_/Y
 _0806_/Y
 _0807_/X
 _0808_/X
 _0809_/X
 _0810_/X
 _0811_/Y
 _0812_/X
 _0813_/Y
 _0814_/X
 _0815_/X
 _0816_/X
 _0817_/Y
 _0818_/X
 _0819_/Y
 _0820_/X
 _0821_/X
 _0822_/Y
 _0823_/X
 _0824_/X
 _0825_/Y
 _0826_/X
 _0827_/X
 _0828_/X
 _0829_/X
 _0830_/X
 _0831_/Y
 _0832_/Y
 _0833_/X
 _0834_/Y
 _0835_/Y
 _0836_/X
 _0837_/X
 _0838_/Y
 _0839_/Y
 _0840_/X
 _0841_/Y
 _0842_/Y
 _0843_/X
 _0844_/X
 _0845_/Y
 _0846_/Y
 _0847_/X
 _0848_/Y
 _0849_/X
 _0850_/Y
 _0851_/X
 _0852_/X
 _0853_/Y
 _0854_/X
 _0855_/Y
 _0856_/X
 _0857_/X
 _0858_/Y
 _0859_/X
 _0860_/Y
 _0861_/Y
 _0862_/Y
 _0863_/X
 _0864_/X
 _0865_/X
 _0866_/Y
 _0867_/X
 _0868_/X
 _0869_/X
 _0870_/Y
 _0871_/X
 _0872_/Y
 _0873_/Y
 _0874_/X
 _0875_/X
 _0876_/Y
 _0877_/X
 _0878_/X
 _0879_/Y
 _0880_/X
 _0881_/X
 _0882_/Y
 _0883_/X
 _0884_/X
 _0885_/Y
 _0886_/X
 _0887_/X
 _0888_/Y
 _0889_/X
 _0890_/X
 _0891_/X
 _0892_/X
 _0893_/Y
 _0894_/X
 _0895_/X
 _0896_/X
 _0897_/Y
 _0898_/X
 _0899_/Y
 _0900_/X
 _0901_/Y
 _0902_/X
 _0903_/X
 _0904_/X
 _0905_/Y
 _0906_/X
 _0907_/X
 _0908_/X
 _0909_/Y
 _0910_/X
 _0911_/X
 _0912_/X
 _0913_/X
 _0914_/Y
 _0915_/X
 _0916_/X
 _0917_/X
 _0918_/X
 _0919_/X
 _0920_/Y
 _0921_/X
 _0922_/X
 _0923_/Y
 _0924_/X
 _0925_/Y
 _0926_/X
 _0927_/Y
 _0928_/Y
 _0929_/Y
 _0930_/Y
 _0931_/Y
 _0932_/X
 _0933_/X
 _0934_/Y
 _0935_/Y
 _0936_/X
 _0937_/X
 _0938_/X
 _0939_/Y
 _0940_/Y
 _0941_/Y
 _0942_/Y
 _0943_/Y
 _0944_/Y
 _0945_/X
 _0946_/X
 _0947_/X
 _0948_/X
 _0949_/X
 _0950_/Y
 _0951_/Y
 _0952_/Y
 _0953_/Y
 _0954_/Y
 _0955_/Y
 _0956_/X
 _0957_/Y
 _0958_/Y
 _0959_/X
 _0960_/X
 _0961_/X
 _0962_/Y
 _0963_/Y
 _0964_/Y
 _0965_/X
 _0966_/Y
 _0967_/X
 _0968_/Y
 _0969_/Y
 _0970_/X
 _0971_/Y
 _0972_/X
 _0973_/X
 _0974_/Y
 _0975_/X
 _0976_/Y
 _0977_/X
 _0978_/Y
 _0979_/X
 _0980_/X
 _0981_/X
 _0982_/Y
 _0983_/X
 _0984_/X
 _0985_/X
 _0986_/Y
 _0987_/X
 _0988_/Y
 _0989_/X
 _0990_/X
 _0991_/X
 _0992_/X
 _0993_/X
 _0994_/X
 _0995_/X
 _0996_/X
 _0997_/X
 _0998_/X
 _0999_/X
 _1000_/Y
 _1001_/X
 _1002_/Y
 _1003_/X
 _1004_/X
 _1005_/X
 _1006_/Y
 _1007_/X
 _1008_/X
 _1009_/X
 _1010_/Y
 _1011_/X
 _1012_/Y
 _1013_/X
 _1014_/X
 _1015_/Y
 _1016_/X
 _1017_/X
 _1018_/Y
 _1019_/X
 _1020_/X
 _1021_/Y
 _1022_/X
 _1023_/X
 _1024_/X
 _1025_/X
 _1026_/Y
 _1027_/X
 _1028_/X
 _1029_/Y
 _1030_/X
 _1031_/X
 _1032_/Y
 _1033_/X
 _1034_/X
 _1035_/X
 _1036_/Y
 _1037_/X
 _1038_/X
 _1039_/X
 _1040_/Y
 _1041_/X
 _1042_/X
 _1043_/Y
 _1044_/X
 _1045_/X
 _1046_/X
 _1047_/Y
 _1048_/Y
 _1049_/Y
 _1050_/X
 _1051_/X
 _1052_/X
 _1053_/X
 _1054_/X
 _1055_/X
 _1056_/X
 _1057_/X
 _1058_/X
 _1059_/X
 _1060_/X
 _1061_/X
 _1062_/X
 _1063_/X
 _1064_/Y
 _1065_/X
 _1066_/X
 _1067_/X
 _1068_/X
 _1069_/X
 _1070_/X
 _1071_/X
 _1072_/X
 _1073_/X
 _1074_/X
 _1075_/X
 _1076_/X
 _1077_/X
 _1078_/X
 _1079_/X
 _1080_/X
 _1081_/Y
 _1082_/Y
 _1083_/Y
 _1084_/X
 _1085_/X
 _1086_/X
 _1087_/Y
 _1088_/Y
 _1089_/X
 _1090_/X
 _1091_/X
 _1092_/X
 _1093_/X
 _1094_/X
 _1095_/X
 _1096_/X
 _1097_/X
 _1098_/X
 _1099_/X
 _1100_/X
 _1101_/X
 _1102_/X
 _1103_/X
 _1104_/X
 _1105_/X
 _1106_/Y
 _1107_/Y
 _1108_/X
 _1109_/X
 _1110_/X
 _1111_/X
 _1112_/X
 _1113_/X
 _1114_/Y
 _1115_/X
 _1116_/X
 _1117_/X
 _1118_/X
 _1119_/X
 _1120_/X
 _1121_/X
 _1122_/X
 _1123_/X
 _1124_/X
 _1125_/X
 _1126_/X
 _1127_/X
 _1128_/X
 _1129_/X
 _1130_/X
 _1131_/X
 _1132_/X
 _1133_/Y
 _1134_/X
 _1135_/X
 _1136_/X
 _1137_/X
 _1138_/X
 _1139_/X
 _1140_/X
 _1141_/X
 _1142_/Y
 _1143_/X
 _1144_/X
 _1145_/X
 _1146_/X
 _1147_/X
 _1148_/X
 _1149_/X
 _1150_/X
 _1151_/X
 _1152_/X
 _1153_/X
 _1154_/X
 _1155_/X
 _1156_/X
 _1157_/X
 _1158_/X
 _1159_/X
 _1160_/X
 _1161_/X
 _1162_/X
 _1163_/X
 _1164_/X
 _1165_/X
 _1166_/X
 _1167_/X
 _1168_/X
 _1169_/X
 _1170_/X
 _1171_/X
 _1172_/X
 _1173_/X
 _1174_/X
 _1175_/X
 _1176_/X
 _1177_/X
 _1178_/X
 _1179_/X
 _1180_/X
 _1181_/X
 _1182_/X
 _1183_/X
 _1184_/X
 _1185_/X
 _1186_/X
 _1187_/X
 _1188_/X
 _1189_/X
 _1190_/X
 _1191_/X
 _1192_/X
 _1193_/X
 _1194_/X
 _1195_/X
 _1196_/X
 _1197_/X
 _1198_/Y
 _1199_/X
 _1200_/X
 _1201_/X
 _1202_/X
 _1203_/X
 _1204_/X
 _1205_/X
 _1206_/X
 _1207_/X
 _1208_/X
 _1209_/X
 _1210_/X
 _1211_/X
 _1212_/X
 _1213_/X
 _1214_/X
 _1215_/X
 _1216_/X
 _1217_/X
 _1218_/X
 _1219_/X
 _1220_/X
 _1221_/X
 _1222_/X
 _1223_/X
 _1224_/X
 _1225_/X
 _1226_/X
 _1227_/X
 _1228_/X
 _1229_/X
 _1230_/X
 _1231_/X
 _1232_/X
 _1233_/X
 _1234_/X
 _1235_/X
 _1236_/X
 _1237_/X
 _1238_/X
 _1239_/X
 _1240_/X
 _1241_/X
 _1242_/X
 _1243_/X
 _1244_/X
 _1245_/X
 _1246_/Y
 _1247_/Y
 _1248_/Y
 _1249_/X
 _1250_/Y
 _1251_/Y
 _1252_/X
 _1253_/Y
 _1254_/Y
 _1255_/Y
 _1256_/X
 _1257_/Y
 _1258_/X
 _1259_/X
 _1260_/X
 _1261_/X
 _1262_/X
 _1263_/X
 _1264_/Y
 _1265_/X
 _1266_/X
 _1267_/X
 _1268_/Y
 _1269_/X
 _1270_/Y
 _1271_/X
 _1272_/X
 _1273_/X
 _1274_/X
 _1275_/Y
 _1276_/X
 _1277_/Y
 _1278_/X
 _1279_/X
 _1280_/X
 _1281_/X
 _1282_/X
 _1283_/X
 _1284_/X
 _1285_/X
 _1286_/X
 _1287_/X
 _1288_/X
 _1289_/X
 _1290_/X
 _1291_/X
 _1292_/X
 _1293_/Y
 _1294_/X
 _1295_/X
 _1296_/X
 _1297_/X
 _1298_/X
 _1299_/X
 _1300_/X
 _1301_/X
 _1302_/X
 _1303_/X
 _1304_/X
 _1305_/X
 _1306_/X
 _1307_/X
 _1308_/X
 _1309_/X
 _1310_/X
 _1311_/X
 _1312_/X
 _1313_/X
 _1314_/X
 _1315_/X
 _1316_/X
 _1317_/X
 _1318_/X
 _1319_/X
 _1320_/X
 _1321_/X
 _1322_/X
 _1323_/X
 _1324_/X
 _1325_/X
 _1326_/X
 _1327_/X
 _1328_/X
 _1329_/X
 _1330_/X
 _1331_/X
 _1332_/X
 _1333_/X
 _1334_/X
 _1335_/X
 _1336_/X
 _1337_/X
 _1338_/X
 _1339_/X
 _1340_/X
 _1341_/X
 _1342_/X
 _1343_/X
 _1344_/X
 _1345_/X
 _1346_/X
 _1347_/X
 _1348_/X
 _1349_/X
 _1350_/X
 _1351_/X
 _1352_/X
 _1353_/X
 _1354_/X
 _1355_/X
 _1356_/X
 _1357_/X
 _1358_/X
 _1359_/X
 _1360_/X
 _1361_/X
 _1362_/X
 _1363_/X
 _1364_/X
 _1365_/X
 _1366_/X
 _1367_/X
 _1368_/X
 _1369_/X
 _1370_/Y
 _1371_/X
 _1372_/X
 _1373_/X
 _1374_/X
 _1375_/X
 _1376_/X
 _1377_/X
 _1378_/X
 _1379_/Y
 _1380_/Y
 _1381_/Y
 _1382_/Y
 _1383_/Y
 _1384_/Y
 _1385_/X
 _1386_/X
 _1387_/Y
 _1388_/X
 _1389_/X
 _1390_/X
 _1391_/X
 _1392_/X
 _1393_/X
 _1394_/X
 _1395_/Y
 _1396_/X
 _1397_/Y
 _1398_/Y
 _1399_/Y
 _1400_/Y
 _1401_/X
 _1402_/Y
 _1403_/X
 _1404_/Y
 _1405_/Y
 _1406_/Y
 _1407_/Y
 _1408_/X
 _1409_/Y
 _1410_/Y
 _1411_/Y
 _1412_/X
 _1413_/X
 _1414_/Y
 _1415_/X
 _1416_/X
 _1417_/X
 _1418_/X
 _1419_/X
 _1420_/X
 _1421_/X
 _1422_/X
 _1423_/Y
 _1424_/X
 _1425_/X
 _1426_/X
 _1427_/X
 _1428_/X
 _1429_/X
 _1430_/X
 _1431_/Y
 _1432_/Y
 _1433_/Y
 _1434_/X
 _1435_/Y
 _1436_/X
 _1437_/X
 _1438_/Y
 _1439_/X
 _1440_/X
 _1441_/X
 _1442_/Y
 _1443_/X
 _1444_/X
 _1445_/Y
 _1446_/X
 _1447_/X
 _1448_/X
 _1449_/Y
 _1450_/X
 _1451_/X
 _1452_/X
 _1453_/Y
 _1454_/X
 _1455_/X
 _1456_/X
 _1457_/X
 _1458_/Y
 _1459_/X
 _1460_/Y
 _1461_/X
 _1462_/Y
 _1463_/Y
 _1464_/X
 _1465_/Y
 _1466_/Y
 _1467_/X
 _1468_/X
 _1469_/X
 _1470_/X
 _1471_/X
 _1472_/X
 _1473_/Y
 _1474_/X
 _1475_/X
 _1476_/X
 _1477_/X
 _1478_/Y
 _1479_/X
 _1480_/X
 _1481_/Y
 _1482_/X
 _1483_/Y
 _1484_/X
 _1485_/X
 _1486_/X
 _1487_/X
 _1488_/Y
 _1489_/Y
 _1490_/Y
 _1491_/X
 _1492_/Y
 _1493_/X
 _1494_/X
 _1495_/Q
 _1496_/Q
 _1497_/Q
 _1498_/Q
 _1499_/Q
 _1500_/Q
 _1501_/Q
 _1502_/Q
 _1503_/Q
 _1504_/Q
 _1505_/Q
 _1506_/Q
 _1507_/Q
 _1508_/Q
 _1509_/Q
 _1510_/Q
 _1511_/Q
 _1512_/Q
 _1513_/Q
 _1514_/Q
 _1515_/Q
 _1516_/Q
 _1517_/Q
 _1518_/Q
 _1519_/Q
 _1520_/Q
 _1521_/Q
 _1522_/Q
 _1523_/Q
 _1524_/Q
 _1525_/Q
 _1526_/Q
 _1527_/Q
 _1528_/Q
 _1529_/Q
 _1530_/Q
 _1531_/Q
 _1532_/Q
 _1533_/Q
 _1534_/Q
 _1535_/Q
 _1536_/Q
 _1537_/Q
 _1538_/Q
 _1539_/Q
 _1540_/Q
 _1541_/Q
 _1542_/Q
 _1543_/Q
 _1544_/Q
 _1545_/Q
 _1546_/Q
 _1547_/Q
 _1548_/Q
 _1549_/Q
 _1550_/Q
 _1551_/Q
 _1552_/Q
 _1553_/Q
 _1554_/Q
 _1555_/Q
 _1556_/Q
 _1557_/Q
 _1558_/Q
 _1559_/Q
 _1560_/Q
 _1561_/Q
 _1562_/Q
 _1563_/Q
 _1564_/Q
 _1565_/Q
 _1566_/Q
 _1567_/Q
 _1568_/Q
 _1569_/Q
 _1570_/Q
 _1571_/Q
 _1572_/Q
 _1573_/Q
 _1574_/Q
 _1575_/Q
 _1576_/Q
 _1577_/Q
 _1578_/Q
 _1579_/Q
 _1580_/Q
 _1581_/Q
 _1582_/Q
 _1583_/Q
 _1584_/Q
 _1585_/Q
 _1586_/Q
 _1587_/Q
 _1588_/Q
 _1589_/Q
 _1590_/Q
 _1591_/Q
 _1592_/Q
 _1593_/Q
 _1594_/Q
 _1595_/Q
 _1596_/Q
 _1597_/Q
 _1598_/Q
 _1599_/Q
 _1600_/Q
 _1601_/Q
 _1602_/Q
 _1603_/Q
 _1604_/Q
 _1605_/Q
 _1606_/Q
 _1607_/Q
 _1608_/Q
 _1609_/Q
 _1610_/Q
 _1611_/Q
 _1612_/Q
 _1613_/Q
 _1614_/Q
 _1615_/Q
 _1616_/Q
 _1617_/Q
 _1618_/Q
 _1619_/Q
 _1620_/Q
 _1621_/Q
 _1622_/Q
 _1623_/Q
 _1624_/Q
 _1625_/Q
 _1626_/Q
 _1627_/Q
 _1628_/Q
 _1629_/Q
 _1630_/Q
 _1631_/Q
 _1632_/Q
 _1633_/Q
 _1634_/Q
 _1635_/Q
 _1636_/Q
 _1637_/Q
 _1638_/Q
 _1639_/Q
 _1640_/Q
 _1641_/Q
 _1642_/Q
 _1643_/Q
 _1644_/Q
 _1645_/Q
 _1646_/Q
 _1647_/Q
 _1648_/Q
 _1649_/Q
 _1650_/Q
 _1651_/Q
 _1652_/Q
 _1653_/Q
 _1654_/Q
 _1655_/Q
 _1656_/Q
 _1657_/Q
 _1658_/Q
 _1659_/Q
 _1660_/Q
 _1661_/Q
 _1662_/Q
 _1663_/Q
 _1664_/Q
 _1665_/Q
 _1666_/Q
 _1667_/Q
 _1668_/Q
 _1669_/Q
 _1670_/Q
 _1671_/Q
 _1672_/Q
 _1673_/Q
 _1674_/Q
 _1675_/Q
 _1676_/Q
 _1677_/Q
 _1678_/Q
 _1679_/Q
 _1680_/Q
 _1681_/Q
 _1682_/Q
 _1683_/Q
 _1684_/Q
 _1685_/Q
 _1686_/Q
 _1687_/Q
 _1688_/Q
 _1689_/Q
 _1690_/Q
 _1691_/Q
 _1692_/Q
 _1693_/Q
 _1694_/Q
 _1695_/Q
 _1696_/Q
 _1697_/Q
 _1698_/Q
 _1699_/Q
 _1700_/Q
 _1701_/Q
 _1702_/Q
 _1703_/Q
 _1704_/Q
 _1705_/Q
 _1706_/Q
 _1707_/Q
 _1708_/Q
 _1709_/Q
 _1710_/Q
 _1711_/Q
 _1712_/Q
 _1713_/Q
 _1714_/Q
 _1715_/Q
 _1716_/Q
 _1717_/Q
 _1718_/Q
 _1719_/Q
 _1720_/Q
 _1721_/Q
 _1722_/Q
 _1723_/Q
 _1724_/Q
 _1725_/Q
 _1726_/Q
 _1727_/Q
 _1728_/Q
 _1729_/Q
 _1730_/Q
 _1731_/Q
 _1732_/Q
 _1733_/Q
 _1734_/Q
 _1735_/Q
 _1736_/Q
 _1737_/Q
 _1738_/Q
 _1739_/Q
 _1740_/Q
 _1741_/Q
 _1742_/Q
 _1743_/Q
 _1744_/Q
 _1745_/Q
 _1746_/Q
 _1747_/Q
 _1748_/Q
 _1749_/Q
 _1750_/Q
 _1751_/Q
 _1752_/Q
 _1753_/Q
 _1754_/Q
 _1755_/Q
 _1756_/Q
 _1757_/Q
 _1758_/Q
 _1759_/Q
 _1760_/Q
 _1761_/Q
 _1762_/Q
 _1763_/Q
 _1764_/Q
 _1765_/Q
 _1766_/Q
 _1767_/Q
 _1768_/Q
 _1769_/Q
 _1770_/Q
 _1771_/Q
 _1772_/Q
 _1773_/Q
 _1774_/Q
 _1775_/Q
 _1776_/Q
 _1777_/HI
 _1777_/LO
 _1778_/HI
 _1778_/LO
 _1779_/HI
 _1779_/LO
 _1780_/X
 _1781_/X
 _1782_/Z
 _1783_/Z
Found 0 partially unannotated drivers.

===========================================================================
max slew violation count 106
max fanout violation count 24
max cap violation count 1
============================================================================

===========================================================================
check_setup -verbose -unconstrained_endpoints -multiple_clock -no_clock -no_input_delay -loops -generated_clocks
===========================================================================
Warning: There is 1 unconstrained endpoint.
  i2c_sda
