
===========================================================================
 report_power
============================================================================
======================= nom_ff_n40C_1v95 Corner ===================================

Group                    Internal    Switching      Leakage        Total
                            Power        Power        Power        Power (Watts)
------------------------------------------------------------------------
Sequential           1.336914e-04 1.968554e-08 6.111857e-09 1.337172e-04 100.0%
Combinational        1.118474e-08 6.898686e-15 7.423279e-09 1.860803e-08   0.0%
Clock                0.000000e+00 0.000000e+00 0.000000e+00 0.000000e+00   0.0%
Macro                0.000000e+00 0.000000e+00 0.000000e+00 0.000000e+00   0.0%
Pad                  0.000000e+00 0.000000e+00 0.000000e+00 0.000000e+00   0.0%
------------------------------------------------------------------------
Total                1.337026e-04 1.968555e-08 1.353518e-08 1.337358e-04 100.0%
                           100.0%         0.0%         0.0%

