
===========================================================================
report_checks -unconstrained
===========================================================================
======================= nom_tt_025C_1v80 Corner ===================================

Startpoint: rst_n (input port clocked by clk_10mhz)
Endpoint: _1581_ (recovery check against rising-edge clock clk_10mhz)
Path Group: asynchronous
Path Type: max

Fanout         Cap        Slew       Delay        Time   Description
---------------------------------------------------------------------------------------------
                                  0.000000    0.000000   clock clk_10mhz (rise edge)
                                  0.000000    0.000000   clock network delay (propagated)
                                 20.000000   20.000000 ^ input external delay
     1    0.003640    0.023374    0.013271   20.013271 ^ rst_n (in)
                                                         rst_n (net)
                      0.023382    0.000000   20.013271 ^ input1/A (sky130_fd_sc_hd__clkbuf_1)
     1    0.002434    0.040095    0.070054   20.083326 ^ input1/X (sky130_fd_sc_hd__clkbuf_1)
                                                         net1 (net)
                      0.040095    0.000053   20.083380 ^ fanout65/A (sky130_fd_sc_hd__buf_2)
     6    0.028032    0.141308    0.174904   20.258284 ^ fanout65/X (sky130_fd_sc_hd__buf_2)
                                                         net65 (net)
                      0.141343    0.001860   20.260143 ^ fanout53/A (sky130_fd_sc_hd__clkbuf_4)
     9    0.042857    0.136388    0.236888   20.497030 ^ fanout53/X (sky130_fd_sc_hd__clkbuf_4)
                                                         net53 (net)
                      0.136546    0.003050   20.500080 ^ _0807_/A (sky130_fd_sc_hd__and2_1)
     3    0.016760    0.171789    0.233602   20.733683 ^ _0807_/X (sky130_fd_sc_hd__and2_1)
                                                         u_max30102_ctrl.rst_n (net)
                      0.171791    0.000904   20.734587 ^ fanout25/A (sky130_fd_sc_hd__clkbuf_4)
    10    0.047924    0.151173    0.257703   20.992289 ^ fanout25/X (sky130_fd_sc_hd__clkbuf_4)
                                                         net25 (net)
                      0.151178    0.001132   20.993422 ^ fanout24/A (sky130_fd_sc_hd__clkbuf_4)
     9    0.043369    0.137882    0.241283   21.234703 ^ fanout24/X (sky130_fd_sc_hd__clkbuf_4)
                                                         net24 (net)
                      0.137943    0.002723   21.237427 ^ _1581_/SET_B (sky130_fd_sc_hd__dfstp_1)
                                             21.237427   data arrival time

                                100.000000  100.000000   clock clk_10mhz (rise edge)
                                  0.000000  100.000000   clock source latency
     1    0.022294    0.105682    0.073548  100.073547 ^ clk_10mhz (in)
                                                         clk_10mhz (net)
                      0.105729    0.000000  100.073547 ^ clkbuf_0_clk_10mhz/A (sky130_fd_sc_hd__clkbuf_16)
     4    0.045646    0.064830    0.167887  100.241432 ^ clkbuf_0_clk_10mhz/X (sky130_fd_sc_hd__clkbuf_16)
                                                         clknet_0_clk_10mhz (net)
                      0.064876    0.001513  100.242943 ^ clkbuf_2_2__f_clk_10mhz/A (sky130_fd_sc_hd__clkbuf_16)
     8    0.052769    0.071295    0.158053  100.401001 ^ clkbuf_2_2__f_clk_10mhz/X (sky130_fd_sc_hd__clkbuf_16)
                                                         clknet_2_2__leaf_clk_10mhz (net)
                      0.071397    0.002331  100.403328 ^ clkbuf_leaf_20_clk_10mhz/A (sky130_fd_sc_hd__clkbuf_8)
     8    0.032297    0.069792    0.156923  100.560249 ^ clkbuf_leaf_20_clk_10mhz/X (sky130_fd_sc_hd__clkbuf_8)
                                                         clknet_leaf_20_clk_10mhz (net)
                      0.069795    0.000568  100.560822 ^ _1581_/CLK (sky130_fd_sc_hd__dfstp_1)
                                 -0.250000  100.310822   clock uncertainty
                                  0.000000  100.310822   clock reconvergence pessimism
                                  0.135467  100.446289   library recovery time
                                            100.446289   data required time
---------------------------------------------------------------------------------------------
                                            100.446289   data required time
                                            -21.237427   data arrival time
---------------------------------------------------------------------------------------------
                                             79.208862   slack (MET)


Startpoint: _1712_ (rising edge-triggered flip-flop clocked by clk_10mhz)
Endpoint: led_status[1] (output port clocked by clk_10mhz)
Path Group: clk_10mhz
Path Type: max

Fanout         Cap        Slew       Delay        Time   Description
---------------------------------------------------------------------------------------------
                                  0.000000    0.000000   clock clk_10mhz (rise edge)
                                  0.000000    0.000000   clock source latency
     1    0.022294    0.105682    0.073549    0.073549 ^ clk_10mhz (in)
                                                         clk_10mhz (net)
                      0.105729    0.000000    0.073549 ^ clkbuf_0_clk_10mhz/A (sky130_fd_sc_hd__clkbuf_16)
     4    0.045646    0.064830    0.167888    0.241438 ^ clkbuf_0_clk_10mhz/X (sky130_fd_sc_hd__clkbuf_16)
                                                         clknet_0_clk_10mhz (net)
                      0.064873    0.001464    0.242901 ^ clkbuf_2_0__f_clk_10mhz/A (sky130_fd_sc_hd__clkbuf_16)
     8    0.051845    0.070455    0.157407    0.400309 ^ clkbuf_2_0__f_clk_10mhz/X (sky130_fd_sc_hd__clkbuf_16)
                                                         clknet_2_0__leaf_clk_10mhz (net)
                      0.070467    0.000954    0.401263 ^ clkbuf_leaf_2_clk_10mhz/A (sky130_fd_sc_hd__clkbuf_8)
    16    0.042883    0.086350    0.169267    0.570530 ^ clkbuf_leaf_2_clk_10mhz/X (sky130_fd_sc_hd__clkbuf_8)
                                                         clknet_leaf_2_clk_10mhz (net)
                      0.086365    0.001124    0.571654 ^ _1712_/CLK (sky130_fd_sc_hd__dfrtp_1)
     5    0.013008    0.083564    0.419046    0.990700 v _1712_/Q (sky130_fd_sc_hd__dfrtp_1)
                                                         u_fifo.wr_ptr[0] (net)
                      0.083566    0.000485    0.991184 v fanout30/A (sky130_fd_sc_hd__buf_2)
    10    0.032660    0.086047    0.194434    1.185619 v fanout30/X (sky130_fd_sc_hd__buf_2)
                                                         net30 (net)
                      0.086057    0.000920    1.186539 v _0771_/A (sky130_fd_sc_hd__xor2_1)
     1    0.002706    0.054721    0.169409    1.355948 v _0771_/X (sky130_fd_sc_hd__xor2_1)
                                                         _0488_ (net)
                      0.054721    0.000066    1.356014 v _0774_/B (sky130_fd_sc_hd__or4_1)
     3    0.008810    0.121254    0.553755    1.909769 v _0774_/X (sky130_fd_sc_hd__or4_1)
                                                         _0491_ (net)
                      0.121254    0.000227    1.909996 v _0776_/A_N (sky130_fd_sc_hd__nand2b_1)
     4    0.013917    0.126008    0.232683    2.142679 v _0776_/Y (sky130_fd_sc_hd__nand2b_1)
                                                         net4 (net)
                      0.126010    0.000768    2.143447 v output4/A (sky130_fd_sc_hd__buf_2)
     1    0.034918    0.091104    0.217667    2.361115 v output4/X (sky130_fd_sc_hd__buf_2)
                                                         led_status[1] (net)
                      0.091115    0.000989    2.362103 v led_status[1] (out)
                                              2.362103   data arrival time

                                100.000000  100.000000   clock clk_10mhz (rise edge)
                                  0.000000  100.000000   clock network delay (propagated)
                                 -0.250000   99.750000   clock uncertainty
                                  0.000000   99.750000   clock reconvergence pessimism
                                -20.000000   79.750000   output external delay
                                             79.750000   data required time
---------------------------------------------------------------------------------------------
                                             79.750000   data required time
                                             -2.362103   data arrival time
---------------------------------------------------------------------------------------------
                                             77.387894   slack (MET)




===========================================================================
report_checks --slack_max -0.01
============================================================================
======================= nom_tt_025C_1v80 Corner ===================================

No paths found.


===========================================================================
 report_check_types -max_slew -max_cap -max_fanout -violators
============================================================================
======================= nom_tt_025C_1v80 Corner ===================================

max fanout

Pin                                   Limit Fanout  Slack
---------------------------------------------------------
clkbuf_leaf_2_clk_10mhz/X                10     16     -6 (VIOLATED)
clkbuf_leaf_8_clk_10mhz/X                10     16     -6 (VIOLATED)
clkbuf_leaf_14_clk_10mhz/X               10     15     -5 (VIOLATED)
clkbuf_leaf_13_clk_10mhz/X               10     14     -4 (VIOLATED)
clkbuf_leaf_26_clk_10mhz/X               10     14     -4 (VIOLATED)
clkbuf_leaf_17_clk_10mhz/X               10     13     -3 (VIOLATED)
clkbuf_leaf_18_clk_10mhz/X               10     13     -3 (VIOLATED)
clkbuf_leaf_5_clk_10mhz/X                10     13     -3 (VIOLATED)
clkbuf_leaf_7_clk_10mhz/X                10     13     -3 (VIOLATED)
clkbuf_leaf_10_clk_10mhz/X               10     12     -2 (VIOLATED)
clkbuf_leaf_11_clk_10mhz/X               10     12     -2 (VIOLATED)
clkbuf_leaf_12_clk_10mhz/X               10     11        (VIOLATED)
clkbuf_leaf_15_clk_10mhz/X               10     11        (VIOLATED)



===========================================================================
report_parasitic_annotation -report_unannotated
============================================================================
Found 31 unannotated drivers.
 _1782__66/HI
 _1782__68/LO
 _1783__67/HI
 clkload0/X
 clkload1/X
 clkload10/Y
 clkload11/Y
 clkload12/Y
 clkload13/Y
 clkload14/Y
 clkload15/X
 clkload16/Y
 clkload17/Y
 clkload18/Y
 clkload19/Y
 clkload2/X
 clkload20/Y
 clkload21/Y
 clkload22/Y
 clkload23/Y
 clkload24/Y
 clkload25/X
 clkload26/Y
 clkload27/Y
 clkload3/Y
 clkload4/Y
 clkload5/Y
 clkload6/Y
 clkload7/Y
 clkload8/Y
 clkload9/Y
Found 2 partially unannotated drivers.
 i2c_scl
 i2c_sda

===========================================================================
max slew violation count 0
Writing metric design__max_slew_violation__count__corner:nom_tt_025C_1v80: 0
max fanout violation count 13
Writing metric design__max_fanout_violation__count__corner:nom_tt_025C_1v80: 13
max cap violation count 0
Writing metric design__max_cap_violation__count__corner:nom_tt_025C_1v80: 0
============================================================================

===========================================================================
check_setup -verbose -unconstrained_endpoints -multiple_clock -no_clock -no_input_delay -loops -generated_clocks
===========================================================================
Warning: There is 1 unconstrained endpoint.
  i2c_sda
