Clock: clk_10mhz
Sources: clk_10mhz 
Generated: no
Virtual: yes
Propagated: no
Period: 100.000000

===========================================================================
report_clock_properties
============================================================================
Clock                   Period          Waveform
----------------------------------------------------
clk_10mhz           100.000000    0.000000 50.000000

===========================================================================
report_clock_latency
============================================================================
Clock clk_10mhz
rise -> rise
    min     max
0.000000 0.000000 source latency
0.555233         network latency _1629_/CLK
        0.573884 network latency _1656_/CLK
---------------
0.555233 0.573884 latency
        0.018651 skew

fall -> fall
    min     max
0.000000 0.000000 source latency
0.520444         network latency _1629_/CLK
        0.533422 network latency _1656_/CLK
---------------
0.520444 0.533422 latency
        0.012978 skew



===========================================================================
report_clock_min_period
============================================================================
clk_10mhz period_min = 3.12 fmax = 320.29
