
===========================================================================
 report_power
============================================================================
======================= nom_tt_025C_1v80 Corner ===================================

Group                    Internal    Switching      Leakage        Total
                            Power        Power        Power        Power (Watts)
------------------------------------------------------------------------
Sequential           1.131242e-04 1.778816e-08 3.047332e-09 1.131450e-04  52.4%
Combinational        3.210436e-07 9.001967e-07 4.985378e-09 1.226226e-06   0.6%
Clock                5.832908e-05 4.342947e-05 8.786898e-10 1.017594e-04  47.1%
Macro                0.000000e+00 0.000000e+00 0.000000e+00 0.000000e+00   0.0%
Pad                  0.000000e+00 0.000000e+00 0.000000e+00 0.000000e+00   0.0%
------------------------------------------------------------------------
Total                1.717743e-04 4.434745e-05 8.911402e-09 2.161307e-04 100.0%
                            79.5%        20.5%         0.0%
Writing metric power__internal__total: 0.0001717743434710428
Writing metric power__switching__total: 4.434745278558694e-5
Writing metric power__leakage__total: 8.911402282762992e-9
Writing metric power__total: 0.00021613070566672832

