Clock: clk_10mhz
Sources: clk_10mhz 
Generated: no
Virtual: yes
Propagated: no
Period: 100.000000

===========================================================================
report_clock_properties
============================================================================
Clock                   Period          Waveform
----------------------------------------------------
clk_10mhz           100.000000    0.000000 50.000000

===========================================================================
report_clock_latency
============================================================================
Clock clk_10mhz
rise -> rise
    min     max
0.000000 0.000000 source latency
1.083149         network latency _1646_/CLK
        1.113739 network latency _1611_/CLK
---------------
1.083149 1.113739 latency
        0.030590 skew

fall -> fall
    min     max
0.000000 0.000000 source latency
1.010729         network latency _1646_/CLK
        1.034636 network latency _1611_/CLK
---------------
1.010729 1.034636 latency
        0.023906 skew



===========================================================================
report_clock_min_period
============================================================================
clk_10mhz period_min = 6.59 fmax = 151.70
