
===========================================================================
 report_power
============================================================================
======================= max_ss_100C_1v60 Corner ===================================

Group                    Internal    Switching      Leakage        Total
                            Power        Power        Power        Power (Watts)
------------------------------------------------------------------------
Sequential           8.698599e-05 1.192778e-08 4.530963e-06 9.152888e-05  49.7%
Combinational        2.603320e-07 7.579152e-07 5.285925e-06 6.304173e-06   3.4%
Clock                4.793870e-05 3.776567e-05 7.245237e-07 8.642889e-05  46.9%
Macro                0.000000e+00 0.000000e+00 0.000000e+00 0.000000e+00   0.0%
Pad                  0.000000e+00 0.000000e+00 0.000000e+00 0.000000e+00   0.0%
------------------------------------------------------------------------
Total                1.351850e-04 3.853551e-05 1.054150e-05 1.842621e-04 100.0%
                            73.4%        20.9%         5.7%

