Reading timing models for corner nom_tt_025C_1v80…
Reading timing library for the 'nom_tt_025C_1v80' corner at '/home/duncan/.volare/volare/sky130/versions/0fe599b2afb6708d281543108caf8310912f54af/sky130A/libs.ref/sky130_fd_sc_hd/lib/sky130_fd_sc_hd__tt_025C_1v80.lib'…
Reading timing models for corner nom_ff_n40C_1v95…
Reading timing library for the 'nom_ff_n40C_1v95' corner at '/home/duncan/.volare/volare/sky130/versions/0fe599b2afb6708d281543108caf8310912f54af/sky130A/libs.ref/sky130_fd_sc_hd/lib/sky130_fd_sc_hd__ff_n40C_1v95.lib'…
Reading timing models for corner nom_ss_100C_1v60…
Reading timing library for the 'nom_ss_100C_1v60' corner at '/home/duncan/.volare/volare/sky130/versions/0fe599b2afb6708d281543108caf8310912f54af/sky130A/libs.ref/sky130_fd_sc_hd/lib/sky130_fd_sc_hd__ss_100C_1v60.lib'…
Reading OpenROAD database at '/home/duncan/sem3project_add/runs/RUN_2026-08-27_07-32-05/34-openroad-cts/dual_sensor_top.odb'…
Reading design constraints file at '/nix/store/ss2cw3sxbrwwx9jl0rrppbw4kgcmgi2n-python3-3.11.9-env/lib/python3.11/site-packages/openlane/scripts/base.sdc'…
[INFO] Using clock clk_10mhz…
[INFO] Setting output delay to: 20.0
[INFO] Setting input delay to: 20.0
[INFO] Setting load to: 0.033442
[INFO] Setting clock uncertainty to: 0.25
[INFO] Setting clock transition to: 0.1499999999999999944488848768742172978818416595458984375
[INFO] Setting timing derate to: 5%
[INFO] Setting RC values…
[INFO RSZ-0098] No setup violations found
[INFO RSZ-0046] Found 225 endpoints with hold violations.
Iteration | Resized | Buffers | Cloned Gates |   WNS   |   TNS   | Endpoint
---------------------------------------------------------------------------
        0 |       0 |       0 |            0 |  -0.115 |  -0.145 | _1542_/RESET_B
    final |       0 |     213 |            0 |   0.100 |   0.000 | _1776_/D
---------------------------------------------------------------------------
[INFO RSZ-0032] Inserted 213 hold buffers.
Placement Analysis
---------------------------------
total displacement        991.6 u
average displacement        0.5 u
max displacement           11.0 u
original HPWL           23629.4 u
legalized HPWL          25239.7 u
delta HPWL                    7 %

[INFO DPL-0020] Mirrored 537 instances
[INFO DPL-0021] HPWL before           25239.7 u
[INFO DPL-0022] HPWL after            24185.4 u
[INFO DPL-0023] HPWL delta               -4.2 %
[INFO] Setting RC values…
Setting global connections for newly added cells…
[INFO] Setting global connections...
Updating metrics…
Cell type report:                       Count       Area
  Fill cell                               128     480.46
  Tap cell                                429     536.76
  Buffer                                    3      11.26
  Clock buffer                             39     586.81
  Timing Repair Buffer                    278    2498.65
  Inverter                                 33     123.87
  Clock inverter                           23     345.33
  Sequential cell                         282    6433.67
  Multi-Input combinational cell          718    6069.57
  Total                                  1933   17086.39
Writing OpenROAD database to '/home/duncan/sem3project_add/runs/RUN_2026-08-27_07-32-05/36-openroad-resizertimingpostcts/dual_sensor_top.odb'…
Writing netlist to '/home/duncan/sem3project_add/runs/RUN_2026-08-27_07-32-05/36-openroad-resizertimingpostcts/dual_sensor_top.nl.v'…
Writing powered netlist to '/home/duncan/sem3project_add/runs/RUN_2026-08-27_07-32-05/36-openroad-resizertimingpostcts/dual_sensor_top.pnl.v'…
Writing layout to '/home/duncan/sem3project_add/runs/RUN_2026-08-27_07-32-05/36-openroad-resizertimingpostcts/dual_sensor_top.def'…
Writing timing constraints to '/home/duncan/sem3project_add/runs/RUN_2026-08-27_07-32-05/36-openroad-resizertimingpostcts/dual_sensor_top.sdc'…
