
===========================================================================
 report_power
============================================================================
======================= nom_tt_025C_1v80 Corner ===================================

Group                    Internal    Switching      Leakage        Total
                            Power        Power        Power        Power (Watts)
------------------------------------------------------------------------
Sequential           1.133806e-04 1.633284e-08 2.932807e-09 1.133999e-04 100.0%
Combinational        9.287872e-09 5.863752e-15 3.435686e-09 1.272356e-08   0.0%
Clock                0.000000e+00 0.000000e+00 0.000000e+00 0.000000e+00   0.0%
Macro                0.000000e+00 0.000000e+00 0.000000e+00 0.000000e+00   0.0%
Pad                  0.000000e+00 0.000000e+00 0.000000e+00 0.000000e+00   0.0%
------------------------------------------------------------------------
Total                1.133899e-04 1.633284e-08 6.368499e-09 1.134126e-04 100.0%
                           100.0%         0.0%         0.0%

