Reading OpenROAD database at '/home/duncan/sem3project_add/runs/RUN_2026-08-27_07-32-05/36-openroad-resizertimingpostcts/dual_sensor_top.odb'…
Reading library file at '/home/duncan/.volare/volare/sky130/versions/0fe599b2afb6708d281543108caf8310912f54af/sky130A/libs.ref/sky130_fd_sc_hd/lib/sky130_fd_sc_hd__tt_025C_1v80.lib'…
Reading design constraints file at '/nix/store/ss2cw3sxbrwwx9jl0rrppbw4kgcmgi2n-python3-3.11.9-env/lib/python3.11/site-packages/openlane/scripts/base.sdc'…
[INFO] Using clock clk_10mhz…
[INFO] Setting output delay to: 20.0
[INFO] Setting input delay to: 20.0
[INFO] Setting load to: 0.033442
[INFO] Setting clock uncertainty to: 0.25
[INFO] Setting clock transition to: 0.1499999999999999944488848768742172978818416595458984375
[INFO] Setting timing derate to: 5%
[INFO] Setting signal min routing layer to: met1 and clock min routing layer to met1. 
[INFO] Setting signal max routing layer to: met5 and clock max routing layer to met5. 
-congestion_iterations 50 -verbose
[INFO GRT-0020] Min routing layer: met1
[INFO GRT-0021] Max routing layer: met5
[INFO GRT-0022] Global adjustment: 30%
[INFO GRT-0023] Grid origin: (0, 0)
[INFO GRT-0043] No OR_DEFAULT vias defined.
[INFO GRT-0088] Layer li1     Track-Pitch = 0.4600  line-2-Via Pitch: 0.3400
[INFO GRT-0088] Layer met1    Track-Pitch = 0.3400  line-2-Via Pitch: 0.3400
[INFO GRT-0088] Layer met2    Track-Pitch = 0.4600  line-2-Via Pitch: 0.3500
[INFO GRT-0088] Layer met3    Track-Pitch = 0.6800  line-2-Via Pitch: 0.6150
[INFO GRT-0088] Layer met4    Track-Pitch = 0.9200  line-2-Via Pitch: 1.0400
[INFO GRT-0088] Layer met5    Track-Pitch = 3.4000  line-2-Via Pitch: 3.1100
[INFO GRT-0019] Found 35 clock nets.
[INFO GRT-0001] Minimum degree: 2
[INFO GRT-0002] Maximum degree: 17
[INFO GRT-0003] Macros: 0
[INFO GRT-0043] No OR_DEFAULT vias defined.
[INFO GRT-0004] Blockages: 3986

[INFO GRT-0053] Routing resources analysis:
          Routing      Original      Derated      Resource
Layer     Direction    Resources     Resources    Reduction (%)
---------------------------------------------------------------
li1        Vertical            0             0          0.00%
met1       Horizontal      14806          7018          52.60%
met2       Vertical        11342          7272          35.88%
met3       Horizontal       7390          4975          32.68%
met4       Vertical         4604          2818          38.79%
met5       Horizontal       1478           675          54.33%
---------------------------------------------------------------

[INFO GRT-0197] Via related to pin nodes: 7080
[INFO GRT-0198] Via related Steiner nodes: 132
[INFO GRT-0199] Via filling finished.
[INFO GRT-0111] Final number of vias: 8698
[INFO GRT-0112] Final usage 3D: 30284

[INFO GRT-0096] Final congestion report:
Layer         Resource        Demand        Usage (%)    Max H / Max V / Total Overflow
---------------------------------------------------------------------------------------
li1                  0             0            0.00%             0 /  0 /  0
met1              7018          2077           29.60%             0 /  0 /  0
met2              7272          1991           27.38%             0 /  0 /  0
met3              4975            64            1.29%             0 /  0 /  0
met4              2818            58            2.06%             0 /  0 /  0
met5               675             0            0.00%             0 /  0 /  0
---------------------------------------------------------------------------------------
Total            22758          4190           18.41%             0 /  0 /  0

[INFO GRT-0018] Total wirelength: 48955 um
[INFO GRT-0014] Routed nets: 1351
%OL_CREATE_REPORT antenna.rpt
[INFO GRT-0043] No OR_DEFAULT vias defined.
[INFO ANT-0002] Found 0 net violations.
[INFO ANT-0001] Found 0 pin violations.
%OL_END_REPORT
[INFO] Setting RC values…
Setting global connections for newly added cells…
[INFO] Setting global connections...
Updating metrics…
Cell type report:                       Count       Area
  Fill cell                               128     480.46
  Tap cell                                429     536.76
  Buffer                                    3      11.26
  Clock buffer                             39     586.81
  Timing Repair Buffer                    278    2498.65
  Inverter                                 33     123.87
  Clock inverter                           23     345.33
  Sequential cell                         282    6433.67
  Multi-Input combinational cell          718    6069.57
  Total                                  1933   17086.39
Writing OpenROAD database to '/home/duncan/sem3project_add/runs/RUN_2026-08-27_07-32-05/38-openroad-globalrouting/dual_sensor_top.odb'…
Writing layout to '/home/duncan/sem3project_add/runs/RUN_2026-08-27_07-32-05/38-openroad-globalrouting/dual_sensor_top.def'…
