
===========================================================================
report_checks -unconstrained
===========================================================================
======================= max_ff_n40C_1v95 Corner ===================================

Startpoint: rst_n (input port clocked by clk_10mhz)
Endpoint: _1581_ (recovery check against rising-edge clock clk_10mhz)
Path Group: asynchronous
Path Type: max

Fanout         Cap        Slew       Delay        Time   Description
---------------------------------------------------------------------------------------------
                                  0.000000    0.000000   clock clk_10mhz (rise edge)
                                  0.000000    0.000000   clock network delay (propagated)
                                 20.000000   20.000000 ^ input external delay
     1    0.002906    0.014298    0.007560   20.007561 ^ rst_n (in)
                                                         rst_n (net)
                      0.014299    0.000000   20.007561 ^ input1/A (sky130_fd_sc_hd__clkbuf_1)
     1    0.002493    0.029599    0.045960   20.053520 ^ input1/X (sky130_fd_sc_hd__clkbuf_1)
                                                         net1 (net)
                      0.029600    0.000163   20.053684 ^ fanout65/A (sky130_fd_sc_hd__buf_2)
     6    0.037031    0.138298    0.141997   20.195681 ^ fanout65/X (sky130_fd_sc_hd__buf_2)
                                                         net65 (net)
                      0.138438    0.003606   20.199286 ^ fanout53/A (sky130_fd_sc_hd__clkbuf_4)
     9    0.049018    0.116544    0.174309   20.373594 ^ fanout53/X (sky130_fd_sc_hd__clkbuf_4)
                                                         net53 (net)
                      0.117012    0.005969   20.379564 ^ _0807_/A (sky130_fd_sc_hd__and2_1)
     3    0.023706    0.176838    0.188161   20.567724 ^ _0807_/X (sky130_fd_sc_hd__and2_1)
                                                         u_max30102_ctrl.rst_n (net)
                      0.176913    0.003016   20.570740 ^ fanout25/A (sky130_fd_sc_hd__clkbuf_4)
    10    0.053978    0.127565    0.188731   20.759472 ^ fanout25/X (sky130_fd_sc_hd__clkbuf_4)
                                                         net25 (net)
                      0.127630    0.002379   20.761850 ^ fanout24/A (sky130_fd_sc_hd__clkbuf_4)
     9    0.044698    0.107151    0.165940   20.927790 ^ fanout24/X (sky130_fd_sc_hd__clkbuf_4)
                                                         net24 (net)
                      0.107525    0.005125   20.932915 ^ _1581_/SET_B (sky130_fd_sc_hd__dfstp_1)
                                             20.932915   data arrival time

                                100.000000  100.000000   clock clk_10mhz (rise edge)
                                  0.000000  100.000000   clock source latency
     1    0.029838    0.104012    0.073108  100.073105 ^ clk_10mhz (in)
                                                         clk_10mhz (net)
                      0.104168    0.000000  100.073105 ^ clkbuf_0_clk_10mhz/A (sky130_fd_sc_hd__clkbuf_16)
     4    0.057351    0.058105    0.125162  100.198265 ^ clkbuf_0_clk_10mhz/X (sky130_fd_sc_hd__clkbuf_16)
                                                         clknet_0_clk_10mhz (net)
                      0.058493    0.003702  100.201965 ^ clkbuf_2_2__f_clk_10mhz/A (sky130_fd_sc_hd__clkbuf_16)
     8    0.068409    0.065708    0.118582  100.320549 ^ clkbuf_2_2__f_clk_10mhz/X (sky130_fd_sc_hd__clkbuf_16)
                                                         clknet_2_2__leaf_clk_10mhz (net)
                      0.066457    0.005528  100.326080 ^ clkbuf_leaf_20_clk_10mhz/A (sky130_fd_sc_hd__clkbuf_8)
     8    0.032011    0.051667    0.108898  100.434975 ^ clkbuf_leaf_20_clk_10mhz/X (sky130_fd_sc_hd__clkbuf_8)
                                                         clknet_leaf_20_clk_10mhz (net)
                      0.051692    0.001037  100.436012 ^ _1581_/CLK (sky130_fd_sc_hd__dfstp_1)
                                 -0.250000  100.186020   clock uncertainty
                                  0.000000  100.186020   clock reconvergence pessimism
                                  0.089567  100.275581   library recovery time
                                            100.275581   data required time
---------------------------------------------------------------------------------------------
                                            100.275581   data required time
                                            -20.932915   data arrival time
---------------------------------------------------------------------------------------------
                                             79.342667   slack (MET)


Startpoint: _1712_ (rising edge-triggered flip-flop clocked by clk_10mhz)
Endpoint: led_status[1] (output port clocked by clk_10mhz)
Path Group: clk_10mhz
Path Type: max

Fanout         Cap        Slew       Delay        Time   Description
---------------------------------------------------------------------------------------------
                                  0.000000    0.000000   clock clk_10mhz (rise edge)
                                  0.000000    0.000000   clock source latency
     1    0.029838    0.104012    0.073111    0.073111 ^ clk_10mhz (in)
                                                         clk_10mhz (net)
                      0.104168    0.000000    0.073111 ^ clkbuf_0_clk_10mhz/A (sky130_fd_sc_hd__clkbuf_16)
     4    0.057351    0.058105    0.125160    0.198270 ^ clkbuf_0_clk_10mhz/X (sky130_fd_sc_hd__clkbuf_16)
                                                         clknet_0_clk_10mhz (net)
                      0.058403    0.003236    0.201507 ^ clkbuf_2_0__f_clk_10mhz/A (sky130_fd_sc_hd__clkbuf_16)
     8    0.066331    0.064216    0.117909    0.319415 ^ clkbuf_2_0__f_clk_10mhz/X (sky130_fd_sc_hd__clkbuf_16)
                                                         clknet_2_0__leaf_clk_10mhz (net)
                      0.064420    0.002852    0.322268 ^ clkbuf_leaf_2_clk_10mhz/A (sky130_fd_sc_hd__clkbuf_8)
    16    0.049796    0.073554    0.123481    0.445749 ^ clkbuf_leaf_2_clk_10mhz/X (sky130_fd_sc_hd__clkbuf_8)
                                                         clknet_leaf_2_clk_10mhz (net)
                      0.073653    0.002173    0.447921 ^ _1712_/CLK (sky130_fd_sc_hd__dfrtp_1)
     5    0.014456    0.063078    0.272067    0.719989 v _1712_/Q (sky130_fd_sc_hd__dfrtp_1)
                                                         u_fifo.wr_ptr[0] (net)
                      0.063091    0.000916    0.720905 v fanout30/A (sky130_fd_sc_hd__buf_2)
    10    0.038352    0.068876    0.134998    0.855903 v fanout30/X (sky130_fd_sc_hd__buf_2)
                                                         net30 (net)
                      0.068939    0.001860    0.857763 v _0771_/A (sky130_fd_sc_hd__xor2_1)
     1    0.003200    0.046322    0.112106    0.969869 v _0771_/X (sky130_fd_sc_hd__xor2_1)
                                                         _0488_ (net)
                      0.046322    0.000231    0.970100 v _0774_/B (sky130_fd_sc_hd__or4_1)
     3    0.009233    0.081972    0.320913    1.291012 v _0774_/X (sky130_fd_sc_hd__or4_1)
                                                         _0491_ (net)
                      0.081972    0.000344    1.291356 v _0776_/A_N (sky130_fd_sc_hd__nand2b_1)
     4    0.018585    0.103416    0.157687    1.449043 v _0776_/Y (sky130_fd_sc_hd__nand2b_1)
                                                         net4 (net)
                      0.103472    0.001991    1.451034 v output4/A (sky130_fd_sc_hd__buf_2)
     1    0.034200    0.062852    0.146099    1.597133 v output4/X (sky130_fd_sc_hd__buf_2)
                                                         led_status[1] (net)
                      0.062909    0.001700    1.598833 v led_status[1] (out)
                                              1.598833   data arrival time

                                100.000000  100.000000   clock clk_10mhz (rise edge)
                                  0.000000  100.000000   clock network delay (propagated)
                                 -0.250000   99.750000   clock uncertainty
                                  0.000000   99.750000   clock reconvergence pessimism
                                -20.000000   79.750000   output external delay
                                             79.750000   data required time
---------------------------------------------------------------------------------------------
                                             79.750000   data required time
                                             -1.598833   data arrival time
---------------------------------------------------------------------------------------------
                                             78.151161   slack (MET)




===========================================================================
report_checks --slack_max -0.01
============================================================================
======================= max_ff_n40C_1v95 Corner ===================================

No paths found.


===========================================================================
 report_check_types -max_slew -max_cap -max_fanout -violators
============================================================================
======================= max_ff_n40C_1v95 Corner ===================================

max fanout

Pin                                   Limit Fanout  Slack
---------------------------------------------------------
clkbuf_leaf_2_clk_10mhz/X                10     16     -6 (VIOLATED)
clkbuf_leaf_8_clk_10mhz/X                10     16     -6 (VIOLATED)
clkbuf_leaf_14_clk_10mhz/X               10     15     -5 (VIOLATED)
clkbuf_leaf_13_clk_10mhz/X               10     14     -4 (VIOLATED)
clkbuf_leaf_26_clk_10mhz/X               10     14     -4 (VIOLATED)
clkbuf_leaf_17_clk_10mhz/X               10     13     -3 (VIOLATED)
clkbuf_leaf_18_clk_10mhz/X               10     13     -3 (VIOLATED)
clkbuf_leaf_5_clk_10mhz/X                10     13     -3 (VIOLATED)
clkbuf_leaf_7_clk_10mhz/X                10     13     -3 (VIOLATED)
clkbuf_leaf_10_clk_10mhz/X               10     12     -2 (VIOLATED)
clkbuf_leaf_11_clk_10mhz/X               10     12     -2 (VIOLATED)
clkbuf_leaf_12_clk_10mhz/X               10     11        (VIOLATED)
clkbuf_leaf_15_clk_10mhz/X               10     11        (VIOLATED)



===========================================================================
report_parasitic_annotation -report_unannotated
============================================================================
Found 31 unannotated drivers.
 _1782__66/HI
 _1782__68/LO
 _1783__67/HI
 clkload0/X
 clkload1/X
 clkload10/Y
 clkload11/Y
 clkload12/Y
 clkload13/Y
 clkload14/Y
 clkload15/X
 clkload16/Y
 clkload17/Y
 clkload18/Y
 clkload19/Y
 clkload2/X
 clkload20/Y
 clkload21/Y
 clkload22/Y
 clkload23/Y
 clkload24/Y
 clkload25/X
 clkload26/Y
 clkload27/Y
 clkload3/Y
 clkload4/Y
 clkload5/Y
 clkload6/Y
 clkload7/Y
 clkload8/Y
 clkload9/Y
Found 0 partially unannotated drivers.

===========================================================================
max slew violation count 0
max fanout violation count 13
max cap violation count 0
============================================================================

===========================================================================
check_setup -verbose -unconstrained_endpoints -multiple_clock -no_clock -no_input_delay -loops -generated_clocks
===========================================================================
Warning: There is 1 unconstrained endpoint.
  i2c_sda
