Clock: clk_10mhz
Sources: clk_10mhz 
Generated: no
Virtual: yes
Propagated: no
Period: 100.000000

===========================================================================
report_clock_properties
============================================================================
Clock                   Period          Waveform
----------------------------------------------------
clk_10mhz           100.000000    0.000000 50.000000

===========================================================================
report_clock_latency
============================================================================
Clock clk_10mhz
rise -> rise
    min     max
0.000000 0.000000 source latency
0.432770         network latency _1646_/CLK
        0.451055 network latency _1611_/CLK
---------------
0.432770 0.451055 latency
        0.018285 skew

fall -> fall
    min     max
0.000000 0.000000 source latency
0.389488         network latency _1646_/CLK
        0.401830 network latency _1611_/CLK
---------------
0.389488 0.401830 latency
        0.012342 skew



===========================================================================
report_clock_min_period
============================================================================
clk_10mhz period_min = 2.12 fmax = 471.05
