
===========================================================================
 report_power
============================================================================
======================= max_ff_n40C_1v95 Corner ===================================

Group                    Internal    Switching      Leakage        Total
                            Power        Power        Power        Power (Watts)
------------------------------------------------------------------------
Sequential           1.315212e-04 1.878545e-08 4.665044e-09 1.315446e-04  50.9%
Combinational        3.627115e-07 1.189884e-06 1.126765e-08 1.563864e-06   0.6%
Clock                6.669266e-05 5.842295e-05 5.353646e-09 1.251210e-04  48.5%
Macro                0.000000e+00 0.000000e+00 0.000000e+00 0.000000e+00   0.0%
Pad                  0.000000e+00 0.000000e+00 0.000000e+00 0.000000e+00   0.0%
------------------------------------------------------------------------
Total                1.985765e-04 5.963161e-05 2.128639e-08 2.582294e-04 100.0%
                            76.9%        23.1%         0.0%

