                                                                        Cells by Master                                                                         
┏━━━━━━━━━━━━━━━━━━━━━━━━━━━━━━━━━━━━━━━━━━━━━━━━━━━━━━━━━━━━━━━━━━━━━━━━━━━━━━━━━━━━━━━━━━━━━━━━━━━━━━━━━━━━━━━━━━━━━━━━━━━━━━━━━┳━━━━━━━━━━━━━━━━━━━━━━━━━━━━┓
┃ Cell                                                                                                                            ┃ Count                      ┃
┡━━━━━━━━━━━━━━━━━━━━━━━━━━━━━━━━━━━━━━━━━━━━━━━━━━━━━━━━━━━━━━━━━━━━━━━━━━━━━━━━━━━━━━━━━━━━━━━━━━━━━━━━━━━━━━━━━━━━━━━━━━━━━━━━━╇━━━━━━━━━━━━━━━━━━━━━━━━━━━━┩
│ sky130_ef_sc_hd__decap_12                                                                                                       │ 522                        │
│ sky130_fd_sc_hd__a2111o_1                                                                                                       │ 5                          │
│ sky130_fd_sc_hd__a211o_1                                                                                                        │ 5                          │
│ sky130_fd_sc_hd__a21bo_1                                                                                                        │ 3                          │
│ sky130_fd_sc_hd__a21boi_1                                                                                                       │ 1                          │
│ sky130_fd_sc_hd__a21o_1                                                                                                         │ 27                         │
│ sky130_fd_sc_hd__a21oi_1                                                                                                        │ 20                         │
│ sky130_fd_sc_hd__a21oi_2                                                                                                        │ 2                          │
│ sky130_fd_sc_hd__a221o_1                                                                                                        │ 23                         │
│ sky130_fd_sc_hd__a22o_1                                                                                                         │ 42                         │
│ sky130_fd_sc_hd__a2bb2o_1                                                                                                       │ 3                          │
│ sky130_fd_sc_hd__a311o_1                                                                                                        │ 3                          │
│ sky130_fd_sc_hd__a31o_1                                                                                                         │ 9                          │
│ sky130_fd_sc_hd__a31oi_1                                                                                                        │ 1                          │
│ sky130_fd_sc_hd__a32o_1                                                                                                         │ 30                         │
│ sky130_fd_sc_hd__a41oi_2                                                                                                        │ 1                          │
│ sky130_fd_sc_hd__and2_1                                                                                                         │ 33                         │
│ sky130_fd_sc_hd__and2b_1                                                                                                        │ 3                          │
│ sky130_fd_sc_hd__and2b_2                                                                                                        │ 1                          │
│ sky130_fd_sc_hd__and3_1                                                                                                         │ 33                         │
│ sky130_fd_sc_hd__and3_2                                                                                                         │ 3                          │
│ sky130_fd_sc_hd__and3_4                                                                                                         │ 4                          │
│ sky130_fd_sc_hd__and3b_1                                                                                                        │ 4                          │
│ sky130_fd_sc_hd__and3b_2                                                                                                        │ 2                          │
│ sky130_fd_sc_hd__and4_1                                                                                                         │ 13                         │
│ sky130_fd_sc_hd__and4_2                                                                                                         │ 2                          │
│ sky130_fd_sc_hd__and4_4                                                                                                         │ 6                          │
│ sky130_fd_sc_hd__and4b_4                                                                                                        │ 12                         │
│ sky130_fd_sc_hd__buf_1                                                                                                          │ 2                          │
│ sky130_fd_sc_hd__buf_2                                                                                                          │ 28                         │
│ sky130_fd_sc_hd__bufinv_16                                                                                                      │ 6                          │
│ sky130_fd_sc_hd__clkbuf_1                                                                                                       │ 4                          │
│ sky130_fd_sc_hd__clkbuf_16                                                                                                      │ 5                          │
│ sky130_fd_sc_hd__clkbuf_2                                                                                                       │ 16                         │
│ sky130_fd_sc_hd__clkbuf_4                                                                                                       │ 19                         │
│ sky130_fd_sc_hd__clkbuf_8                                                                                                       │ 33                         │
│ sky130_fd_sc_hd__clkinv_2                                                                                                       │ 1                          │
│ sky130_fd_sc_hd__clkinv_4                                                                                                       │ 3                          │
│ sky130_fd_sc_hd__clkinv_8                                                                                                       │ 2                          │
│ sky130_fd_sc_hd__clkinvlp_4                                                                                                     │ 2                          │
│ sky130_fd_sc_hd__conb_1                                                                                                         │ 3                          │
│ sky130_fd_sc_hd__decap_3                                                                                                        │ 300                        │
│ sky130_fd_sc_hd__decap_4                                                                                                        │ 207                        │
│ sky130_fd_sc_hd__decap_6                                                                                                        │ 149                        │
│ sky130_fd_sc_hd__decap_8                                                                                                        │ 172                        │
│ sky130_fd_sc_hd__dfrtp_1                                                                                                        │ 116                        │
│ sky130_fd_sc_hd__dfrtp_2                                                                                                        │ 19                         │
│ sky130_fd_sc_hd__dfrtp_4                                                                                                        │ 8                          │
│ sky130_fd_sc_hd__dfstp_1                                                                                                        │ 3                          │
│ sky130_fd_sc_hd__dfxtp_1                                                                                                        │ 136                        │
│ sky130_fd_sc_hd__dlygate4sd3_1                                                                                                  │ 213                        │
│ sky130_fd_sc_hd__ebufn_8                                                                                                        │ 2                          │
│ sky130_fd_sc_hd__fill_1                                                                                                         │ 372                        │
│ sky130_fd_sc_hd__fill_2                                                                                                         │ 207                        │
│ sky130_fd_sc_hd__inv_2                                                                                                          │ 33                         │
│ sky130_fd_sc_hd__inv_6                                                                                                          │ 6                          │
│ sky130_fd_sc_hd__inv_8                                                                                                          │ 3                          │
│ sky130_fd_sc_hd__mux2_1                                                                                                         │ 155                        │
│ sky130_fd_sc_hd__mux4_1                                                                                                         │ 1                          │
│ sky130_fd_sc_hd__nand2_1                                                                                                        │ 39                         │
│ sky130_fd_sc_hd__nand2_4                                                                                                        │ 5                          │
│ sky130_fd_sc_hd__nand2b_1                                                                                                       │ 3                          │
│ sky130_fd_sc_hd__nand3_1                                                                                                        │ 4                          │
│ sky130_fd_sc_hd__nand4_2                                                                                                        │ 1                          │
│ sky130_fd_sc_hd__nor2_1                                                                                                         │ 32                         │
│ sky130_fd_sc_hd__nor2_2                                                                                                         │ 4                          │
│ sky130_fd_sc_hd__nor2_4                                                                                                         │ 4                          │
│ sky130_fd_sc_hd__nor3_1                                                                                                         │ 6                          │
│ sky130_fd_sc_hd__nor3b_1                                                                                                        │ 1                          │
│ sky130_fd_sc_hd__o211a_1                                                                                                        │ 6                          │
│ sky130_fd_sc_hd__o21a_1                                                                                                         │ 11                         │
│ sky130_fd_sc_hd__o21a_2                                                                                                         │ 1                          │
│ sky130_fd_sc_hd__o21ai_1                                                                                                        │ 11                         │
│ sky130_fd_sc_hd__o21ba_1                                                                                                        │ 12                         │
│ sky130_fd_sc_hd__o21bai_1                                                                                                       │ 1                          │
│ sky130_fd_sc_hd__o22a_1                                                                                                         │ 12                         │
│ sky130_fd_sc_hd__o2bb2a_1                                                                                                       │ 1                          │
│ sky130_fd_sc_hd__o31a_1                                                                                                         │ 3                          │
│ sky130_fd_sc_hd__o31ai_1                                                                                                        │ 4                          │
│ sky130_fd_sc_hd__o32a_1                                                                                                         │ 2                          │
│ sky130_fd_sc_hd__or2_1                                                                                                          │ 37                         │
│ sky130_fd_sc_hd__or2_4                                                                                                          │ 1                          │
│ sky130_fd_sc_hd__or3_1                                                                                                          │ 4                          │
│ sky130_fd_sc_hd__or3_2                                                                                                          │ 1                          │
│ sky130_fd_sc_hd__or3_4                                                                                                          │ 1                          │
│ sky130_fd_sc_hd__or3b_1                                                                                                         │ 1                          │
│ sky130_fd_sc_hd__or3b_2                                                                                                         │ 1                          │
│ sky130_fd_sc_hd__or4_1                                                                                                          │ 20                         │
│ sky130_fd_sc_hd__or4_2                                                                                                          │ 1                          │
│ sky130_fd_sc_hd__tapvpwrvgnd_1                                                                                                  │ 429                        │
│ sky130_fd_sc_hd__xnor2_1                                                                                                        │ 20                         │
│ sky130_fd_sc_hd__xor2_1                                                                                                         │ 16                         │
└─────────────────────────────────────────────────────────────────────────────────────────────────────────────────────────────────┴────────────────────────────┘
