┏━━━━━━━━━━━━━━━━━━━━━━┳━━━━━━━━━━┳━━━━━━━━━━┳━━━━━━━━━━┳━━━━━━━━━━┳━━━━━━━━━━━┳━━━━━━━━━━┳━━━━━━━━━━━┳━━━━━━━━━━┳━━━━━━━━━━━┳━━━━━━━━━━┳━━━━━━━━━━━┳━━━━━━━━━━┓
┃                      ┃ Hold     ┃ Reg to   ┃          ┃          ┃ of which  ┃ Setup    ┃           ┃          ┃           ┃ of which ┃           ┃          ┃
┃                      ┃ Worst    ┃ Reg      ┃          ┃ Hold Vio ┃ reg to    ┃ Worst    ┃ Reg to    ┃ Setup    ┃ Setup Vio ┃ reg to   ┃ Max Cap   ┃ Max Slew ┃
┃ Corner/Group         ┃ Slack    ┃ Paths    ┃ Hold TNS ┃ Count    ┃ reg       ┃ Slack    ┃ Reg Paths ┃ TNS      ┃ Count     ┃ reg      ┃ Violatio… ┃ Violati… ┃
┡━━━━━━━━━━━━━━━━━━━━━━╇━━━━━━━━━━╇━━━━━━━━━━╇━━━━━━━━━━╇━━━━━━━━━━╇━━━━━━━━━━━╇━━━━━━━━━━╇━━━━━━━━━━━╇━━━━━━━━━━╇━━━━━━━━━━━╇━━━━━━━━━━╇━━━━━━━━━━━╇━━━━━━━━━━┩
│ Overall              │ -0.0018  │ -0.0018  │ -0.0018  │ 1        │ 1         │ 75.4576  │ 93.3405   │ 0.0000   │ 0         │ 0        │ 1         │ 180      │
│ nom_tt_025C_1v80     │ 0.1315   │ 0.1315   │ 0.0000   │ 0        │ 0         │ 77.4970  │ 96.7857   │ 0.0000   │ 0         │ 0        │ 1         │ 180      │
│ nom_ss_100C_1v60     │ 0.5131   │ 0.5131   │ 0.0000   │ 0        │ 0         │ 75.4576  │ 93.3405   │ 0.0000   │ 0         │ 0        │ 1         │ 180      │
│ nom_ff_n40C_1v95     │ -0.0018  │ -0.0018  │ -0.0018  │ 1        │ 1         │ 78.2656  │ 97.9412   │ 0.0000   │ 0         │ 0        │ 1         │ 106      │
└──────────────────────┴──────────┴──────────┴──────────┴──────────┴───────────┴──────────┴───────────┴──────────┴───────────┴──────────┴───────────┴──────────┘
