Clock: clk_10mhz
Sources: clk_10mhz 
Generated: no
Virtual: no
Propagated: no
Period: 100.000000

===========================================================================
report_clock_properties
============================================================================
Clock                   Period          Waveform
----------------------------------------------------
clk_10mhz           100.000000    0.000000 50.000000

===========================================================================
report_clock_latency
============================================================================
Clock clk_10mhz
rise -> rise
    min     max
0.000000 0.000000 source latency
2.455048         network latency _1495_/CLK
        2.455048 network latency _1495_/CLK
---------------
2.455048 2.455048 latency
        0.000000 skew

fall -> fall
    min     max
0.000000 0.000000 source latency
1.367489         network latency _1495_/CLK
        1.367489 network latency _1495_/CLK
---------------
1.367489 1.367489 latency
        0.000000 skew



===========================================================================
report_clock_min_period
============================================================================
clk_10mhz period_min = 6.66 fmax = 150.16
