
===========================================================================
 report_power
============================================================================
======================= nom_ss_100C_1v60 Corner ===================================

Group                    Internal    Switching      Leakage        Total
                            Power        Power        Power        Power (Watts)
------------------------------------------------------------------------
Sequential           8.679406e-05 1.248640e-08 4.780934e-06 9.158748e-05  95.7%
Combinational        5.205482e-09 4.614016e-15 4.154351e-06 4.159557e-06   4.3%
Clock                0.000000e+00 0.000000e+00 0.000000e+00 0.000000e+00   0.0%
Macro                0.000000e+00 0.000000e+00 0.000000e+00 0.000000e+00   0.0%
Pad                  0.000000e+00 0.000000e+00 0.000000e+00 0.000000e+00   0.0%
------------------------------------------------------------------------
Total                8.679927e-05 1.248641e-08 8.935286e-06 9.574704e-05 100.0%
                            90.7%         0.0%         9.3%

