
===========================================================================
report_checks -unconstrained
===========================================================================
======================= nom_ss_100C_1v60 Corner ===================================

Startpoint: rst_n (input port clocked by clk_10mhz)
Endpoint: _1581_ (recovery check against rising-edge clock clk_10mhz)
Path Group: asynchronous
Path Type: max

Fanout         Cap        Slew       Delay        Time   Description
---------------------------------------------------------------------------------------------
                                  0.000000    0.000000   clock clk_10mhz (rise edge)
                                  0.000000    0.000000   clock network delay (propagated)
                                 20.000000   20.000000 ^ input external delay
     1    0.002737    0.031836    0.015460   20.015461 ^ rst_n (in)
                                                         rst_n (net)
                      0.031836    0.000000   20.015461 ^ input1/A (sky130_fd_sc_hd__clkbuf_1)
     1    0.002330    0.064542    0.126814   20.142275 ^ input1/X (sky130_fd_sc_hd__clkbuf_1)
                                                         net1 (net)
                      0.064542    0.000064   20.142338 ^ fanout65/A (sky130_fd_sc_hd__buf_2)
     6    0.034980    0.277634    0.344016   20.486355 ^ fanout65/X (sky130_fd_sc_hd__buf_2)
                                                         net65 (net)
                      0.277743    0.002286   20.488640 ^ fanout53/A (sky130_fd_sc_hd__clkbuf_4)
     9    0.044822    0.226195    0.456373   20.945013 ^ fanout53/X (sky130_fd_sc_hd__clkbuf_4)
                                                         net53 (net)
                      0.226246    0.003332   20.948345 ^ _0807_/A (sky130_fd_sc_hd__and2_1)
     3    0.021787    0.349847    0.487765   21.436110 ^ _0807_/X (sky130_fd_sc_hd__and2_1)
                                                         u_max30102_ctrl.rst_n (net)
                      0.349848    0.001370   21.437479 ^ fanout25/A (sky130_fd_sc_hd__clkbuf_4)
    10    0.049492    0.246953    0.503452   21.940931 ^ fanout25/X (sky130_fd_sc_hd__clkbuf_4)
                                                         net25 (net)
                      0.246953    0.000922   21.941853 ^ fanout24/A (sky130_fd_sc_hd__clkbuf_4)
     9    0.040494    0.207038    0.429205   22.371059 ^ fanout24/X (sky130_fd_sc_hd__clkbuf_4)
                                                         net24 (net)
                      0.207057    0.002142   22.373201 ^ _1581_/SET_B (sky130_fd_sc_hd__dfstp_1)
                                             22.373201   data arrival time

                                100.000000  100.000000   clock clk_10mhz (rise edge)
                                  0.000000  100.000000   clock source latency
     1    0.028970    0.212865    0.147253  100.147247 ^ clk_10mhz (in)
                                                         clk_10mhz (net)
                      0.212905    0.000000  100.147247 ^ clkbuf_0_clk_10mhz/A (sky130_fd_sc_hd__clkbuf_16)
     4    0.054991    0.113775    0.331958  100.479210 ^ clkbuf_0_clk_10mhz/X (sky130_fd_sc_hd__clkbuf_16)
                                                         clknet_0_clk_10mhz (net)
                      0.113799    0.001542  100.480751 ^ clkbuf_2_2__f_clk_10mhz/A (sky130_fd_sc_hd__clkbuf_16)
     8    0.065290    0.127802    0.297348  100.778099 ^ clkbuf_2_2__f_clk_10mhz/X (sky130_fd_sc_hd__clkbuf_16)
                                                         clknet_2_2__leaf_clk_10mhz (net)
                      0.127895    0.003077  100.781174 ^ clkbuf_leaf_20_clk_10mhz/A (sky130_fd_sc_hd__clkbuf_8)
     8    0.030220    0.108115    0.285318  101.066490 ^ clkbuf_leaf_20_clk_10mhz/X (sky130_fd_sc_hd__clkbuf_8)
                                                         clknet_leaf_20_clk_10mhz (net)
                      0.108115    0.000412  101.066902 ^ _1581_/CLK (sky130_fd_sc_hd__dfstp_1)
                                 -0.250000  100.816910   clock uncertainty
                                  0.000000  100.816910   clock reconvergence pessimism
                                  0.262226  101.079132   library recovery time
                                            101.079132   data required time
---------------------------------------------------------------------------------------------
                                            101.079132   data required time
                                            -22.373201   data arrival time
---------------------------------------------------------------------------------------------
                                             78.705933   slack (MET)


Startpoint: _1712_ (rising edge-triggered flip-flop clocked by clk_10mhz)
Endpoint: led_status[1] (output port clocked by clk_10mhz)
Path Group: clk_10mhz
Path Type: max

Fanout         Cap        Slew       Delay        Time   Description
---------------------------------------------------------------------------------------------
                                  0.000000    0.000000   clock clk_10mhz (rise edge)
                                  0.000000    0.000000   clock source latency
     1    0.028970    0.212865    0.147253    0.147253 ^ clk_10mhz (in)
                                                         clk_10mhz (net)
                      0.212905    0.000000    0.147253 ^ clkbuf_0_clk_10mhz/A (sky130_fd_sc_hd__clkbuf_16)
     4    0.054991    0.113775    0.331956    0.479209 ^ clkbuf_0_clk_10mhz/X (sky130_fd_sc_hd__clkbuf_16)
                                                         clknet_0_clk_10mhz (net)
                      0.113793    0.001383    0.480592 ^ clkbuf_2_0__f_clk_10mhz/A (sky130_fd_sc_hd__clkbuf_16)
     8    0.063708    0.125661    0.295842    0.776433 ^ clkbuf_2_0__f_clk_10mhz/X (sky130_fd_sc_hd__clkbuf_16)
                                                         clknet_2_0__leaf_clk_10mhz (net)
                      0.125672    0.001320    0.777753 ^ clkbuf_leaf_2_clk_10mhz/A (sky130_fd_sc_hd__clkbuf_8)
    16    0.045361    0.142696    0.312749    1.090502 ^ clkbuf_leaf_2_clk_10mhz/X (sky130_fd_sc_hd__clkbuf_8)
                                                         clknet_leaf_2_clk_10mhz (net)
                      0.142698    0.000830    1.091333 ^ _1712_/CLK (sky130_fd_sc_hd__dfrtp_1)
     5    0.013400    0.164499    0.867723    1.959056 v _1712_/Q (sky130_fd_sc_hd__dfrtp_1)
                                                         u_fifo.wr_ptr[0] (net)
                      0.164499    0.000374    1.959430 v fanout30/A (sky130_fd_sc_hd__buf_2)
    10    0.036806    0.176049    0.398015    2.357444 v fanout30/X (sky130_fd_sc_hd__buf_2)
                                                         net30 (net)
                      0.176050    0.000815    2.358259 v _0771_/A (sky130_fd_sc_hd__xor2_1)
     1    0.002977    0.108004    0.337786    2.696045 v _0771_/X (sky130_fd_sc_hd__xor2_1)
                                                         _0488_ (net)
                      0.108004    0.000090    2.696135 v _0774_/B (sky130_fd_sc_hd__or4_1)
     3    0.008843    0.248618    1.294730    3.990865 v _0774_/X (sky130_fd_sc_hd__or4_1)
                                                         _0491_ (net)
                      0.248618    0.000183    3.991047 v _0776_/A_N (sky130_fd_sc_hd__nand2b_1)
     4    0.017319    0.311287    0.554341    4.545388 v _0776_/Y (sky130_fd_sc_hd__nand2b_1)
                                                         net4 (net)
                      0.311287    0.001022    4.546411 v output4/A (sky130_fd_sc_hd__buf_2)
     1    0.034163    0.166083    0.459566    5.005977 v output4/X (sky130_fd_sc_hd__buf_2)
                                                         led_status[1] (net)
                      0.166083    0.000706    5.006683 v led_status[1] (out)
                                              5.006683   data arrival time

                                100.000000  100.000000   clock clk_10mhz (rise edge)
                                  0.000000  100.000000   clock network delay (propagated)
                                 -0.250000   99.750000   clock uncertainty
                                  0.000000   99.750000   clock reconvergence pessimism
                                -20.000000   79.750000   output external delay
                                             79.750000   data required time
---------------------------------------------------------------------------------------------
                                             79.750000   data required time
                                             -5.006683   data arrival time
---------------------------------------------------------------------------------------------
                                             74.743317   slack (MET)




===========================================================================
report_checks --slack_max -0.01
============================================================================
======================= nom_ss_100C_1v60 Corner ===================================

No paths found.


===========================================================================
 report_check_types -max_slew -max_cap -max_fanout -violators
============================================================================
======================= nom_ss_100C_1v60 Corner ===================================

max fanout

Pin                                   Limit Fanout  Slack
---------------------------------------------------------
clkbuf_leaf_2_clk_10mhz/X                10     16     -6 (VIOLATED)
clkbuf_leaf_8_clk_10mhz/X                10     16     -6 (VIOLATED)
clkbuf_leaf_14_clk_10mhz/X               10     15     -5 (VIOLATED)
clkbuf_leaf_13_clk_10mhz/X               10     14     -4 (VIOLATED)
clkbuf_leaf_26_clk_10mhz/X               10     14     -4 (VIOLATED)
clkbuf_leaf_17_clk_10mhz/X               10     13     -3 (VIOLATED)
clkbuf_leaf_18_clk_10mhz/X               10     13     -3 (VIOLATED)
clkbuf_leaf_5_clk_10mhz/X                10     13     -3 (VIOLATED)
clkbuf_leaf_7_clk_10mhz/X                10     13     -3 (VIOLATED)
clkbuf_leaf_10_clk_10mhz/X               10     12     -2 (VIOLATED)
clkbuf_leaf_11_clk_10mhz/X               10     12     -2 (VIOLATED)
clkbuf_leaf_12_clk_10mhz/X               10     11        (VIOLATED)
clkbuf_leaf_15_clk_10mhz/X               10     11        (VIOLATED)



===========================================================================
report_parasitic_annotation -report_unannotated
============================================================================
Found 31 unannotated drivers.
 _1782__66/HI
 _1782__68/LO
 _1783__67/HI
 clkload0/X
 clkload1/X
 clkload10/Y
 clkload11/Y
 clkload12/Y
 clkload13/Y
 clkload14/Y
 clkload15/X
 clkload16/Y
 clkload17/Y
 clkload18/Y
 clkload19/Y
 clkload2/X
 clkload20/Y
 clkload21/Y
 clkload22/Y
 clkload23/Y
 clkload24/Y
 clkload25/X
 clkload26/Y
 clkload27/Y
 clkload3/Y
 clkload4/Y
 clkload5/Y
 clkload6/Y
 clkload7/Y
 clkload8/Y
 clkload9/Y
Found 0 partially unannotated drivers.

===========================================================================
max slew violation count 0
max fanout violation count 13
max cap violation count 0
============================================================================

===========================================================================
check_setup -verbose -unconstrained_endpoints -multiple_clock -no_clock -no_input_delay -loops -generated_clocks
===========================================================================
Warning: There is 1 unconstrained endpoint.
  i2c_sda
