Clock: clk_10mhz
Sources: clk_10mhz 
Generated: no
Virtual: yes
Propagated: no
Period: 100.000000

===========================================================================
report_clock_properties
============================================================================
Clock                   Period          Waveform
----------------------------------------------------
clk_10mhz           100.000000    0.000000 50.000000

===========================================================================
report_clock_latency
============================================================================
Clock clk_10mhz
rise -> rise
    min     max
0.000000 0.000000 source latency
1.064049         network latency _1646_/CLK
        1.092661 network latency _1611_/CLK
---------------
1.064049 1.092661 latency
        0.028612 skew

fall -> fall
    min     max
0.000000 0.000000 source latency
0.996952         network latency _1646_/CLK
        1.019128 network latency _1611_/CLK
---------------
0.996952 1.019128 latency
        0.022176 skew



===========================================================================
report_clock_min_period
============================================================================
clk_10mhz period_min = 6.51 fmax = 153.66
