Reading OpenROAD database at '/home/duncan/sem3project_add/runs/RUN_2026-08-27_07-32-05/20-openroad-generatepdn/dual_sensor_top.odb'…
Reading library file at '/home/duncan/.volare/volare/sky130/versions/0fe599b2afb6708d281543108caf8310912f54af/sky130A/libs.ref/sky130_fd_sc_hd/lib/sky130_fd_sc_hd__tt_025C_1v80.lib'…
Reading design constraints file at '/nix/store/ss2cw3sxbrwwx9jl0rrppbw4kgcmgi2n-python3-3.11.9-env/lib/python3.11/site-packages/openlane/scripts/base.sdc'…
[INFO] Using clock clk_10mhz…
[INFO] Setting output delay to: 20.0
[INFO] Setting input delay to: 20.0
[INFO] Setting load to: 0.033442
[INFO] Setting clock uncertainty to: 0.25
[INFO] Setting clock transition to: 0.1499999999999999944488848768742172978818416595458984375
[INFO] Setting timing derate to: 5%
+ global_placement -density 0.57134 -skip_io -pad_right 0 -pad_left 0 -init_wirelength_coef 0.25
[INFO GPL-0002] DBU: 1000
[INFO GPL-0003] SiteSize: (  0.460  2.720 ) um
[INFO GPL-0004] CoreBBox: (  5.520 10.880 ) ( 180.320 184.960 ) um
[INFO GPL-0006] NumInstances:              1593
[INFO GPL-0007] NumPlaceInstances:         1036
[INFO GPL-0008] NumFixedInstances:          557
[INFO GPL-0009] NumDummyInstances:            0
[INFO GPL-0010] NumNets:                   1039
[INFO GPL-0011] NumPins:                   3999
[INFO GPL-0012] DieBBox:  (  0.000  0.000 ) ( 186.195 196.915 ) um
[INFO GPL-0013] CoreBBox: (  5.520 10.880 ) ( 180.320 184.960 ) um
[INFO GPL-0016] CoreArea:             30429.184 um^2
[INFO GPL-0017] NonPlaceInstsArea:     1017.226 um^2
[INFO GPL-0018] PlaceInstsArea:       13805.741 um^2
[INFO GPL-0019] Util:                    46.939 %
[INFO GPL-0020] StdInstsArea:         13805.741 um^2
[INFO GPL-0021] MacroInstsArea:           0.000 um^2
[INFO GPL-0031] FillerInit:NumGCells:      1265
[INFO GPL-0032] FillerInit:NumGNets:       1039
[INFO GPL-0033] FillerInit:NumGPins:       3999
[INFO GPL-0023] TargetDensity:            0.571
[INFO GPL-0024] AvrgPlaceInstArea:       13.326 um^2
[INFO GPL-0025] IdealBinArea:            23.324 um^2
[INFO GPL-0026] IdealBinCnt:               1304
[INFO GPL-0027] TotalBinArea:         30429.184 um^2
[INFO GPL-0028] BinCnt:        32     32
[INFO GPL-0029] BinSize: (  5.463  5.440 )
[INFO GPL-0030] NumBins: 1024
[NesterovSolve] Iter:    1 overflow: 0.994 HPWL: 3175212
[NesterovSolve] Iter:   10 overflow: 0.989 HPWL: 2536192
[NesterovSolve] Iter:   20 overflow: 0.989 HPWL: 2529758
[NesterovSolve] Iter:   30 overflow: 0.989 HPWL: 2525589
[NesterovSolve] Iter:   40 overflow: 0.989 HPWL: 2522475
[NesterovSolve] Iter:   50 overflow: 0.989 HPWL: 2519576
[NesterovSolve] Iter:   60 overflow: 0.989 HPWL: 2518259
[NesterovSolve] Iter:   70 overflow: 0.989 HPWL: 2517779
[NesterovSolve] Iter:   80 overflow: 0.989 HPWL: 2517702
[NesterovSolve] Iter:   90 overflow: 0.988 HPWL: 2518832
[NesterovSolve] Iter:  100 overflow: 0.987 HPWL: 2521984
[NesterovSolve] Iter:  110 overflow: 0.986 HPWL: 2531478
[NesterovSolve] Iter:  120 overflow: 0.983 HPWL: 2560069
[NesterovSolve] Iter:  130 overflow: 0.978 HPWL: 2631752
[NesterovSolve] Iter:  140 overflow: 0.967 HPWL: 2790943
[NesterovSolve] Iter:  150 overflow: 0.953 HPWL: 3090683
[NesterovSolve] Iter:  160 overflow: 0.937 HPWL: 3540527
[NesterovSolve] Iter:  170 overflow: 0.917 HPWL: 4083286
[NesterovSolve] Iter:  180 overflow: 0.894 HPWL: 4654071
[NesterovSolve] Iter:  190 overflow: 0.870 HPWL: 5375960
[NesterovSolve] Iter:  200 overflow: 0.840 HPWL: 6075455
[NesterovSolve] Iter:  210 overflow: 0.815 HPWL: 6863432
[NesterovSolve] Iter:  220 overflow: 0.784 HPWL: 7637023
[NesterovSolve] Iter:  230 overflow: 0.749 HPWL: 8456974
[NesterovSolve] Iter:  240 overflow: 0.718 HPWL: 9144684
[NesterovSolve] Iter:  250 overflow: 0.677 HPWL: 9929236
[NesterovSolve] Iter:  260 overflow: 0.636 HPWL: 10786881
[NesterovSolve] Iter:  270 overflow: 0.596 HPWL: 11527339
[NesterovSolve] Iter:  280 overflow: 0.546 HPWL: 12357097
[NesterovSolve] Iter:  290 overflow: 0.491 HPWL: 13058536
[NesterovSolve] Iter:  300 overflow: 0.440 HPWL: 13640456
[NesterovSolve] Iter:  310 overflow: 0.382 HPWL: 14009899
[NesterovSolve] Iter:  320 overflow: 0.336 HPWL: 14328975
[NesterovSolve] Iter:  330 overflow: 0.307 HPWL: 14588379
[NesterovSolve] Iter:  340 overflow: 0.270 HPWL: 14820380
[NesterovSolve] Iter:  350 overflow: 0.238 HPWL: 14990719
[NesterovSolve] Iter:  360 overflow: 0.208 HPWL: 15150131
[NesterovSolve] Iter:  370 overflow: 0.180 HPWL: 15306801
[NesterovSolve] Iter:  380 overflow: 0.152 HPWL: 15445863
[NesterovSolve] Iter:  390 overflow: 0.128 HPWL: 15593651
[NesterovSolve] Iter:  400 overflow: 0.108 HPWL: 15693448
[NesterovSolve] Finished with Overflow: 0.099086
[INFO] Setting RC values…
Setting global connections for newly added cells…
[INFO] Setting global connections...
Updating metrics…
Cell type report:                       Count       Area
  Fill cell                               128     480.46
  Tap cell                                429     536.76
  Buffer                                    3      13.76
  Inverter                                 33     123.87
  Sequential cell                         282    6728.95
  Multi-Input combinational cell          718    6939.16
  Total                                  1593   14822.97
Writing OpenROAD database to '/home/duncan/sem3project_add/runs/RUN_2026-08-27_07-32-05/23-openroad-globalplacementskipio/dual_sensor_top.odb'…
Writing netlist to '/home/duncan/sem3project_add/runs/RUN_2026-08-27_07-32-05/23-openroad-globalplacementskipio/dual_sensor_top.nl.v'…
Writing powered netlist to '/home/duncan/sem3project_add/runs/RUN_2026-08-27_07-32-05/23-openroad-globalplacementskipio/dual_sensor_top.pnl.v'…
Writing layout to '/home/duncan/sem3project_add/runs/RUN_2026-08-27_07-32-05/23-openroad-globalplacementskipio/dual_sensor_top.def'…
Writing timing constraints to '/home/duncan/sem3project_add/runs/RUN_2026-08-27_07-32-05/23-openroad-globalplacementskipio/dual_sensor_top.sdc'…
