Clock: clk_10mhz
Sources: clk_10mhz 
Generated: no
Virtual: yes
Propagated: no
Period: 100.000000

===========================================================================
report_clock_properties
============================================================================
Clock                   Period          Waveform
----------------------------------------------------
clk_10mhz           100.000000    0.000000 50.000000

===========================================================================
report_clock_latency
============================================================================
Clock clk_10mhz
rise -> rise
    min     max
0.000000 0.000000 source latency
0.540723         network latency _1645_/CLK
        0.554606 network latency _1716_/CLK
---------------
0.540723 0.554606 latency
        0.013883 skew

fall -> fall
    min     max
0.000000 0.000000 source latency
0.510404         network latency _1559_/CLK
        0.520028 network latency _1716_/CLK
---------------
0.510404 0.520028 latency
        0.009624 skew



===========================================================================
report_clock_min_period
============================================================================
clk_10mhz period_min = 3.04 fmax = 329.13
