
===========================================================================
 report_power
============================================================================
======================= nom_tt_025C_1v80 Corner ===================================

Group                    Internal    Switching      Leakage        Total
                            Power        Power        Power        Power (Watts)
------------------------------------------------------------------------
Sequential           1.131561e-04 1.405508e-08 3.047332e-09 1.131732e-04  53.2%
Combinational        2.955756e-07 8.296724e-07 3.518045e-09 1.128766e-06   0.5%
Clock                5.826354e-05 4.011305e-05 8.786898e-10 9.837747e-05  46.3%
Macro                0.000000e+00 0.000000e+00 0.000000e+00 0.000000e+00   0.0%
Pad                  0.000000e+00 0.000000e+00 0.000000e+00 0.000000e+00   0.0%
------------------------------------------------------------------------
Total                1.717152e-04 4.095678e-05 7.444064e-09 2.126794e-04 100.0%
                            80.7%        19.3%         0.0%
Writing metric power__internal__total: 0.00017171517538372427
Writing metric power__switching__total: 4.095678013982251e-5
Writing metric power__leakage__total: 7.4440635877692785e-9
Writing metric power__total: 0.00021267941338010132

