
===========================================================================
report_checks -unconstrained
===========================================================================
======================= max_tt_025C_1v80 Corner ===================================

Startpoint: rst_n (input port clocked by clk_10mhz)
Endpoint: _1581_ (recovery check against rising-edge clock clk_10mhz)
Path Group: asynchronous
Path Type: max

Fanout         Cap        Slew       Delay        Time   Description
---------------------------------------------------------------------------------------------
                                  0.000000    0.000000   clock clk_10mhz (rise edge)
                                  0.000000    0.000000   clock network delay (propagated)
                                 20.000000   20.000000 ^ input external delay
     1    0.002841    0.019907    0.010505   20.010506 ^ rst_n (in)
                                                         rst_n (net)
                      0.019907    0.000000   20.010506 ^ input1/A (sky130_fd_sc_hd__clkbuf_1)
     1    0.002422    0.039956    0.068717   20.079222 ^ input1/X (sky130_fd_sc_hd__clkbuf_1)
                                                         net1 (net)
                      0.039956    0.000158   20.079380 ^ fanout65/A (sky130_fd_sc_hd__buf_2)
     6    0.036833    0.182127    0.202924   20.282305 ^ fanout65/X (sky130_fd_sc_hd__buf_2)
                                                         net65 (net)
                      0.182231    0.003588   20.285892 ^ fanout53/A (sky130_fd_sc_hd__clkbuf_4)
     9    0.048978    0.154459    0.261700   20.547592 ^ fanout53/X (sky130_fd_sc_hd__clkbuf_4)
                                                         net53 (net)
                      0.154877    0.005967   20.553560 ^ _0807_/A (sky130_fd_sc_hd__and2_1)
     3    0.023655    0.235887    0.282347   20.835907 ^ _0807_/X (sky130_fd_sc_hd__and2_1)
                                                         u_max30102_ctrl.rst_n (net)
                      0.235942    0.003011   20.838917 ^ fanout25/A (sky130_fd_sc_hd__clkbuf_4)
    10    0.054004    0.167272    0.290529   21.129446 ^ fanout25/X (sky130_fd_sc_hd__clkbuf_4)
                                                         net25 (net)
                      0.167304    0.002379   21.131824 ^ fanout24/A (sky130_fd_sc_hd__clkbuf_4)
     9    0.044685    0.142409    0.247795   21.379620 ^ fanout24/X (sky130_fd_sc_hd__clkbuf_4)
                                                         net24 (net)
                      0.142748    0.005128   21.384747 ^ _1581_/SET_B (sky130_fd_sc_hd__dfstp_1)
                                             21.384747   data arrival time

                                100.000000  100.000000   clock clk_10mhz (rise edge)
                                  0.000000  100.000000   clock source latency
     1    0.029769    0.138913    0.097536  100.097534 ^ clk_10mhz (in)
                                                         clk_10mhz (net)
                      0.139028    0.000000  100.097534 ^ clkbuf_0_clk_10mhz/A (sky130_fd_sc_hd__clkbuf_16)
     4    0.057075    0.075850    0.186589  100.284119 ^ clkbuf_0_clk_10mhz/X (sky130_fd_sc_hd__clkbuf_16)
                                                         clknet_0_clk_10mhz (net)
                      0.076194    0.003688  100.287811 ^ clkbuf_2_2__f_clk_10mhz/A (sky130_fd_sc_hd__clkbuf_16)
     8    0.068145    0.086033    0.172300  100.460106 ^ clkbuf_2_2__f_clk_10mhz/X (sky130_fd_sc_hd__clkbuf_16)
                                                         clknet_2_2__leaf_clk_10mhz (net)
                      0.086599    0.005528  100.465637 ^ clkbuf_leaf_20_clk_10mhz/A (sky130_fd_sc_hd__clkbuf_8)
     8    0.031518    0.068591    0.161315  100.626953 ^ clkbuf_leaf_20_clk_10mhz/X (sky130_fd_sc_hd__clkbuf_8)
                                                         clknet_leaf_20_clk_10mhz (net)
                      0.068607    0.001023  100.627975 ^ _1581_/CLK (sky130_fd_sc_hd__dfstp_1)
                                 -0.250000  100.377975   clock uncertainty
                                  0.000000  100.377975   clock reconvergence pessimism
                                  0.134672  100.512650   library recovery time
                                            100.512650   data required time
---------------------------------------------------------------------------------------------
                                            100.512650   data required time
                                            -21.384747   data arrival time
---------------------------------------------------------------------------------------------
                                             79.127899   slack (MET)


Startpoint: _1712_ (rising edge-triggered flip-flop clocked by clk_10mhz)
Endpoint: led_status[1] (output port clocked by clk_10mhz)
Path Group: clk_10mhz
Path Type: max

Fanout         Cap        Slew       Delay        Time   Description
---------------------------------------------------------------------------------------------
                                  0.000000    0.000000   clock clk_10mhz (rise edge)
                                  0.000000    0.000000   clock source latency
     1    0.029769    0.138913    0.097534    0.097534 ^ clk_10mhz (in)
                                                         clk_10mhz (net)
                      0.139028    0.000000    0.097534 ^ clkbuf_0_clk_10mhz/A (sky130_fd_sc_hd__clkbuf_16)
     4    0.057075    0.075850    0.186589    0.284123 ^ clkbuf_0_clk_10mhz/X (sky130_fd_sc_hd__clkbuf_16)
                                                         clknet_0_clk_10mhz (net)
                      0.076124    0.003223    0.287346 ^ clkbuf_2_0__f_clk_10mhz/A (sky130_fd_sc_hd__clkbuf_16)
     8    0.066067    0.083975    0.171245    0.458591 ^ clkbuf_2_0__f_clk_10mhz/X (sky130_fd_sc_hd__clkbuf_16)
                                                         clknet_2_0__leaf_clk_10mhz (net)
                      0.084183    0.002844    0.461435 ^ clkbuf_leaf_2_clk_10mhz/A (sky130_fd_sc_hd__clkbuf_8)
    16    0.048515    0.095288    0.180281    0.641716 ^ clkbuf_leaf_2_clk_10mhz/X (sky130_fd_sc_hd__clkbuf_8)
                                                         clknet_leaf_2_clk_10mhz (net)
                      0.095342    0.002118    0.643834 ^ _1712_/CLK (sky130_fd_sc_hd__dfrtp_1)
     5    0.014116    0.088649    0.426475    1.070309 v _1712_/Q (sky130_fd_sc_hd__dfrtp_1)
                                                         u_fifo.wr_ptr[0] (net)
                      0.088657    0.000893    1.071203 v fanout30/A (sky130_fd_sc_hd__buf_2)
    10    0.038078    0.094765    0.206033    1.277235 v fanout30/X (sky130_fd_sc_hd__buf_2)
                                                         net30 (net)
                      0.094807    0.001855    1.279091 v _0771_/A (sky130_fd_sc_hd__xor2_1)
     1    0.003127    0.062240    0.174891    1.453982 v _0771_/X (sky130_fd_sc_hd__xor2_1)
                                                         _0488_ (net)
                      0.062240    0.000225    1.454206 v _0774_/B (sky130_fd_sc_hd__or4_1)
     3    0.009146    0.123868    0.559090    2.013296 v _0774_/X (sky130_fd_sc_hd__or4_1)
                                                         _0491_ (net)
                      0.123868    0.000339    2.013635 v _0776_/A_N (sky130_fd_sc_hd__nand2b_1)
     4    0.018242    0.153450    0.255902    2.269536 v _0776_/Y (sky130_fd_sc_hd__nand2b_1)
                                                         net4 (net)
                      0.153524    0.001957    2.271493 v output4/A (sky130_fd_sc_hd__buf_2)
     1    0.034200    0.090083    0.227938    2.499431 v output4/X (sky130_fd_sc_hd__buf_2)
                                                         led_status[1] (net)
                      0.090121    0.001701    2.501132 v led_status[1] (out)
                                              2.501132   data arrival time

                                100.000000  100.000000   clock clk_10mhz (rise edge)
                                  0.000000  100.000000   clock network delay (propagated)
                                 -0.250000   99.750000   clock uncertainty
                                  0.000000   99.750000   clock reconvergence pessimism
                                -20.000000   79.750000   output external delay
                                             79.750000   data required time
---------------------------------------------------------------------------------------------
                                             79.750000   data required time
                                             -2.501132   data arrival time
---------------------------------------------------------------------------------------------
                                             77.248863   slack (MET)




===========================================================================
report_checks --slack_max -0.01
============================================================================
======================= max_tt_025C_1v80 Corner ===================================

No paths found.


===========================================================================
 report_check_types -max_slew -max_cap -max_fanout -violators
============================================================================
======================= max_tt_025C_1v80 Corner ===================================

max fanout

Pin                                   Limit Fanout  Slack
---------------------------------------------------------
clkbuf_leaf_2_clk_10mhz/X                10     16     -6 (VIOLATED)
clkbuf_leaf_8_clk_10mhz/X                10     16     -6 (VIOLATED)
clkbuf_leaf_14_clk_10mhz/X               10     15     -5 (VIOLATED)
clkbuf_leaf_13_clk_10mhz/X               10     14     -4 (VIOLATED)
clkbuf_leaf_26_clk_10mhz/X               10     14     -4 (VIOLATED)
clkbuf_leaf_17_clk_10mhz/X               10     13     -3 (VIOLATED)
clkbuf_leaf_18_clk_10mhz/X               10     13     -3 (VIOLATED)
clkbuf_leaf_5_clk_10mhz/X                10     13     -3 (VIOLATED)
clkbuf_leaf_7_clk_10mhz/X                10     13     -3 (VIOLATED)
clkbuf_leaf_10_clk_10mhz/X               10     12     -2 (VIOLATED)
clkbuf_leaf_11_clk_10mhz/X               10     12     -2 (VIOLATED)
clkbuf_leaf_12_clk_10mhz/X               10     11        (VIOLATED)
clkbuf_leaf_15_clk_10mhz/X               10     11        (VIOLATED)



===========================================================================
report_parasitic_annotation -report_unannotated
============================================================================
Found 31 unannotated drivers.
 _1782__66/HI
 _1782__68/LO
 _1783__67/HI
 clkload0/X
 clkload1/X
 clkload10/Y
 clkload11/Y
 clkload12/Y
 clkload13/Y
 clkload14/Y
 clkload15/X
 clkload16/Y
 clkload17/Y
 clkload18/Y
 clkload19/Y
 clkload2/X
 clkload20/Y
 clkload21/Y
 clkload22/Y
 clkload23/Y
 clkload24/Y
 clkload25/X
 clkload26/Y
 clkload27/Y
 clkload3/Y
 clkload4/Y
 clkload5/Y
 clkload6/Y
 clkload7/Y
 clkload8/Y
 clkload9/Y
Found 0 partially unannotated drivers.

===========================================================================
max slew violation count 0
max fanout violation count 13
max cap violation count 0
============================================================================

===========================================================================
check_setup -verbose -unconstrained_endpoints -multiple_clock -no_clock -no_input_delay -loops -generated_clocks
===========================================================================
Warning: There is 1 unconstrained endpoint.
  i2c_sda
