Clock: clk_10mhz
Sources: clk_10mhz 
Generated: no
Virtual: yes
Propagated: no
Period: 100.000000

===========================================================================
report_clock_properties
============================================================================
Clock                   Period          Waveform
----------------------------------------------------
clk_10mhz           100.000000    0.000000 50.000000

===========================================================================
report_clock_latency
============================================================================
Clock clk_10mhz
rise -> rise
    min     max
0.000000 0.000000 source latency
0.624757         network latency _1646_/CLK
        0.647605 network latency _1611_/CLK
---------------
0.624757 0.647605 latency
        0.022848 skew

fall -> fall
    min     max
0.000000 0.000000 source latency
0.566612         network latency _1646_/CLK
        0.582663 network latency _1611_/CLK
---------------
0.566612 0.582663 latency
        0.016051 skew



===========================================================================
report_clock_min_period
============================================================================
clk_10mhz period_min = 3.33 fmax = 300.20
