
===========================================================================
 report_power
============================================================================
======================= max_tt_025C_1v80 Corner ===================================

Group                    Internal    Switching      Leakage        Total
                            Power        Power        Power        Power (Watts)
------------------------------------------------------------------------
Sequential           1.131285e-04 1.553349e-08 3.047332e-09 1.131471e-04  51.0%
Combinational        3.203036e-07 1.012776e-06 4.985376e-09 1.338065e-06   0.6%
Clock                5.840734e-05 4.904835e-05 3.146735e-09 1.074588e-04  48.4%
Macro                0.000000e+00 0.000000e+00 0.000000e+00 0.000000e+00   0.0%
Pad                  0.000000e+00 0.000000e+00 0.000000e+00 0.000000e+00   0.0%
------------------------------------------------------------------------
Total                1.718562e-04 5.007666e-05 1.117951e-08 2.219440e-04 100.0%
                            77.4%        22.6%         0.0%

