150. Printing statistics.

=== dual_sensor_top ===

   Number of wires:               1490
   Number of wire bits:           1804
   Number of public wires:          48
   Number of public wire bits:     303
   Number of ports:                  9
   Number of port bits:             11
   Number of memories:               0
   Number of memory bits:            0
   Number of processes:              0
   Number of cells:               1771
     $_ANDNOT_                     416
     $_AND_                         84
     $_MUX_                        296
     $_NAND_                        97
     $_NOR_                         41
     $_NOT_                         22
     $_ORNOT_                       46
     $_OR_                         359
     $_XNOR_                        52
     $_XOR_                         74
     sky130_fd_sc_hd__dfrtp_2      143
     sky130_fd_sc_hd__dfstp_2        3
     sky130_fd_sc_hd__dfxtp_2      136
     sky130_fd_sc_hd__ebufn_2        2

   Area for cell type $_NOT_ is unknown!
   Area for cell type $_AND_ is unknown!
   Area for cell type $_NAND_ is unknown!
   Area for cell type $_OR_ is unknown!
   Area for cell type $_NOR_ is unknown!
   Area for cell type $_XOR_ is unknown!
   Area for cell type $_XNOR_ is unknown!
   Area for cell type $_ANDNOT_ is unknown!
   Area for cell type $_ORNOT_ is unknown!
   Area for cell type $_MUX_ is unknown!

   Chip area for module '\dual_sensor_top': 6751.475200
     of which used for sequential elements: 6728.953600 (99.67%)

