144. Printing statistics.

=== dual_sensor_top ===

   Number of wires:               1225
   Number of wire bits:           1539
   Number of public wires:          48
   Number of public wire bits:     303
   Number of ports:                  9
   Number of port bits:             11
   Number of memories:               0
   Number of memory bits:            0
   Number of processes:              0
   Number of cells:               1512
     $_ANDNOT_                     416
     $_AND_                         84
     $_DFFE_PN0P_                  119
     $_DFFE_PN1N_                    1
     $_DFFE_PN1P_                    1
     $_DFFE_PP_                    136
     $_DFF_PN0_                     24
     $_DFF_PN1_                      1
     $_MUX_                         39
     $_NAND_                        97
     $_NOR_                         41
     $_NOT_                         20
     $_ORNOT_                       46
     $_OR_                         359
     $_TBUF_                         2
     $_XNOR_                        52
     $_XOR_                         74

   Area for cell type $_NOT_ is unknown!
   Area for cell type $_AND_ is unknown!
   Area for cell type $_NAND_ is unknown!
   Area for cell type $_OR_ is unknown!
   Area for cell type $_NOR_ is unknown!
   Area for cell type $_XOR_ is unknown!
   Area for cell type $_XNOR_ is unknown!
   Area for cell type $_ANDNOT_ is unknown!
   Area for cell type $_ORNOT_ is unknown!
   Area for cell type $_MUX_ is unknown!
   Area for cell type $_TBUF_ is unknown!
   Area for cell type $_DFFE_PP_ is unknown!
   Area for cell type $_DFF_PN0_ is unknown!
   Area for cell type $_DFF_PN1_ is unknown!
   Area for cell type $_DFFE_PN0P_ is unknown!
   Area for cell type $_DFFE_PN1N_ is unknown!
   Area for cell type $_DFFE_PN1P_ is unknown!

