158. Printing statistics.

=== dual_sensor_top ===

   Number of wires:               1037
   Number of wire bits:           1039
   Number of public wires:         289
   Number of public wire bits:     291
   Number of ports:                  9
   Number of port bits:             11
   Number of memories:               0
   Number of memory bits:            0
   Number of processes:              0
   Number of cells:               1036
     sky130_fd_sc_hd__a2111o_2       5
     sky130_fd_sc_hd__a211o_2        5
     sky130_fd_sc_hd__a21bo_2        3
     sky130_fd_sc_hd__a21boi_2       1
     sky130_fd_sc_hd__a21o_2        27
     sky130_fd_sc_hd__a21oi_2       22
     sky130_fd_sc_hd__a221o_2       23
     sky130_fd_sc_hd__a22o_2        42
     sky130_fd_sc_hd__a2bb2o_2       3
     sky130_fd_sc_hd__a311o_2        3
     sky130_fd_sc_hd__a31o_2         9
     sky130_fd_sc_hd__a31oi_2        1
     sky130_fd_sc_hd__a32o_2        30
     sky130_fd_sc_hd__a41oi_2        1
     sky130_fd_sc_hd__and2_2        33
     sky130_fd_sc_hd__and2b_2        4
     sky130_fd_sc_hd__and3_2        40
     sky130_fd_sc_hd__and3b_2        6
     sky130_fd_sc_hd__and4_2        21
     sky130_fd_sc_hd__and4b_2       12
     sky130_fd_sc_hd__buf_1          1
     sky130_fd_sc_hd__buf_2          2
     sky130_fd_sc_hd__conb_1         3
     sky130_fd_sc_hd__dfrtp_2      143
     sky130_fd_sc_hd__dfstp_2        3
     sky130_fd_sc_hd__dfxtp_2      136
     sky130_fd_sc_hd__ebufn_2        2
     sky130_fd_sc_hd__inv_2         33
     sky130_fd_sc_hd__mux2_1       155
     sky130_fd_sc_hd__mux4_2         1
     sky130_fd_sc_hd__nand2_2       44
     sky130_fd_sc_hd__nand2b_2       3
     sky130_fd_sc_hd__nand3_2        4
     sky130_fd_sc_hd__nand4_2        1
     sky130_fd_sc_hd__nor2_2        40
     sky130_fd_sc_hd__nor3_2         6
     sky130_fd_sc_hd__nor3b_2        1
     sky130_fd_sc_hd__o211a_2        6
     sky130_fd_sc_hd__o21a_2        12
     sky130_fd_sc_hd__o21ai_2       11
     sky130_fd_sc_hd__o21ba_2       12
     sky130_fd_sc_hd__o21bai_2       1
     sky130_fd_sc_hd__o22a_2        12
     sky130_fd_sc_hd__o2bb2a_2       1
     sky130_fd_sc_hd__o31a_2         3
     sky130_fd_sc_hd__o31ai_2        4
     sky130_fd_sc_hd__o32a_2         2
     sky130_fd_sc_hd__or2_2         38
     sky130_fd_sc_hd__or3_2          6
     sky130_fd_sc_hd__or3b_2         2
     sky130_fd_sc_hd__or4_2         21
     sky130_fd_sc_hd__xnor2_2       20
     sky130_fd_sc_hd__xor2_2        16

   Chip area for module '\dual_sensor_top': 13805.740800
     of which used for sequential elements: 6728.953600 (48.74%)

