
===========================================================================
report_checks -unconstrained
===========================================================================
======================= min_tt_025C_1v80 Corner ===================================

Startpoint: rst_n (input port clocked by clk_10mhz)
Endpoint: _1581_ (recovery check against rising-edge clock clk_10mhz)
Path Group: asynchronous
Path Type: max

Fanout         Cap        Slew       Delay        Time   Description
---------------------------------------------------------------------------------------------
                                  0.000000    0.000000   clock clk_10mhz (rise edge)
                                  0.000000    0.000000   clock network delay (propagated)
                                 20.000000   20.000000 ^ input external delay
     1    0.002761    0.019566    0.010163   20.010162 ^ rst_n (in)
                                                         rst_n (net)
                      0.019566    0.000000   20.010162 ^ input1/A (sky130_fd_sc_hd__clkbuf_1)
     1    0.002323    0.038913    0.067828   20.077991 ^ input1/X (sky130_fd_sc_hd__clkbuf_1)
                                                         net1 (net)
                      0.038913    0.000021   20.078012 ^ fanout65/A (sky130_fd_sc_hd__buf_2)
     6    0.033079    0.164729    0.191378   20.269390 ^ fanout65/X (sky130_fd_sc_hd__buf_2)
                                                         net65 (net)
                      0.164749    0.001524   20.270914 ^ fanout53/A (sky130_fd_sc_hd__clkbuf_4)
     9    0.045745    0.144994    0.251065   20.521980 ^ fanout53/X (sky130_fd_sc_hd__clkbuf_4)
                                                         net53 (net)
                      0.145038    0.002450   20.524429 ^ _0807_/A (sky130_fd_sc_hd__and2_1)
     3    0.020651    0.207866    0.261455   20.785883 ^ _0807_/X (sky130_fd_sc_hd__and2_1)
                                                         u_max30102_ctrl.rst_n (net)
                      0.207867    0.000815   20.786699 ^ fanout25/A (sky130_fd_sc_hd__clkbuf_4)
    10    0.050664    0.158137    0.276186   21.062885 ^ fanout25/X (sky130_fd_sc_hd__clkbuf_4)
                                                         net25 (net)
                      0.158137    0.000336   21.063221 ^ fanout24/A (sky130_fd_sc_hd__clkbuf_4)
     9    0.042629    0.136181    0.242776   21.305998 ^ fanout24/X (sky130_fd_sc_hd__clkbuf_4)
                                                         net24 (net)
                      0.136191    0.001313   21.307310 ^ _1581_/SET_B (sky130_fd_sc_hd__dfstp_1)
                                             21.307310   data arrival time

                                100.000000  100.000000   clock clk_10mhz (rise edge)
                                  0.000000  100.000000   clock source latency
     1    0.027545    0.129480    0.089734  100.089729 ^ clk_10mhz (in)
                                                         clk_10mhz (net)
                      0.129512    0.000000  100.089729 ^ clkbuf_0_clk_10mhz/A (sky130_fd_sc_hd__clkbuf_16)
     4    0.052720    0.071449    0.181871  100.271599 ^ clkbuf_0_clk_10mhz/X (sky130_fd_sc_hd__clkbuf_16)
                                                         clknet_0_clk_10mhz (net)
                      0.071453    0.000597  100.272202 ^ clkbuf_2_2__f_clk_10mhz/A (sky130_fd_sc_hd__clkbuf_16)
     8    0.062079    0.079904    0.167695  100.439896 ^ clkbuf_2_2__f_clk_10mhz/X (sky130_fd_sc_hd__clkbuf_16)
                                                         clknet_2_2__leaf_clk_10mhz (net)
                      0.079957    0.001876  100.441772 ^ clkbuf_leaf_20_clk_10mhz/A (sky130_fd_sc_hd__clkbuf_8)
     8    0.030243    0.066691    0.157812  100.599579 ^ clkbuf_leaf_20_clk_10mhz/X (sky130_fd_sc_hd__clkbuf_8)
                                                         clknet_leaf_20_clk_10mhz (net)
                      0.066691    0.000121  100.599701 ^ _1581_/CLK (sky130_fd_sc_hd__dfstp_1)
                                 -0.250000  100.349701   clock uncertainty
                                  0.000000  100.349701   clock reconvergence pessimism
                                  0.134770  100.484474   library recovery time
                                            100.484474   data required time
---------------------------------------------------------------------------------------------
                                            100.484474   data required time
                                            -21.307310   data arrival time
---------------------------------------------------------------------------------------------
                                             79.177162   slack (MET)


Startpoint: _1712_ (rising edge-triggered flip-flop clocked by clk_10mhz)
Endpoint: led_status[1] (output port clocked by clk_10mhz)
Path Group: clk_10mhz
Path Type: max

Fanout         Cap        Slew       Delay        Time   Description
---------------------------------------------------------------------------------------------
                                  0.000000    0.000000   clock clk_10mhz (rise edge)
                                  0.000000    0.000000   clock source latency
     1    0.027545    0.129480    0.089736    0.089736 ^ clk_10mhz (in)
                                                         clk_10mhz (net)
                      0.129512    0.000000    0.089736 ^ clkbuf_0_clk_10mhz/A (sky130_fd_sc_hd__clkbuf_16)
     4    0.052720    0.071449    0.181871    0.271607 ^ clkbuf_0_clk_10mhz/X (sky130_fd_sc_hd__clkbuf_16)
                                                         clknet_0_clk_10mhz (net)
                      0.071452    0.000534    0.272141 ^ clkbuf_2_0__f_clk_10mhz/A (sky130_fd_sc_hd__clkbuf_16)
     8    0.060573    0.078518    0.166710    0.438851 ^ clkbuf_2_0__f_clk_10mhz/X (sky130_fd_sc_hd__clkbuf_16)
                                                         clknet_2_0__leaf_clk_10mhz (net)
                      0.078520    0.000583    0.439434 ^ clkbuf_leaf_2_clk_10mhz/A (sky130_fd_sc_hd__clkbuf_8)
    16    0.045464    0.090554    0.175727    0.615161 ^ clkbuf_leaf_2_clk_10mhz/X (sky130_fd_sc_hd__clkbuf_8)
                                                         clknet_leaf_2_clk_10mhz (net)
                      0.090554    0.000324    0.615486 ^ _1712_/CLK (sky130_fd_sc_hd__dfrtp_1)
     5    0.012979    0.083391    0.420610    1.036096 v _1712_/Q (sky130_fd_sc_hd__dfrtp_1)
                                                         u_fifo.wr_ptr[0] (net)
                      0.083391    0.000171    1.036267 v fanout30/A (sky130_fd_sc_hd__buf_2)
    10    0.035355    0.091636    0.199723    1.235990 v fanout30/X (sky130_fd_sc_hd__buf_2)
                                                         net30 (net)
                      0.091637    0.000341    1.236331 v _0771_/A (sky130_fd_sc_hd__xor2_1)
     1    0.002882    0.058707    0.172495    1.408826 v _0771_/X (sky130_fd_sc_hd__xor2_1)
                                                         _0488_ (net)
                      0.058707    0.000035    1.408861 v _0774_/B (sky130_fd_sc_hd__or4_1)
     3    0.008600    0.120116    0.553149    1.962010 v _0774_/X (sky130_fd_sc_hd__or4_1)
                                                         _0491_ (net)
                      0.120116    0.000092    1.962101 v _0776_/A_N (sky130_fd_sc_hd__nand2b_1)
     4    0.016316    0.140719    0.244898    2.207000 v _0776_/Y (sky130_fd_sc_hd__nand2b_1)
                                                         net4 (net)
                      0.140720    0.000603    2.207603 v output4/A (sky130_fd_sc_hd__buf_2)
     1    0.034099    0.089129    0.223244    2.430846 v output4/X (sky130_fd_sc_hd__buf_2)
                                                         led_status[1] (net)
                      0.089129    0.000242    2.431089 v led_status[1] (out)
                                              2.431089   data arrival time

                                100.000000  100.000000   clock clk_10mhz (rise edge)
                                  0.000000  100.000000   clock network delay (propagated)
                                 -0.250000   99.750000   clock uncertainty
                                  0.000000   99.750000   clock reconvergence pessimism
                                -20.000000   79.750000   output external delay
                                             79.750000   data required time
---------------------------------------------------------------------------------------------
                                             79.750000   data required time
                                             -2.431089   data arrival time
---------------------------------------------------------------------------------------------
                                             77.318909   slack (MET)




===========================================================================
report_checks --slack_max -0.01
============================================================================
======================= min_tt_025C_1v80 Corner ===================================

No paths found.


===========================================================================
 report_check_types -max_slew -max_cap -max_fanout -violators
============================================================================
======================= min_tt_025C_1v80 Corner ===================================

max fanout

Pin                                   Limit Fanout  Slack
---------------------------------------------------------
clkbuf_leaf_2_clk_10mhz/X                10     16     -6 (VIOLATED)
clkbuf_leaf_8_clk_10mhz/X                10     16     -6 (VIOLATED)
clkbuf_leaf_14_clk_10mhz/X               10     15     -5 (VIOLATED)
clkbuf_leaf_13_clk_10mhz/X               10     14     -4 (VIOLATED)
clkbuf_leaf_26_clk_10mhz/X               10     14     -4 (VIOLATED)
clkbuf_leaf_17_clk_10mhz/X               10     13     -3 (VIOLATED)
clkbuf_leaf_18_clk_10mhz/X               10     13     -3 (VIOLATED)
clkbuf_leaf_5_clk_10mhz/X                10     13     -3 (VIOLATED)
clkbuf_leaf_7_clk_10mhz/X                10     13     -3 (VIOLATED)
clkbuf_leaf_10_clk_10mhz/X               10     12     -2 (VIOLATED)
clkbuf_leaf_11_clk_10mhz/X               10     12     -2 (VIOLATED)
clkbuf_leaf_12_clk_10mhz/X               10     11        (VIOLATED)
clkbuf_leaf_15_clk_10mhz/X               10     11        (VIOLATED)



===========================================================================
report_parasitic_annotation -report_unannotated
============================================================================
Found 31 unannotated drivers.
 _1782__66/HI
 _1782__68/LO
 _1783__67/HI
 clkload0/X
 clkload1/X
 clkload10/Y
 clkload11/Y
 clkload12/Y
 clkload13/Y
 clkload14/Y
 clkload15/X
 clkload16/Y
 clkload17/Y
 clkload18/Y
 clkload19/Y
 clkload2/X
 clkload20/Y
 clkload21/Y
 clkload22/Y
 clkload23/Y
 clkload24/Y
 clkload25/X
 clkload26/Y
 clkload27/Y
 clkload3/Y
 clkload4/Y
 clkload5/Y
 clkload6/Y
 clkload7/Y
 clkload8/Y
 clkload9/Y
Found 0 partially unannotated drivers.

===========================================================================
max slew violation count 0
max fanout violation count 13
max cap violation count 0
============================================================================

===========================================================================
check_setup -verbose -unconstrained_endpoints -multiple_clock -no_clock -no_input_delay -loops -generated_clocks
===========================================================================
Warning: There is 1 unconstrained endpoint.
  i2c_sda
