Clock: clk_10mhz
Sources: clk_10mhz 
Generated: no
Virtual: yes
Propagated: no
Period: 100.000000

===========================================================================
report_clock_properties
============================================================================
Clock                   Period          Waveform
----------------------------------------------------
clk_10mhz           100.000000    0.000000 50.000000

===========================================================================
report_clock_latency
============================================================================
Clock clk_10mhz
rise -> rise
    min     max
0.000000 0.000000 source latency
0.598034         network latency _1646_/CLK
        0.617562 network latency _1611_/CLK
---------------
0.598034 0.617562 latency
        0.019528 skew

fall -> fall
    min     max
0.000000 0.000000 source latency
0.547054         network latency _1646_/CLK
        0.560615 network latency _1611_/CLK
---------------
0.547054 0.560615 latency
        0.013561 skew



===========================================================================
report_clock_min_period
============================================================================
clk_10mhz period_min = 3.23 fmax = 309.21
