Reading timing models for corner nom_tt_025C_1v80…
Reading timing library for the 'nom_tt_025C_1v80' corner at '/home/duncan/.volare/volare/sky130/versions/0fe599b2afb6708d281543108caf8310912f54af/sky130A/libs.ref/sky130_fd_sc_hd/lib/sky130_fd_sc_hd__tt_025C_1v80.lib'…
Reading timing models for corner nom_ff_n40C_1v95…
Reading timing library for the 'nom_ff_n40C_1v95' corner at '/home/duncan/.volare/volare/sky130/versions/0fe599b2afb6708d281543108caf8310912f54af/sky130A/libs.ref/sky130_fd_sc_hd/lib/sky130_fd_sc_hd__ff_n40C_1v95.lib'…
Reading timing models for corner nom_ss_100C_1v60…
Reading timing library for the 'nom_ss_100C_1v60' corner at '/home/duncan/.volare/volare/sky130/versions/0fe599b2afb6708d281543108caf8310912f54af/sky130A/libs.ref/sky130_fd_sc_hd/lib/sky130_fd_sc_hd__ss_100C_1v60.lib'…
Reading OpenROAD database at '/home/duncan/sem3project_add/runs/RUN_2026-08-27_07-32-05/33-openroad-detailedplacement/dual_sensor_top.odb'…
Reading design constraints file at '/nix/store/ss2cw3sxbrwwx9jl0rrppbw4kgcmgi2n-python3-3.11.9-env/lib/python3.11/site-packages/openlane/scripts/base.sdc'…
[INFO] Using clock clk_10mhz…
[INFO] Setting output delay to: 20.0
[INFO] Setting input delay to: 20.0
[INFO] Setting load to: 0.033442
[INFO] Setting clock uncertainty to: 0.25
[INFO] Setting clock transition to: 0.1499999999999999944488848768742172978818416595458984375
[INFO] Setting timing derate to: 5%
[INFO] Setting RC values…
[INFO] Configuring cts characterization…
[INFO] Performing clock tree synthesis…
[INFO] Looking for the following net(s): clk_10mhz
[INFO] Running Clock Tree Synthesis…
[INFO CTS-0050] Root buffer is sky130_fd_sc_hd__clkbuf_16.
[INFO CTS-0051] Sink buffer is sky130_fd_sc_hd__clkbuf_8.
[INFO CTS-0052] The following clock buffers will be used for CTS:
                    sky130_fd_sc_hd__clkbuf_2
                    sky130_fd_sc_hd__clkbuf_4
                    sky130_fd_sc_hd__clkbuf_8
[INFO CTS-0049] Characterization buffer is sky130_fd_sc_hd__clkbuf_8.
[INFO CTS-0007] Net "clk_10mhz" found for clock "clk_10mhz".
[INFO CTS-0010]  Clock net "clk_10mhz" has 282 sinks.
[INFO CTS-0008] TritonCTS found 1 clock nets.
[INFO CTS-0097] Characterization used 3 buffer(s) types.
[INFO CTS-0200] 0 placement blockages have been identified.
[INFO CTS-0201] 0 placed hard macros will be treated like blockages.
[INFO CTS-0027] Generating H-Tree topology for net clk_10mhz.
[INFO CTS-0028]  Total number of sinks: 282.
[INFO CTS-0029]  Sinks will be clustered in groups of up to 25 and with maximum cluster diameter of 50.0 um.
[INFO CTS-0030]  Number of static layers: 0.
[INFO CTS-0020]  Wire segment unit: 13600  dbu (13 um).
[INFO CTS-0204] A clustering solution was found from clustering size of 25 and clustering diameter of 50.
[INFO CTS-0205] Better solution may be possible if either -sink_clustering_size, -sink_clustering_max_diameter, or both options are omitted to enable automatic clustering.
[INFO CTS-0019]  Total number of sinks after clustering: 29.
[INFO CTS-0024]  Normalized sink region: [(0.840179, 2.06828), (11.5424, 12.72)].
[INFO CTS-0025]     Width:  10.7022.
[INFO CTS-0026]     Height: 10.6517.
 Level 1
    Direction: Horizontal
    Sinks per sub-region: 15
    Sub-region size: 5.3511 X 10.6517
[INFO CTS-0034]     Segment length (rounded): 2.
 Level 2
    Direction: Vertical
    Sinks per sub-region: 8
    Sub-region size: 5.3511 X 5.3259
[INFO CTS-0034]     Segment length (rounded): 2.
[INFO CTS-0032]  Stop criterion found. Max number of sinks is 15.
[INFO CTS-0035]  Number of sinks covered: 29.
[INFO CTS-0018]     Created 34 clock buffers.
[INFO CTS-0012]     Minimum number of buffers in the clock path: 3.
[INFO CTS-0013]     Maximum number of buffers in the clock path: 3.
[INFO CTS-0015]     Created 34 clock nets.
[INFO CTS-0016]     Fanout distribution for the current clock = 5:3, 6:1, 7:8, 8:2, 9:6, 10:2, 11:2, 12:3, 13:3, 15:1, 16:2..
[INFO CTS-0017]     Max level of the clock tree: 2.
[INFO CTS-0098] Clock net "clk_10mhz"
[INFO CTS-0099]  Sinks 310
[INFO CTS-0100]  Leaf buffers 29
[INFO CTS-0101]  Average sink wire length 271.94 um
[INFO CTS-0102]  Path depth 2 - 3
[INFO CTS-0207]  Leaf load cells 28
[INFO] Repairing long wires on clock nets…
[INFO RSZ-0058] Using max wire length 6335um.
Setting global connections for newly added cells…
[INFO] Setting global connections...
Updating metrics…
Cell type report:                       Count       Area
  Fill cell                               128     480.46
  Tap cell                                429     536.76
  Buffer                                    3      11.26
  Clock buffer                             39     586.81
  Timing Repair Buffer                     65     366.60
  Inverter                                 33     123.87
  Clock inverter                           23     345.33
  Sequential cell                         282    6433.67
  Multi-Input combinational cell          718    6069.57
  Total                                  1720   14954.34
Writing OpenROAD database to '/home/duncan/sem3project_add/runs/RUN_2026-08-27_07-32-05/34-openroad-cts/dual_sensor_top.odb'…
Writing netlist to '/home/duncan/sem3project_add/runs/RUN_2026-08-27_07-32-05/34-openroad-cts/dual_sensor_top.nl.v'…
Writing powered netlist to '/home/duncan/sem3project_add/runs/RUN_2026-08-27_07-32-05/34-openroad-cts/dual_sensor_top.pnl.v'…
Writing layout to '/home/duncan/sem3project_add/runs/RUN_2026-08-27_07-32-05/34-openroad-cts/dual_sensor_top.def'…
Writing timing constraints to '/home/duncan/sem3project_add/runs/RUN_2026-08-27_07-32-05/34-openroad-cts/dual_sensor_top.sdc'…
[INFO] Legalizing…
Placement Analysis
---------------------------------
total displacement        456.3 u
average displacement        0.3 u
max displacement            8.7 u
original HPWL           22483.2 u
legalized HPWL          23401.8 u
delta HPWL                    4 %

[INFO DPL-0020] Mirrored 371 instances
[INFO DPL-0021] HPWL before           23401.8 u
[INFO DPL-0022] HPWL after            22752.8 u
[INFO DPL-0023] HPWL delta               -2.8 %
Setting global connections for newly added cells…
[INFO] Setting global connections...
Updating metrics…
Cell type report:                       Count       Area
  Fill cell                               128     480.46
  Tap cell                                429     536.76
  Buffer                                    3      11.26
  Clock buffer                             39     586.81
  Timing Repair Buffer                     65     366.60
  Inverter                                 33     123.87
  Clock inverter                           23     345.33
  Sequential cell                         282    6433.67
  Multi-Input combinational cell          718    6069.57
  Total                                  1720   14954.34
Writing OpenROAD database to '/home/duncan/sem3project_add/runs/RUN_2026-08-27_07-32-05/34-openroad-cts/dual_sensor_top.odb'…
Writing netlist to '/home/duncan/sem3project_add/runs/RUN_2026-08-27_07-32-05/34-openroad-cts/dual_sensor_top.nl.v'…
Writing powered netlist to '/home/duncan/sem3project_add/runs/RUN_2026-08-27_07-32-05/34-openroad-cts/dual_sensor_top.pnl.v'…
Writing layout to '/home/duncan/sem3project_add/runs/RUN_2026-08-27_07-32-05/34-openroad-cts/dual_sensor_top.def'…
Writing timing constraints to '/home/duncan/sem3project_add/runs/RUN_2026-08-27_07-32-05/34-openroad-cts/dual_sensor_top.sdc'…
%OL_CREATE_REPORT cts.rpt
[INFO CTS-0003] Total number of Clock Roots: 1.
[INFO CTS-0004] Total number of Buffers Inserted: 34.
[INFO CTS-0005] Total number of Clock Subnets: 34.
[INFO CTS-0006] Total number of Sinks: 282.
%OL_END_REPORT
