
===========================================================================
report_checks -unconstrained
===========================================================================
======================= min_ss_100C_1v60 Corner ===================================

Startpoint: rst_n (input port clocked by clk_10mhz)
Endpoint: _1581_ (recovery check against rising-edge clock clk_10mhz)
Path Group: asynchronous
Path Type: max

Fanout         Cap        Slew       Delay        Time   Description
---------------------------------------------------------------------------------------------
                                  0.000000    0.000000   clock clk_10mhz (rise edge)
                                  0.000000    0.000000   clock network delay (propagated)
                                 20.000000   20.000000 ^ input external delay
     1    0.002695    0.031563    0.015218   20.015219 ^ rst_n (in)
                                                         rst_n (net)
                      0.031563    0.000000   20.015219 ^ input1/A (sky130_fd_sc_hd__clkbuf_1)
     1    0.002269    0.063528    0.125887   20.141106 ^ input1/X (sky130_fd_sc_hd__clkbuf_1)
                                                         net1 (net)
                      0.063528    0.000021   20.141127 ^ fanout65/A (sky130_fd_sc_hd__buf_2)
     6    0.033007    0.262864    0.333536   20.474663 ^ fanout65/X (sky130_fd_sc_hd__buf_2)
                                                         net65 (net)
                      0.262868    0.001521   20.476183 ^ fanout53/A (sky130_fd_sc_hd__clkbuf_4)
     9    0.043091    0.218419    0.444768   20.920952 ^ fanout53/X (sky130_fd_sc_hd__clkbuf_4)
                                                         net53 (net)
                      0.218439    0.002292   20.923243 ^ _0807_/A (sky130_fd_sc_hd__and2_1)
     3    0.020270    0.327321    0.468919   21.392162 ^ _0807_/X (sky130_fd_sc_hd__and2_1)
                                                         u_max30102_ctrl.rst_n (net)
                      0.327321    0.000798   21.392960 ^ fanout25/A (sky130_fd_sc_hd__clkbuf_4)
    10    0.047714    0.238921    0.488345   21.881304 ^ fanout25/X (sky130_fd_sc_hd__clkbuf_4)
                                                         net25 (net)
                      0.238921    0.000325   21.881630 ^ fanout24/A (sky130_fd_sc_hd__clkbuf_4)
     9    0.039361    0.201902    0.422554   22.304184 ^ fanout24/X (sky130_fd_sc_hd__clkbuf_4)
                                                         net24 (net)
                      0.201906    0.001211   22.305395 ^ _1581_/SET_B (sky130_fd_sc_hd__dfstp_1)
                                             22.305395   data arrival time

                                100.000000  100.000000   clock clk_10mhz (rise edge)
                                  0.000000  100.000000   clock source latency
     1    0.027545    0.202806    0.139870  100.139870 ^ clk_10mhz (in)
                                                         clk_10mhz (net)
                      0.202826    0.000000  100.139870 ^ clkbuf_0_clk_10mhz/A (sky130_fd_sc_hd__clkbuf_16)
     4    0.052720    0.110789    0.325265  100.465134 ^ clkbuf_0_clk_10mhz/X (sky130_fd_sc_hd__clkbuf_16)
                                                         clknet_0_clk_10mhz (net)
                      0.110791    0.000597  100.465729 ^ clkbuf_2_2__f_clk_10mhz/A (sky130_fd_sc_hd__clkbuf_16)
     8    0.062031    0.123388    0.292914  100.758644 ^ clkbuf_2_2__f_clk_10mhz/X (sky130_fd_sc_hd__clkbuf_16)
                                                         clknet_2_2__leaf_clk_10mhz (net)
                      0.123419    0.001876  100.760521 ^ clkbuf_leaf_20_clk_10mhz/A (sky130_fd_sc_hd__clkbuf_8)
     8    0.029565    0.106377    0.281965  101.042480 ^ clkbuf_leaf_20_clk_10mhz/X (sky130_fd_sc_hd__clkbuf_8)
                                                         clknet_leaf_20_clk_10mhz (net)
                      0.106377    0.000121  101.042603 ^ _1581_/CLK (sky130_fd_sc_hd__dfstp_1)
                                 -0.250000  100.792610   clock uncertainty
                                  0.000000  100.792610   clock reconvergence pessimism
                                  0.262365  101.054977   library recovery time
                                            101.054977   data required time
---------------------------------------------------------------------------------------------
                                            101.054977   data required time
                                            -22.305395   data arrival time
---------------------------------------------------------------------------------------------
                                             78.749580   slack (MET)


Startpoint: _1712_ (rising edge-triggered flip-flop clocked by clk_10mhz)
Endpoint: led_status[1] (output port clocked by clk_10mhz)
Path Group: clk_10mhz
Path Type: max

Fanout         Cap        Slew       Delay        Time   Description
---------------------------------------------------------------------------------------------
                                  0.000000    0.000000   clock clk_10mhz (rise edge)
                                  0.000000    0.000000   clock source latency
     1    0.027545    0.202806    0.139869    0.139869 ^ clk_10mhz (in)
                                                         clk_10mhz (net)
                      0.202826    0.000000    0.139869 ^ clkbuf_0_clk_10mhz/A (sky130_fd_sc_hd__clkbuf_16)
     4    0.052720    0.110789    0.325264    0.465133 ^ clkbuf_0_clk_10mhz/X (sky130_fd_sc_hd__clkbuf_16)
                                                         clknet_0_clk_10mhz (net)
                      0.110790    0.000534    0.465668 ^ clkbuf_2_0__f_clk_10mhz/A (sky130_fd_sc_hd__clkbuf_16)
     8    0.060525    0.121358    0.291401    0.757069 ^ clkbuf_2_0__f_clk_10mhz/X (sky130_fd_sc_hd__clkbuf_16)
                                                         clknet_2_0__leaf_clk_10mhz (net)
                      0.121358    0.000583    0.757652 ^ clkbuf_leaf_2_clk_10mhz/A (sky130_fd_sc_hd__clkbuf_8)
    16    0.043848    0.138963    0.308269    1.065921 ^ clkbuf_leaf_2_clk_10mhz/X (sky130_fd_sc_hd__clkbuf_8)
                                                         clknet_leaf_2_clk_10mhz (net)
                      0.138963    0.000313    1.066234 ^ _1712_/CLK (sky130_fd_sc_hd__dfrtp_1)
     5    0.012839    0.163412    0.861008    1.927242 v _1712_/Q (sky130_fd_sc_hd__dfrtp_1)
                                                         u_fifo.wr_ptr[0] (net)
                      0.163412    0.000170    1.927412 v fanout30/A (sky130_fd_sc_hd__buf_2)
    10    0.035483    0.170664    0.393561    2.320972 v fanout30/X (sky130_fd_sc_hd__buf_2)
                                                         net30 (net)
                      0.170664    0.000343    2.321315 v _0771_/A (sky130_fd_sc_hd__xor2_1)
     1    0.002841    0.105244    0.334137    2.655452 v _0771_/X (sky130_fd_sc_hd__xor2_1)
                                                         _0488_ (net)
                      0.105244    0.000034    2.655486 v _0774_/B (sky130_fd_sc_hd__or4_1)
     3    0.008594    0.245550    1.289734    3.945220 v _0774_/X (sky130_fd_sc_hd__or4_1)
                                                         _0491_ (net)
                      0.245550    0.000092    3.945312 v _0776_/A_N (sky130_fd_sc_hd__nand2b_1)
     4    0.016135    0.293737    0.539423    4.484735 v _0776_/Y (sky130_fd_sc_hd__nand2b_1)
                                                         net4 (net)
                      0.293737    0.000598    4.485333 v output4/A (sky130_fd_sc_hd__buf_2)
     1    0.034099    0.165604    0.451371    4.936704 v output4/X (sky130_fd_sc_hd__buf_2)
                                                         led_status[1] (net)
                      0.165604    0.000242    4.936946 v led_status[1] (out)
                                              4.936946   data arrival time

                                100.000000  100.000000   clock clk_10mhz (rise edge)
                                  0.000000  100.000000   clock network delay (propagated)
                                 -0.250000   99.750000   clock uncertainty
                                  0.000000   99.750000   clock reconvergence pessimism
                                -20.000000   79.750000   output external delay
                                             79.750000   data required time
---------------------------------------------------------------------------------------------
                                             79.750000   data required time
                                             -4.936946   data arrival time
---------------------------------------------------------------------------------------------
                                             74.813057   slack (MET)




===========================================================================
report_checks --slack_max -0.01
============================================================================
======================= min_ss_100C_1v60 Corner ===================================

No paths found.


===========================================================================
 report_check_types -max_slew -max_cap -max_fanout -violators
============================================================================
======================= min_ss_100C_1v60 Corner ===================================

max fanout

Pin                                   Limit Fanout  Slack
---------------------------------------------------------
clkbuf_leaf_2_clk_10mhz/X                10     16     -6 (VIOLATED)
clkbuf_leaf_8_clk_10mhz/X                10     16     -6 (VIOLATED)
clkbuf_leaf_14_clk_10mhz/X               10     15     -5 (VIOLATED)
clkbuf_leaf_13_clk_10mhz/X               10     14     -4 (VIOLATED)
clkbuf_leaf_26_clk_10mhz/X               10     14     -4 (VIOLATED)
clkbuf_leaf_17_clk_10mhz/X               10     13     -3 (VIOLATED)
clkbuf_leaf_18_clk_10mhz/X               10     13     -3 (VIOLATED)
clkbuf_leaf_5_clk_10mhz/X                10     13     -3 (VIOLATED)
clkbuf_leaf_7_clk_10mhz/X                10     13     -3 (VIOLATED)
clkbuf_leaf_10_clk_10mhz/X               10     12     -2 (VIOLATED)
clkbuf_leaf_11_clk_10mhz/X               10     12     -2 (VIOLATED)
clkbuf_leaf_12_clk_10mhz/X               10     11        (VIOLATED)
clkbuf_leaf_15_clk_10mhz/X               10     11        (VIOLATED)



===========================================================================
report_parasitic_annotation -report_unannotated
============================================================================
Found 31 unannotated drivers.
 _1782__66/HI
 _1782__68/LO
 _1783__67/HI
 clkload0/X
 clkload1/X
 clkload10/Y
 clkload11/Y
 clkload12/Y
 clkload13/Y
 clkload14/Y
 clkload15/X
 clkload16/Y
 clkload17/Y
 clkload18/Y
 clkload19/Y
 clkload2/X
 clkload20/Y
 clkload21/Y
 clkload22/Y
 clkload23/Y
 clkload24/Y
 clkload25/X
 clkload26/Y
 clkload27/Y
 clkload3/Y
 clkload4/Y
 clkload5/Y
 clkload6/Y
 clkload7/Y
 clkload8/Y
 clkload9/Y
Found 0 partially unannotated drivers.

===========================================================================
max slew violation count 0
max fanout violation count 13
max cap violation count 0
============================================================================

===========================================================================
check_setup -verbose -unconstrained_endpoints -multiple_clock -no_clock -no_input_delay -loops -generated_clocks
===========================================================================
Warning: There is 1 unconstrained endpoint.
  i2c_sda
