Clock: clk_10mhz
Sources: clk_10mhz 
Generated: no
Virtual: yes
Propagated: no
Period: 100.000000

===========================================================================
report_clock_properties
============================================================================
Clock                   Period          Waveform
----------------------------------------------------
clk_10mhz           100.000000    0.000000 50.000000

===========================================================================
report_clock_latency
============================================================================
Clock clk_10mhz
rise -> rise
    min     max
0.000000 0.000000 source latency
1.040264         network latency _1646_/CLK
        1.067095 network latency _1611_/CLK
---------------
1.040264 1.067095 latency
        0.026831 skew

fall -> fall
    min     max
0.000000 0.000000 source latency
0.980403         network latency _1646_/CLK
        1.001293 network latency _1611_/CLK
---------------
0.980403 1.001293 latency
        0.020890 skew



===========================================================================
report_clock_min_period
============================================================================
clk_10mhz period_min = 6.42 fmax = 155.66
