
===========================================================================
 report_power
============================================================================
======================= min_ss_100C_1v60 Corner ===================================

Group                    Internal    Switching      Leakage        Total
                            Power        Power        Power        Power (Watts)
------------------------------------------------------------------------
Sequential           8.699611e-05 1.151616e-08 4.530963e-06 9.153860e-05  50.4%
Combinational        2.606947e-07 7.081828e-07 5.285925e-06 6.254803e-06   3.4%
Clock                4.793735e-05 3.533996e-05 7.245237e-07 8.400183e-05  46.2%
Macro                0.000000e+00 0.000000e+00 0.000000e+00 0.000000e+00   0.0%
Pad                  0.000000e+00 0.000000e+00 0.000000e+00 0.000000e+00   0.0%
------------------------------------------------------------------------
Total                1.351942e-04 3.605966e-05 1.054150e-05 1.817953e-04 100.0%
                            74.4%        19.8%         5.8%

