
===========================================================================
report_checks -unconstrained
===========================================================================
======================= min_ff_n40C_1v95 Corner ===================================

Startpoint: rst_n (input port clocked by clk_10mhz)
Endpoint: _1581_ (recovery check against rising-edge clock clk_10mhz)
Path Group: asynchronous
Path Type: max

Fanout         Cap        Slew       Delay        Time   Description
---------------------------------------------------------------------------------------------
                                  0.000000    0.000000   clock clk_10mhz (rise edge)
                                  0.000000    0.000000   clock network delay (propagated)
                                 20.000000   20.000000 ^ input external delay
     1    0.002826    0.014009    0.007288   20.007288 ^ rst_n (in)
                                                         rst_n (net)
                      0.014009    0.000000   20.007288 ^ input1/A (sky130_fd_sc_hd__clkbuf_1)
     1    0.002394    0.028819    0.045343   20.052631 ^ input1/X (sky130_fd_sc_hd__clkbuf_1)
                                                         net1 (net)
                      0.028819    0.000023   20.052654 ^ fanout65/A (sky130_fd_sc_hd__buf_2)
     6    0.033277    0.124728    0.133808   20.186462 ^ fanout65/X (sky130_fd_sc_hd__buf_2)
                                                         net65 (net)
                      0.124756    0.001533   20.187996 ^ fanout53/A (sky130_fd_sc_hd__clkbuf_4)
     9    0.045785    0.108973    0.168999   20.356995 ^ fanout53/X (sky130_fd_sc_hd__clkbuf_4)
                                                         net53 (net)
                      0.109056    0.002453   20.359447 ^ _0807_/A (sky130_fd_sc_hd__and2_1)
     3    0.020702    0.156029    0.173147   20.532595 ^ _0807_/X (sky130_fd_sc_hd__and2_1)
                                                         u_max30102_ctrl.rst_n (net)
                      0.156035    0.000817   20.533413 ^ fanout25/A (sky130_fd_sc_hd__clkbuf_4)
    10    0.050638    0.119978    0.181988   20.715401 ^ fanout25/X (sky130_fd_sc_hd__clkbuf_4)
                                                         net25 (net)
                      0.119978    0.000338   20.715736 ^ fanout24/A (sky130_fd_sc_hd__clkbuf_4)
     9    0.042642    0.102504    0.163483   20.879221 ^ fanout24/X (sky130_fd_sc_hd__clkbuf_4)
                                                         net24 (net)
                      0.102520    0.001313   20.880533 ^ _1581_/SET_B (sky130_fd_sc_hd__dfstp_1)
                                             20.880533   data arrival time

                                100.000000  100.000000   clock clk_10mhz (rise edge)
                                  0.000000  100.000000   clock source latency
     1    0.027614    0.096705    0.067175  100.067169 ^ clk_10mhz (in)
                                                         clk_10mhz (net)
                      0.096748    0.000000  100.067169 ^ clkbuf_0_clk_10mhz/A (sky130_fd_sc_hd__clkbuf_16)
     4    0.052996    0.054833    0.122164  100.189339 ^ clkbuf_0_clk_10mhz/X (sky130_fd_sc_hd__clkbuf_16)
                                                         clknet_0_clk_10mhz (net)
                      0.054840    0.000597  100.189934 ^ clkbuf_2_2__f_clk_10mhz/A (sky130_fd_sc_hd__clkbuf_16)
     8    0.062343    0.061059    0.115840  100.305771 ^ clkbuf_2_2__f_clk_10mhz/X (sky130_fd_sc_hd__clkbuf_16)
                                                         clknet_2_2__leaf_clk_10mhz (net)
                      0.061195    0.001883  100.307655 ^ clkbuf_leaf_20_clk_10mhz/A (sky130_fd_sc_hd__clkbuf_8)
     8    0.030736    0.050204    0.106851  100.414505 ^ clkbuf_leaf_20_clk_10mhz/X (sky130_fd_sc_hd__clkbuf_8)
                                                         clknet_leaf_20_clk_10mhz (net)
                      0.050204    0.000121  100.414627 ^ _1581_/CLK (sky130_fd_sc_hd__dfstp_1)
                                 -0.250000  100.164627   clock uncertainty
                                  0.000000  100.164627   clock reconvergence pessimism
                                  0.089279  100.253906   library recovery time
                                            100.253906   data required time
---------------------------------------------------------------------------------------------
                                            100.253906   data required time
                                            -20.880533   data arrival time
---------------------------------------------------------------------------------------------
                                             79.373375   slack (MET)


Startpoint: _1712_ (rising edge-triggered flip-flop clocked by clk_10mhz)
Endpoint: led_status[1] (output port clocked by clk_10mhz)
Path Group: clk_10mhz
Path Type: max

Fanout         Cap        Slew       Delay        Time   Description
---------------------------------------------------------------------------------------------
                                  0.000000    0.000000   clock clk_10mhz (rise edge)
                                  0.000000    0.000000   clock source latency
     1    0.027614    0.096705    0.067176    0.067176 ^ clk_10mhz (in)
                                                         clk_10mhz (net)
                      0.096748    0.000000    0.067176 ^ clkbuf_0_clk_10mhz/A (sky130_fd_sc_hd__clkbuf_16)
     4    0.052996    0.054833    0.122161    0.189336 ^ clkbuf_0_clk_10mhz/X (sky130_fd_sc_hd__clkbuf_16)
                                                         clknet_0_clk_10mhz (net)
                      0.054838    0.000537    0.189874 ^ clkbuf_2_0__f_clk_10mhz/A (sky130_fd_sc_hd__clkbuf_16)
     8    0.060837    0.059998    0.115147    0.305020 ^ clkbuf_2_0__f_clk_10mhz/X (sky130_fd_sc_hd__clkbuf_16)
                                                         clknet_2_0__leaf_clk_10mhz (net)
                      0.060002    0.000586    0.305606 ^ clkbuf_leaf_2_clk_10mhz/A (sky130_fd_sc_hd__clkbuf_8)
    16    0.046745    0.069625    0.120797    0.426403 ^ clkbuf_leaf_2_clk_10mhz/X (sky130_fd_sc_hd__clkbuf_8)
                                                         clknet_leaf_2_clk_10mhz (net)
                      0.069625    0.000333    0.426736 ^ _1712_/CLK (sky130_fd_sc_hd__dfrtp_1)
     5    0.013319    0.059685    0.268383    0.695119 v _1712_/Q (sky130_fd_sc_hd__dfrtp_1)
                                                         u_fifo.wr_ptr[0] (net)
                      0.059685    0.000176    0.695295 v fanout30/A (sky130_fd_sc_hd__buf_2)
    10    0.035629    0.064652    0.131188    0.826483 v fanout30/X (sky130_fd_sc_hd__buf_2)
                                                         net30 (net)
                      0.064653    0.000342    0.826825 v _0771_/A (sky130_fd_sc_hd__xor2_1)
     1    0.002955    0.043627    0.109785    0.936610 v _0771_/X (sky130_fd_sc_hd__xor2_1)
                                                         _0488_ (net)
                      0.043627    0.000036    0.936646 v _0774_/B (sky130_fd_sc_hd__or4_1)
     3    0.008687    0.079156    0.317448    1.254094 v _0774_/X (sky130_fd_sc_hd__or4_1)
                                                         _0491_ (net)
                      0.079156    0.000093    1.254187 v _0776_/A_N (sky130_fd_sc_hd__nand2b_1)
     4    0.016659    0.095410    0.151120    1.405307 v _0776_/Y (sky130_fd_sc_hd__nand2b_1)
                                                         net4 (net)
                      0.095415    0.000614    1.405921 v output4/A (sky130_fd_sc_hd__buf_2)
     1    0.034099    0.062483    0.143758    1.549679 v output4/X (sky130_fd_sc_hd__buf_2)
                                                         led_status[1] (net)
                      0.062483    0.000242    1.549922 v led_status[1] (out)
                                              1.549922   data arrival time

                                100.000000  100.000000   clock clk_10mhz (rise edge)
                                  0.000000  100.000000   clock network delay (propagated)
                                 -0.250000   99.750000   clock uncertainty
                                  0.000000   99.750000   clock reconvergence pessimism
                                -20.000000   79.750000   output external delay
                                             79.750000   data required time
---------------------------------------------------------------------------------------------
                                             79.750000   data required time
                                             -1.549922   data arrival time
---------------------------------------------------------------------------------------------
                                             78.200073   slack (MET)




===========================================================================
report_checks --slack_max -0.01
============================================================================
======================= min_ff_n40C_1v95 Corner ===================================

No paths found.


===========================================================================
 report_check_types -max_slew -max_cap -max_fanout -violators
============================================================================
======================= min_ff_n40C_1v95 Corner ===================================

max fanout

Pin                                   Limit Fanout  Slack
---------------------------------------------------------
clkbuf_leaf_2_clk_10mhz/X                10     16     -6 (VIOLATED)
clkbuf_leaf_8_clk_10mhz/X                10     16     -6 (VIOLATED)
clkbuf_leaf_14_clk_10mhz/X               10     15     -5 (VIOLATED)
clkbuf_leaf_13_clk_10mhz/X               10     14     -4 (VIOLATED)
clkbuf_leaf_26_clk_10mhz/X               10     14     -4 (VIOLATED)
clkbuf_leaf_17_clk_10mhz/X               10     13     -3 (VIOLATED)
clkbuf_leaf_18_clk_10mhz/X               10     13     -3 (VIOLATED)
clkbuf_leaf_5_clk_10mhz/X                10     13     -3 (VIOLATED)
clkbuf_leaf_7_clk_10mhz/X                10     13     -3 (VIOLATED)
clkbuf_leaf_10_clk_10mhz/X               10     12     -2 (VIOLATED)
clkbuf_leaf_11_clk_10mhz/X               10     12     -2 (VIOLATED)
clkbuf_leaf_12_clk_10mhz/X               10     11        (VIOLATED)
clkbuf_leaf_15_clk_10mhz/X               10     11        (VIOLATED)



===========================================================================
report_parasitic_annotation -report_unannotated
============================================================================
Found 31 unannotated drivers.
 _1782__66/HI
 _1782__68/LO
 _1783__67/HI
 clkload0/X
 clkload1/X
 clkload10/Y
 clkload11/Y
 clkload12/Y
 clkload13/Y
 clkload14/Y
 clkload15/X
 clkload16/Y
 clkload17/Y
 clkload18/Y
 clkload19/Y
 clkload2/X
 clkload20/Y
 clkload21/Y
 clkload22/Y
 clkload23/Y
 clkload24/Y
 clkload25/X
 clkload26/Y
 clkload27/Y
 clkload3/Y
 clkload4/Y
 clkload5/Y
 clkload6/Y
 clkload7/Y
 clkload8/Y
 clkload9/Y
Found 0 partially unannotated drivers.

===========================================================================
max slew violation count 0
max fanout violation count 13
max cap violation count 0
============================================================================

===========================================================================
check_setup -verbose -unconstrained_endpoints -multiple_clock -no_clock -no_input_delay -loops -generated_clocks
===========================================================================
Warning: There is 1 unconstrained endpoint.
  i2c_sda
