Clock: clk_10mhz
Sources: clk_10mhz 
Generated: no
Virtual: yes
Propagated: no
Period: 100.000000

===========================================================================
report_clock_properties
============================================================================
Clock                   Period          Waveform
----------------------------------------------------
clk_10mhz           100.000000    0.000000 50.000000

===========================================================================
report_clock_latency
============================================================================
Clock clk_10mhz
rise -> rise
    min     max
0.000000 0.000000 source latency
0.412918         network latency _1646_/CLK
        0.428308 network latency _1611_/CLK
---------------
0.412918 0.428308 latency
        0.015390 skew

fall -> fall
    min     max
0.000000 0.000000 source latency
0.374683         network latency _1646_/CLK
        0.384894 network latency _1611_/CLK
---------------
0.374683 0.384894 latency
        0.010210 skew



===========================================================================
report_clock_min_period
============================================================================
clk_10mhz period_min = 2.06 fmax = 485.96
