Clock: clk_10mhz
Sources: clk_10mhz 
Generated: no
Virtual: yes
Propagated: no
Period: 100.000000

===========================================================================
report_clock_properties
============================================================================
Clock                   Period          Waveform
----------------------------------------------------
clk_10mhz           100.000000    0.000000 50.000000

===========================================================================
report_clock_latency
============================================================================
Clock clk_10mhz
rise -> rise
    min     max
0.000000 0.000000 source latency
0.612384         network latency _1646_/CLK
        0.633384 network latency _1611_/CLK
---------------
0.612384 0.633384 latency
        0.020999 skew

fall -> fall
    min     max
0.000000 0.000000 source latency
0.557169         network latency _1646_/CLK
        0.571834 network latency _1611_/CLK
---------------
0.557169 0.571834 latency
        0.014666 skew



===========================================================================
report_clock_min_period
============================================================================
clk_10mhz period_min = 3.28 fmax = 304.70
