%Error: /home/duncan/sem3project_add/src/dual_sensor_top.v:25:5: Cannot find file containing module: 'pmu_controller'
   25 |     pmu_controller u_pmu (
      |     ^~~~~~~~~~~~~~
%Error: /home/duncan/sem3project_add/src/dual_sensor_top.v:25:5: This may be because there's no search path specified with -I<dir>.
   25 |     pmu_controller u_pmu (
      |     ^~~~~~~~~~~~~~
        ... Looked in:
             pmu_controller
             pmu_controller.v
             pmu_controller.sv
             obj_dir/pmu_controller
             obj_dir/pmu_controller.v
             obj_dir/pmu_controller.sv
%Error: /home/duncan/sem3project_add/src/dual_sensor_top.v:53:5: Cannot find file containing module: 'packet_assembler'
   53 |     packet_assembler u_packet_assembler (
      |     ^~~~~~~~~~~~~~~~
%Error: /home/duncan/sem3project_add/src/dual_sensor_top.v:75:5: Cannot find file containing module: 'uart_tx'
   75 |     uart_tx u_uart (
      |     ^~~~~~~
%Error: Exiting due to 4 error(s)
