Reading OpenROAD database at '/home/duncan/sem3project_add/runs/RUN_2026-08-27_07-32-05/47-odb-reportdisconnectedpins/dual_sensor_top.odb'…
Reading library file at '/home/duncan/.volare/volare/sky130/versions/0fe599b2afb6708d281543108caf8310912f54af/sky130A/libs.ref/sky130_fd_sc_hd/lib/sky130_fd_sc_hd__tt_025C_1v80.lib'…
Reading design constraints file at '/nix/store/ss2cw3sxbrwwx9jl0rrppbw4kgcmgi2n-python3-3.11.9-env/lib/python3.11/site-packages/openlane/scripts/base.sdc'…
[INFO] Using clock clk_10mhz…
[INFO] Setting output delay to: 20.0
[INFO] Setting input delay to: 20.0
[INFO] Setting load to: 0.033442
[INFO] Setting clock uncertainty to: 0.25
[INFO] Setting clock transition to: 0.1499999999999999944488848768742172978818416595458984375
[INFO] Setting timing derate to: 5%
sky130_ef_sc_hd__decap_12 sky130_fd_sc_hd__decap_8 sky130_fd_sc_hd__decap_6 sky130_fd_sc_hd__decap_4 sky130_fd_sc_hd__decap_3 sky130_fd_sc_hd__fill*
[INFO DPL-0001] Placed 1801 filler instances.
Setting global connections for newly added cells…
[INFO] Setting global connections...
Updating metrics…
Cell type report:                       Count       Area
  Fill cell                              1929   13823.26
  Tap cell                                429     536.76
  Buffer                                    3      11.26
  Clock buffer                             39     586.81
  Timing Repair Buffer                    278    2498.65
  Inverter                                 33     123.87
  Clock inverter                           23     345.33
  Sequential cell                         282    6433.67
  Multi-Input combinational cell          718    6069.57
  Total                                  3734   30429.18
Writing OpenROAD database to '/home/duncan/sem3project_add/runs/RUN_2026-08-27_07-32-05/51-openroad-fillinsertion/dual_sensor_top.odb'…
Writing netlist to '/home/duncan/sem3project_add/runs/RUN_2026-08-27_07-32-05/51-openroad-fillinsertion/dual_sensor_top.nl.v'…
Writing powered netlist to '/home/duncan/sem3project_add/runs/RUN_2026-08-27_07-32-05/51-openroad-fillinsertion/dual_sensor_top.pnl.v'…
Writing layout to '/home/duncan/sem3project_add/runs/RUN_2026-08-27_07-32-05/51-openroad-fillinsertion/dual_sensor_top.def'…
Writing timing constraints to '/home/duncan/sem3project_add/runs/RUN_2026-08-27_07-32-05/51-openroad-fillinsertion/dual_sensor_top.sdc'…
