Reading OpenROAD database at '/home/duncan/sem3project_add/runs/RUN_2026-08-27_07-32-05/24-openroad-ioplacement/dual_sensor_top.odb'…
Reading library file at '/home/duncan/.volare/volare/sky130/versions/0fe599b2afb6708d281543108caf8310912f54af/sky130A/libs.ref/sky130_fd_sc_hd/lib/sky130_fd_sc_hd__tt_025C_1v80.lib'…
Reading design constraints file at '/nix/store/ss2cw3sxbrwwx9jl0rrppbw4kgcmgi2n-python3-3.11.9-env/lib/python3.11/site-packages/openlane/scripts/base.sdc'…
[INFO] Using clock clk_10mhz…
[INFO] Setting output delay to: 20.0
[INFO] Setting input delay to: 20.0
[INFO] Setting load to: 0.033442
[INFO] Setting clock uncertainty to: 0.25
[INFO] Setting clock transition to: 0.1499999999999999944488848768742172978818416595458984375
[INFO] Setting timing derate to: 5%
[INFO] Setting RC values…
[INFO] Setting signal min routing layer to: met1 and clock min routing layer to met1. 
[INFO] Setting signal max routing layer to: met5 and clock max routing layer to met5. 
+ global_placement -density 0.57134 -timing_driven -routability_driven -pad_right 0 -pad_left 0 -init_wirelength_coef 0.25
[INFO GPL-0002] DBU: 1000
[INFO GPL-0003] SiteSize: (  0.460  2.720 ) um
[INFO GPL-0004] CoreBBox: (  5.520 10.880 ) ( 180.320 184.960 ) um
[INFO GPL-0006] NumInstances:              1593
[INFO GPL-0007] NumPlaceInstances:         1036
[INFO GPL-0008] NumFixedInstances:          557
[INFO GPL-0009] NumDummyInstances:            0
[INFO GPL-0010] NumNets:                   1039
[INFO GPL-0011] NumPins:                   4010
[INFO GPL-0012] DieBBox:  (  0.000  0.000 ) ( 186.195 196.915 ) um
[INFO GPL-0013] CoreBBox: (  5.520 10.880 ) ( 180.320 184.960 ) um
[INFO GPL-0016] CoreArea:             30429.184 um^2
[INFO GPL-0017] NonPlaceInstsArea:     1017.226 um^2
[INFO GPL-0018] PlaceInstsArea:       13805.741 um^2
[INFO GPL-0019] Util:                    46.939 %
[INFO GPL-0020] StdInstsArea:         13805.741 um^2
[INFO GPL-0021] MacroInstsArea:           0.000 um^2
[InitialPlace]  Iter: 1 CG residual: 0.00295235 HPWL: 24376269
[InitialPlace]  Iter: 2 CG residual: 0.00066201 HPWL: 11465859
[InitialPlace]  Iter: 3 CG residual: 0.00038267 HPWL: 11481738
[InitialPlace]  Iter: 4 CG residual: 0.00030863 HPWL: 11513433
[InitialPlace]  Iter: 5 CG residual: 0.00011856 HPWL: 11526717
[InitialPlace]  Iter: 6 CG residual: 0.00007736 HPWL: 11531275
[InitialPlace]  Iter: 7 CG residual: 0.00010798 HPWL: 11531235
[InitialPlace]  Iter: 8 CG residual: 0.00013559 HPWL: 11531531
[InitialPlace]  Iter: 9 CG residual: 0.00006020 HPWL: 11551814
[InitialPlace]  Iter: 10 CG residual: 0.00007685 HPWL: 11535601
[InitialPlace]  Iter: 11 CG residual: 0.00003946 HPWL: 11556331
[InitialPlace]  Iter: 12 CG residual: 0.00005227 HPWL: 11543134
[InitialPlace]  Iter: 13 CG residual: 0.00004885 HPWL: 11552300
[InitialPlace]  Iter: 14 CG residual: 0.00004195 HPWL: 11541134
[InitialPlace]  Iter: 15 CG residual: 0.00003162 HPWL: 11558540
[InitialPlace]  Iter: 16 CG residual: 0.00004168 HPWL: 11545749
[InitialPlace]  Iter: 17 CG residual: 0.00004759 HPWL: 11561071
[InitialPlace]  Iter: 18 CG residual: 0.00004441 HPWL: 11546866
[InitialPlace]  Iter: 19 CG residual: 0.00003255 HPWL: 11563922
[InitialPlace]  Iter: 20 CG residual: 0.00002581 HPWL: 11550035
[INFO GPL-0031] FillerInit:NumGCells:      1265
[INFO GPL-0032] FillerInit:NumGNets:       1039
[INFO GPL-0033] FillerInit:NumGPins:       4010
[INFO GPL-0023] TargetDensity:            0.571
[INFO GPL-0024] AvrgPlaceInstArea:       13.326 um^2
[INFO GPL-0025] IdealBinArea:            23.324 um^2
[INFO GPL-0026] IdealBinCnt:               1304
[INFO GPL-0027] TotalBinArea:         30429.184 um^2
[INFO GPL-0028] BinCnt:        32     32
[INFO GPL-0029] BinSize: (  5.463  5.440 )
[INFO GPL-0030] NumBins: 1024
[NesterovSolve] Iter:    1 overflow: 0.958 HPWL: 3816658
[NesterovSolve] Iter:   10 overflow: 0.942 HPWL: 4163914
[NesterovSolve] Iter:   20 overflow: 0.935 HPWL: 4316497
[NesterovSolve] Iter:   30 overflow: 0.928 HPWL: 4380696
[NesterovSolve] Iter:   40 overflow: 0.924 HPWL: 4405969
[NesterovSolve] Iter:   50 overflow: 0.920 HPWL: 4423671
[NesterovSolve] Iter:   60 overflow: 0.920 HPWL: 4439585
[NesterovSolve] Iter:   70 overflow: 0.920 HPWL: 4442702
[NesterovSolve] Iter:   80 overflow: 0.920 HPWL: 4434854
[NesterovSolve] Iter:   90 overflow: 0.919 HPWL: 4426524
[NesterovSolve] Iter:  100 overflow: 0.919 HPWL: 4426452
[NesterovSolve] Iter:  110 overflow: 0.922 HPWL: 4436511
[NesterovSolve] Iter:  120 overflow: 0.922 HPWL: 4452630
[NesterovSolve] Iter:  130 overflow: 0.918 HPWL: 4476056
[NesterovSolve] Iter:  140 overflow: 0.911 HPWL: 4512266
[NesterovSolve] Iter:  150 overflow: 0.908 HPWL: 4578038
[NesterovSolve] Iter:  160 overflow: 0.905 HPWL: 4686117
[NesterovSolve] Iter:  170 overflow: 0.896 HPWL: 4872177
[NesterovSolve] Iter:  180 overflow: 0.883 HPWL: 5165802
[NesterovSolve] Iter:  190 overflow: 0.866 HPWL: 5575842
[NesterovSolve] Iter:  200 overflow: 0.855 HPWL: 6120223
[NesterovSolve] Iter:  210 overflow: 0.830 HPWL: 6744790
[NesterovSolve] Iter:  220 overflow: 0.802 HPWL: 7433538
[INFO GPL-0100] Timing-driven: executing resizer for reweighting nets.
[INFO GPL-0101] Timing-driven: worst slack 7.6e-08
[INFO GPL-0103] Timing-driven: weighted 103 nets.
[NesterovSolve] Iter:  230 overflow: 0.777 HPWL: 8198282
[NesterovSolve] Iter:  240 overflow: 0.740 HPWL: 9030441
[NesterovSolve] Iter:  250 overflow: 0.713 HPWL: 9761521
[NesterovSolve] Iter:  260 overflow: 0.677 HPWL: 10546764
[NesterovSolve] Iter:  270 overflow: 0.635 HPWL: 11329202
[INFO GPL-0100] Timing-driven: executing resizer for reweighting nets.
[INFO GPL-0101] Timing-driven: worst slack 7.59e-08
[INFO GPL-0103] Timing-driven: weighted 103 nets.
[NesterovSolve] Snapshot saved at iter = 277
[NesterovSolve] Iter:  280 overflow: 0.590 HPWL: 12006747
[NesterovSolve] Iter:  290 overflow: 0.546 HPWL: 12770183
[NesterovSolve] Iter:  300 overflow: 0.493 HPWL: 13388632
[INFO GPL-0100] Timing-driven: executing resizer for reweighting nets.
[INFO GPL-0101] Timing-driven: worst slack 7.58e-08
[INFO GPL-0103] Timing-driven: weighted 103 nets.
[NesterovSolve] Iter:  310 overflow: 0.439 HPWL: 13915981
[NesterovSolve] Iter:  320 overflow: 0.389 HPWL: 14324833
[NesterovSolve] Iter:  330 overflow: 0.344 HPWL: 14731261
[NesterovSolve] Iter:  340 overflow: 0.311 HPWL: 14873383
[INFO GPL-0075] Routability numCall: 1 inflationIterCnt: 1 bloatIterCnt: 0
[INFO GPL-0036] TileBBox: (    0    0 ) ( 6900 6900 ) DBU
[INFO GPL-0038] TileCnt:      26   28
[INFO GPL-0040] NumTiles: 728
[INFO GPL-0081] TotalRouteOverflow: 0
[INFO GPL-0082] OverflowTileCnt: 0
[INFO GPL-0083] 0.5%RC: 0.7954728901386261
[INFO GPL-0084] 1.0%RC: 0.7742500677704811
[INFO GPL-0085] 2.0%RC: 0.751542333761851
[INFO GPL-0086] 5.0%RC: 0.7133724028999741
[INFO GPL-0087] FinalRC: 0.7848615
[INFO GPL-0077] FinalRC lower than targetRC(1.01), routability not needed.
[INFO GPL-0100] Timing-driven: executing resizer for reweighting nets.
[INFO GPL-0101] Timing-driven: worst slack 7.58e-08
[INFO GPL-0103] Timing-driven: weighted 103 nets.
[NesterovSolve] Iter:  350 overflow: 0.273 HPWL: 15122165
[NesterovSolve] Iter:  360 overflow: 0.246 HPWL: 15282446
[NesterovSolve] Iter:  370 overflow: 0.212 HPWL: 15388239
[INFO GPL-0100] Timing-driven: executing resizer for reweighting nets.
[INFO GPL-0101] Timing-driven: worst slack 7.56e-08
[INFO GPL-0103] Timing-driven: weighted 103 nets.
[NesterovSolve] Iter:  380 overflow: 0.183 HPWL: 15504174
[NesterovSolve] Iter:  390 overflow: 0.157 HPWL: 15638458
[INFO GPL-0100] Timing-driven: executing resizer for reweighting nets.
[INFO GPL-0101] Timing-driven: worst slack 7.57e-08
[INFO GPL-0103] Timing-driven: weighted 103 nets.
[NesterovSolve] Iter:  400 overflow: 0.134 HPWL: 15750116
[NesterovSolve] Iter:  410 overflow: 0.109 HPWL: 15872433
[NesterovSolve] Finished with Overflow: 0.098823
[INFO] Setting RC values…
Setting global connections for newly added cells…
[INFO] Setting global connections...
Updating metrics…
Cell type report:                       Count       Area
  Fill cell                               128     480.46
  Tap cell                                429     536.76
  Buffer                                    3      13.76
  Inverter                                 33     123.87
  Sequential cell                         282    6728.95
  Multi-Input combinational cell          718    6939.16
  Total                                  1593   14822.97
Writing OpenROAD database to '/home/duncan/sem3project_add/runs/RUN_2026-08-27_07-32-05/27-openroad-globalplacement/dual_sensor_top.odb'…
Writing netlist to '/home/duncan/sem3project_add/runs/RUN_2026-08-27_07-32-05/27-openroad-globalplacement/dual_sensor_top.nl.v'…
Writing powered netlist to '/home/duncan/sem3project_add/runs/RUN_2026-08-27_07-32-05/27-openroad-globalplacement/dual_sensor_top.pnl.v'…
Writing layout to '/home/duncan/sem3project_add/runs/RUN_2026-08-27_07-32-05/27-openroad-globalplacement/dual_sensor_top.def'…
Writing timing constraints to '/home/duncan/sem3project_add/runs/RUN_2026-08-27_07-32-05/27-openroad-globalplacement/dual_sensor_top.sdc'…
